Command: /home/faculty1/VLSI_PRIME_2026_EvEN/Maadeash K/RISC-V(Pipelined)/run/./simv +UVM_TESTNAME=rv32i_forwarding_test -cm line+cond+tgl+fsm+branch+assert -cm_name forwarding -cm_dir simv.vdb -l logs/forwarding.log
Chronologic VCS simulator copyright 1991-2025
Contains Synopsys proprietary information.
Compiler version X-2025.06-SP2-1_Full64; Runtime version X-2025.06-SP2-1_Full64;  Aug  4 08:05 2026
UVM_INFO /synopsys/tools/vcs/vcs/X-2025.06-SP2-1/vcs/X-2025.06-SP2-1/etc/uvm-1.2/base/uvm_root.svh(407) @ 0: reporter [UVM/RELNOTES] 
----------------------------------------------------------------
UVM-1.2.Synopsys
(C) 2007-2014 Mentor Graphics Corporation
(C) 2007-2014 Cadence Design Systems, Inc.
(C) 2006-2014 Synopsys, Inc.
(C) 2011-2013 Cypress Semiconductor Corp.
(C) 2013-2014 NVIDIA Corporation
----------------------------------------------------------------

  ***********       IMPORTANT RELEASE NOTES         ************

  You are using a version of the UVM library that has been compiled
  with `UVM_NO_DEPRECATED undefined.
  See http://www.eda.org/svdb/view.php?id=3313 for more details.

  You are using a version of the UVM library that has been compiled
  with `UVM_OBJECT_DO_NOT_NEED_CONSTRUCTOR undefined.
  See http://www.eda.org/svdb/view.php?id=3770 for more details.

      (Specify +UVM_NO_RELNOTES to turn off this notice)

UVM_INFO @ 0: reporter [RNTST] Running test rv32i_forwarding_test...
UVM_INFO /synopsys/tools/vcs/vcs/X-2025.06-SP2-1/vcs/X-2025.06-SP2-1/etc/uvm-1.2/base/uvm_root.svh(594) @ 0: reporter [UVMTOP] UVM testbench topology:
------------------------------------------------------------------
Name                       Type                        Size  Value
------------------------------------------------------------------
uvm_test_top               rv32i_forwarding_test       -     @348 
  env                      rv32i_env                   -     @361 
    agent                  rv32i_agent                 -     @370 
      ap_all               uvm_analysis_port           -     @613 
      ap_mem               uvm_analysis_port           -     @593 
      ap_trap              uvm_analysis_port           -     @603 
      ap_wb                uvm_analysis_port           -     @583 
      driver               rv32i_driver                -     @545 
        rsp_port           uvm_analysis_port           -     @564 
        seq_item_port      uvm_seq_item_pull_port      -     @554 
      monitor              rv32i_monitor               -     @574 
        ap_all             uvm_analysis_port           -     @654 
        ap_mem             uvm_analysis_port           -     @634 
        ap_trap            uvm_analysis_port           -     @644 
        ap_wb              uvm_analysis_port           -     @624 
      sequencer            rv32i_sequencer             -     @408 
        rsp_export         uvm_analysis_export         -     @417 
        seq_item_export    uvm_seq_item_pull_imp       -     @535 
        arbitration_queue  array                       0     -    
        lock_queue         array                       0     -    
        num_last_reqs      integral                    32    'd1  
        num_last_rsps      integral                    32    'd1  
    coverage               rv32i_coverage              -     @388 
      analysis_imp         uvm_analysis_imp            -     @397 
    scoreboard             rv32i_scoreboard            -     @379 
      mem_fifo             uvm_tlm_analysis_fifo #(T)  -     @729 
        analysis_export    uvm_analysis_imp            -     @778 
        get_ap             uvm_analysis_port           -     @768 
        get_peek_export    uvm_get_peek_imp            -     @748 
        put_ap             uvm_analysis_port           -     @758 
        put_export         uvm_put_imp                 -     @738 
      trap_fifo            uvm_tlm_analysis_fifo #(T)  -     @788 
        analysis_export    uvm_analysis_imp            -     @837 
        get_ap             uvm_analysis_port           -     @827 
        get_peek_export    uvm_get_peek_imp            -     @807 
        put_ap             uvm_analysis_port           -     @817 
        put_export         uvm_put_imp                 -     @797 
      wb_fifo              uvm_tlm_analysis_fifo #(T)  -     @670 
        analysis_export    uvm_analysis_imp            -     @719 
        get_ap             uvm_analysis_port           -     @709 
        get_peek_export    uvm_get_peek_imp            -     @689 
        put_ap             uvm_analysis_port           -     @699 
        put_export         uvm_put_imp                 -     @679 
------------------------------------------------------------------

UVM_INFO ../UVM_VIP/rv32i_sequence_lib.sv(592) @ 0: uvm_test_top.env.agent.sequencer@@seq [seq] === Forwarding Sequence START ===
PIPE_DBG: t=5 ifid_v=x idex_v=x exmem_v=x memwb_v=x | idex_rd=x idex_rs1=x idex_rs2=x | exmem_rd=x exmem_rw=x | memwb_rd=x 		    memwb_rw=x | fwdA=x fwdB=x

========== CSR WRITE ==========
TIME=5
csr_we    = x
csr_cmd   = x
csr_addr  = xxx
csr_raddr = xxx
csr_wdata = xxxxxxxx
OLD VALUE = 00000000

========== CSR WRITE ==========
TIME=6
csr_we    = 0
csr_cmd   = x
csr_addr  = xxx
csr_raddr = xxx
csr_wdata = xxxxxxxx
OLD VALUE = 00000000

========== PIPE ==========
TIME=6
PC          = xxxxxxxx
IFID_VALID  = x
IFID_INSTR  = xxxxxxxx
IDEX_PC     = xxxxxxxx
EXMEM_RD    = x
MEMWB_RD    = x
WB_DATA     = xxxxxxxx
redirect    = x
flush       = x

========== CSR READ ==========
TIME=6
csr_raddr = 000
csr_rdata = 00000000
FWD_DBG: t=6 Rs1E=x Rs2E=x RdM=x RdW=0 RWM=x RWW=0 MRM=x -> A=0 B=0

========== PIPE ==========
TIME=15
PC          = 00000000
IFID_VALID  = 0
IFID_INSTR  = 00000000
IDEX_PC     = xxxxxxxx
EXMEM_RD    = x
MEMWB_RD    = 0
WB_DATA     = 00000000
redirect    = 0
flush       = 0

========== CSR WRITE ==========
TIME=15
csr_we    = 0
csr_cmd   = 0
csr_addr  = 000
csr_raddr = 000
csr_wdata = 00000000
OLD VALUE = 00000000

========== PIPE ==========
TIME=25
PC          = 00000000
IFID_VALID  = 0
IFID_INSTR  = 00000000
IDEX_PC     = xxxxxxxx
EXMEM_RD    = x
MEMWB_RD    = 0
WB_DATA     = 00000000
redirect    = 0
flush       = 0

========== CSR WRITE ==========
TIME=25
csr_we    = 0
csr_cmd   = 0
csr_addr  = 000
csr_raddr = 000
csr_wdata = 00000000
OLD VALUE = 00000000

========== PIPE ==========
TIME=35
PC          = 00000000
IFID_VALID  = 0
IFID_INSTR  = 00000000
IDEX_PC     = xxxxxxxx
EXMEM_RD    = x
MEMWB_RD    = 0
WB_DATA     = 00000000
redirect    = 0
flush       = 0

========== CSR WRITE ==========
TIME=35
csr_we    = 0
csr_cmd   = 0
csr_addr  = 000
csr_raddr = 000
csr_wdata = 00000000
OLD VALUE = 00000000

========== PIPE ==========
TIME=45
PC          = 00000000
IFID_VALID  = 0
IFID_INSTR  = 00000000
IDEX_PC     = xxxxxxxx
EXMEM_RD    = x
MEMWB_RD    = 0
WB_DATA     = 00000000
redirect    = 0
flush       = 0

========== CSR WRITE ==========
TIME=45
csr_we    = 0
csr_cmd   = 0
csr_addr  = 000
csr_raddr = 000
csr_wdata = 00000000
OLD VALUE = 00000000

========== PIPE ==========
TIME=55
PC          = 00000000
IFID_VALID  = 0
IFID_INSTR  = 00000000
IDEX_PC     = xxxxxxxx
EXMEM_RD    = x
MEMWB_RD    = 0
WB_DATA     = 00000000
redirect    = 0
flush       = 0

========== CSR WRITE ==========
TIME=55
csr_we    = 0
csr_cmd   = 0
csr_addr  = 000
csr_raddr = 000
csr_wdata = 00000000
OLD VALUE = 00000000

========== PIPE ==========
TIME=65
PC          = 00000000
IFID_VALID  = 0
IFID_INSTR  = 00000000
IDEX_PC     = xxxxxxxx
EXMEM_RD    = x
MEMWB_RD    = 0
WB_DATA     = 00000000
redirect    = 0
flush       = 0

========== CSR WRITE ==========
TIME=65
csr_we    = 0
csr_cmd   = 0
csr_addr  = 000
csr_raddr = 000
csr_wdata = 00000000
OLD VALUE = 00000000

========== PIPE ==========
TIME=75
PC          = 00000000
IFID_VALID  = 0
IFID_INSTR  = 00000000
IDEX_PC     = xxxxxxxx
EXMEM_RD    = x
MEMWB_RD    = 0
WB_DATA     = 00000000
redirect    = 0
flush       = 0

========== CSR WRITE ==========
TIME=75
csr_we    = 0
csr_cmd   = 0
csr_addr  = 000
csr_raddr = 000
csr_wdata = 00000000
OLD VALUE = 00000000
UVM_INFO ../UVM_VIP/rv32i_driver.sv(77) @ 75: uvm_test_top.env.agent.driver [DRV] Reset asserted

========== PIPE ==========
TIME=85
PC          = 00000000
IFID_VALID  = 0
IFID_INSTR  = 00000000
IDEX_PC     = xxxxxxxx
EXMEM_RD    = x
MEMWB_RD    = 0
WB_DATA     = 00000000
redirect    = 0
flush       = 0

========== CSR WRITE ==========
TIME=85
csr_we    = 0
csr_cmd   = 0
csr_addr  = 000
csr_raddr = 000
csr_wdata = 00000000
OLD VALUE = 00000000

========== PIPE ==========
TIME=95
PC          = 00000000
IFID_VALID  = 0
IFID_INSTR  = 00000000
IDEX_PC     = xxxxxxxx
EXMEM_RD    = x
MEMWB_RD    = 0
WB_DATA     = 00000000
redirect    = 0
flush       = 0

========== CSR WRITE ==========
TIME=95
csr_we    = 0
csr_cmd   = 0
csr_addr  = 000
csr_raddr = 000
csr_wdata = 00000000
OLD VALUE = 00000000

========== PIPE ==========
TIME=105
PC          = 00000000
IFID_VALID  = 0
IFID_INSTR  = 00000000
IDEX_PC     = xxxxxxxx
EXMEM_RD    = x
MEMWB_RD    = 0
WB_DATA     = 00000000
redirect    = 0
flush       = 0

========== CSR WRITE ==========
TIME=105
csr_we    = 0
csr_cmd   = 0
csr_addr  = 000
csr_raddr = 000
csr_wdata = 00000000
OLD VALUE = 00000000

========== PIPE ==========
TIME=115
PC          = 00000000
IFID_VALID  = 0
IFID_INSTR  = 00000000
IDEX_PC     = xxxxxxxx
EXMEM_RD    = x
MEMWB_RD    = 0
WB_DATA     = 00000000
redirect    = 0
flush       = 0

========== CSR WRITE ==========
TIME=115
csr_we    = 0
csr_cmd   = 0
csr_addr  = 000
csr_raddr = 000
csr_wdata = 00000000
OLD VALUE = 00000000

========== PIPE ==========
TIME=125
PC          = 00000000
IFID_VALID  = 0
IFID_INSTR  = 00000000
IDEX_PC     = xxxxxxxx
EXMEM_RD    = x
MEMWB_RD    = 0
WB_DATA     = 00000000
redirect    = 0
flush       = 0

========== CSR WRITE ==========
TIME=125
csr_we    = 0
csr_cmd   = 0
csr_addr  = 000
csr_raddr = 000
csr_wdata = 00000000
OLD VALUE = 00000000
UVM_INFO ../UVM_VIP/rv32i_driver.sv(77) @ 125: uvm_test_top.env.agent.driver [DRV] Reset asserted

========== PIPE ==========
TIME=135
PC          = 00000000
IFID_VALID  = 0
IFID_INSTR  = 00000000
IDEX_PC     = xxxxxxxx
EXMEM_RD    = x
MEMWB_RD    = 0
WB_DATA     = 00000000
redirect    = 0
flush       = 0

========== CSR WRITE ==========
TIME=135
csr_we    = 0
csr_cmd   = 0
csr_addr  = 000
csr_raddr = 000
csr_wdata = 00000000
OLD VALUE = 00000000

========== PIPE ==========
TIME=145
PC          = 00000000
IFID_VALID  = 0
IFID_INSTR  = 00000000
IDEX_PC     = xxxxxxxx
EXMEM_RD    = x
MEMWB_RD    = 0
WB_DATA     = 00000000
redirect    = 0
flush       = 0

========== CSR WRITE ==========
TIME=145
csr_we    = 0
csr_cmd   = 0
csr_addr  = 000
csr_raddr = 000
csr_wdata = 00000000
OLD VALUE = 00000000

========== PIPE ==========
TIME=155
PC          = 00000000
IFID_VALID  = 0
IFID_INSTR  = 00000000
IDEX_PC     = xxxxxxxx
EXMEM_RD    = x
MEMWB_RD    = 0
WB_DATA     = 00000000
redirect    = 0
flush       = 0

========== CSR WRITE ==========
TIME=155
csr_we    = 0
csr_cmd   = 0
csr_addr  = 000
csr_raddr = 000
csr_wdata = 00000000
OLD VALUE = 00000000

========== PIPE ==========
TIME=165
PC          = 00000000
IFID_VALID  = 0
IFID_INSTR  = 00000000
IDEX_PC     = xxxxxxxx
EXMEM_RD    = x
MEMWB_RD    = 0
WB_DATA     = 00000000
redirect    = 0
flush       = 0

========== CSR WRITE ==========
TIME=165
csr_we    = 0
csr_cmd   = 0
csr_addr  = 000
csr_raddr = 000
csr_wdata = 00000000
OLD VALUE = 00000000

========== PIPE ==========
TIME=175
PC          = 00000000
IFID_VALID  = 0
IFID_INSTR  = 00000000
IDEX_PC     = xxxxxxxx
EXMEM_RD    = x
MEMWB_RD    = 0
WB_DATA     = 00000000
redirect    = 0
flush       = 0

========== CSR WRITE ==========
TIME=175
csr_we    = 0
csr_cmd   = 0
csr_addr  = 000
csr_raddr = 000
csr_wdata = 00000000
OLD VALUE = 00000000
UVM_INFO ../UVM_VIP/rv32i_driver.sv(77) @ 175: uvm_test_top.env.agent.driver [DRV] Reset asserted

========== PIPE ==========
TIME=185
PC          = 00000000
IFID_VALID  = 0
IFID_INSTR  = 00000000
IDEX_PC     = xxxxxxxx
EXMEM_RD    = x
MEMWB_RD    = 0
WB_DATA     = 00000000
redirect    = 0
flush       = 0

========== CSR WRITE ==========
TIME=185
csr_we    = 0
csr_cmd   = 0
csr_addr  = 000
csr_raddr = 000
csr_wdata = 00000000
OLD VALUE = 00000000

========== PIPE ==========
TIME=195
PC          = 00000000
IFID_VALID  = 0
IFID_INSTR  = 00000000
IDEX_PC     = xxxxxxxx
EXMEM_RD    = x
MEMWB_RD    = 0
WB_DATA     = 00000000
redirect    = 0
flush       = 0

========== CSR WRITE ==========
TIME=195
csr_we    = 0
csr_cmd   = 0
csr_addr  = 000
csr_raddr = 000
csr_wdata = 00000000
OLD VALUE = 00000000

========== PIPE ==========
TIME=205
PC          = 00000000
IFID_VALID  = 0
IFID_INSTR  = 00000000
IDEX_PC     = xxxxxxxx
EXMEM_RD    = x
MEMWB_RD    = 0
WB_DATA     = 00000000
redirect    = 0
flush       = 0

========== CSR WRITE ==========
TIME=205
csr_we    = 0
csr_cmd   = 0
csr_addr  = 000
csr_raddr = 000
csr_wdata = 00000000
OLD VALUE = 00000000

========== PIPE ==========
TIME=215
PC          = 00000000
IFID_VALID  = 0
IFID_INSTR  = 00000000
IDEX_PC     = xxxxxxxx
EXMEM_RD    = x
MEMWB_RD    = 0
WB_DATA     = 00000000
redirect    = 0
flush       = 0

========== CSR WRITE ==========
TIME=215
csr_we    = 0
csr_cmd   = 0
csr_addr  = 000
csr_raddr = 000
csr_wdata = 00000000
OLD VALUE = 00000000

========== PIPE ==========
TIME=225
PC          = 00000000
IFID_VALID  = 0
IFID_INSTR  = 00000000
IDEX_PC     = xxxxxxxx
EXMEM_RD    = x
MEMWB_RD    = 0
WB_DATA     = 00000000
redirect    = 0
flush       = 0

========== CSR WRITE ==========
TIME=225
csr_we    = 0
csr_cmd   = 0
csr_addr  = 000
csr_raddr = 000
csr_wdata = 00000000
OLD VALUE = 00000000
UVM_INFO ../UVM_VIP/rv32i_driver.sv(77) @ 225: uvm_test_top.env.agent.driver [DRV] Reset asserted

========== PIPE ==========
TIME=235
PC          = 00000000
IFID_VALID  = 0
IFID_INSTR  = 00000000
IDEX_PC     = xxxxxxxx
EXMEM_RD    = x
MEMWB_RD    = 0
WB_DATA     = 00000000
redirect    = 0
flush       = 0

========== CSR WRITE ==========
TIME=235
csr_we    = 0
csr_cmd   = 0
csr_addr  = 000
csr_raddr = 000
csr_wdata = 00000000
OLD VALUE = 00000000

========== PIPE ==========
TIME=245
PC          = 00000000
IFID_VALID  = 0
IFID_INSTR  = 00000000
IDEX_PC     = xxxxxxxx
EXMEM_RD    = x
MEMWB_RD    = 0
WB_DATA     = 00000000
redirect    = 0
flush       = 0

========== CSR WRITE ==========
TIME=245
csr_we    = 0
csr_cmd   = 0
csr_addr  = 000
csr_raddr = 000
csr_wdata = 00000000
OLD VALUE = 00000000

========== PIPE ==========
TIME=255
PC          = 00000000
IFID_VALID  = 0
IFID_INSTR  = 00000000
IDEX_PC     = xxxxxxxx
EXMEM_RD    = x
MEMWB_RD    = 0
WB_DATA     = 00000000
redirect    = 0
flush       = 0

========== CSR WRITE ==========
TIME=255
csr_we    = 0
csr_cmd   = 0
csr_addr  = 000
csr_raddr = 000
csr_wdata = 00000000
OLD VALUE = 00000000

========== PIPE ==========
TIME=265
PC          = 00000000
IFID_VALID  = 0
IFID_INSTR  = 00000000
IDEX_PC     = xxxxxxxx
EXMEM_RD    = x
MEMWB_RD    = 0
WB_DATA     = 00000000
redirect    = 0
flush       = 0

========== CSR WRITE ==========
TIME=265
csr_we    = 0
csr_cmd   = 0
csr_addr  = 000
csr_raddr = 000
csr_wdata = 00000000
OLD VALUE = 00000000

========== PIPE ==========
TIME=275
PC          = 00000000
IFID_VALID  = 0
IFID_INSTR  = 00000000
IDEX_PC     = xxxxxxxx
EXMEM_RD    = x
MEMWB_RD    = 0
WB_DATA     = 00000000
redirect    = 0
flush       = 0

========== CSR WRITE ==========
TIME=275
csr_we    = 0
csr_cmd   = 0
csr_addr  = 000
csr_raddr = 000
csr_wdata = 00000000
OLD VALUE = 00000000
UVM_INFO ../UVM_VIP/rv32i_driver.sv(77) @ 275: uvm_test_top.env.agent.driver [DRV] Reset asserted
UVM_INFO ../UVM_VIP/rv32i_sequence_lib.sv(252) @ 275: uvm_test_top.env.agent.sequencer@@seq [seq] Reset sequence complete
UVM_INFO ../UVM_VIP/rv32i_driver.sv(83) @ 275: uvm_test_top.env.agent.driver [DRV_LOAD] Loading IMEM[0] = 00a00093
PIPE_DBG: t=285 ifid_v=0 idex_v=0 exmem_v=0 memwb_v=0 | idex_rd=x idex_rs1=x idex_rs2=x | exmem_rd=x exmem_rw=x | memwb_rd=0 		    memwb_rw=0 | fwdA=0 fwdB=0

========== CSR WRITE ==========
TIME=285
csr_we    = 0
csr_cmd   = 0
csr_addr  = 000
csr_raddr = 000
csr_wdata = 00000000
OLD VALUE = 00000000
UVM_INFO ../UVM_VIP/rv32i_driver.sv(83) @ 285: uvm_test_top.env.agent.driver [DRV_LOAD] Loading IMEM[1] = 00008133
PIPE_DBG: t=295 ifid_v=0 idex_v=0 exmem_v=0 memwb_v=0 | idex_rd=x idex_rs1=x idex_rs2=x | exmem_rd=x exmem_rw=x | memwb_rd=0 		    memwb_rw=0 | fwdA=0 fwdB=0

========== CSR WRITE ==========
TIME=295
csr_we    = 0
csr_cmd   = 0
csr_addr  = 000
csr_raddr = 000
csr_wdata = 00000000
OLD VALUE = 00000000

========== CSR READ ==========
TIME=295
csr_raddr = 00a
csr_rdata = 00000000
UVM_INFO ../UVM_VIP/rv32i_driver.sv(83) @ 295: uvm_test_top.env.agent.driver [DRV_LOAD] Loading IMEM[2] = 00000013
PIPE_DBG: t=305 ifid_v=1 idex_v=0 exmem_v=0 memwb_v=0 | idex_rd=x idex_rs1=x idex_rs2=x | exmem_rd=x exmem_rw=x | memwb_rd=0 		    memwb_rw=0 | fwdA=0 fwdB=0
========== ID/EX LOAD ==========
IFID_INSTR = 00a00093
IMM_EXT    = 0000000a
IMM_SRC    = 000
OPCODE     = 13
IDEX_CSR_READ_CAPTURE: instr=00a00093 csr_rdata_now=00000000

========== CSR WRITE ==========
TIME=305
csr_we    = 0
csr_cmd   = 0
csr_addr  = 000
csr_raddr = 00a
csr_wdata = 00000000
OLD VALUE = 00000000
FWD_DBG: t=305 Rs1E=0 Rs2E=10 RdM=x RdW=0 RWM=x RWW=0 MRM=x -> A=0 B=0
UVM_INFO ../UVM_VIP/rv32i_driver.sv(83) @ 305: uvm_test_top.env.agent.driver [DRV_LOAD] Loading IMEM[3] = 000101b3
PIPE_DBG: t=315 ifid_v=0 idex_v=1 exmem_v=0 memwb_v=0 | idex_rd=1 idex_rs1=0 idex_rs2=10 | exmem_rd=x exmem_rw=x | memwb_rd=0 		    memwb_rw=0 | fwdA=0 fwdB=0
EXMEM_RD        = 1
EXMEM_RESULTSRC = 0
EXMEM_CSR_READ_CAPTURE: idex_csr_read_now=00000000

========== CSR WRITE ==========
TIME=315
csr_we    = 0
csr_cmd   = 0
csr_addr  = 000
csr_raddr = 00a
csr_wdata = 00000000
OLD VALUE = 00000000
FWD_DBG: t=315 Rs1E=0 Rs2E=10 RdM=1 RdW=0 RWM=1 RWW=0 MRM=0 -> A=0 B=0
UVM_INFO ../UVM_VIP/rv32i_driver.sv(83) @ 315: uvm_test_top.env.agent.driver [DRV_LOAD] Loading IMEM[4] = 00500213
PIPE_DBG: t=325 ifid_v=0 idex_v=0 exmem_v=1 memwb_v=0 | idex_rd=1 idex_rs1=0 idex_rs2=10 | exmem_rd=1 exmem_rw=1 | memwb_rd=0 		    memwb_rw=0 | fwdA=0 fwdB=0
EXMEM : rd=1 pc4=00000004 alu=0000000a resultsrc=0
MEMWB_RD        = 1
MEMWB_RESULTSRC = 0
MEMWB_WDATA     = 00000000

========== CSR WRITE ==========
TIME=325
csr_we    = 0
csr_cmd   = 0
csr_addr  = 000
csr_raddr = 00a
csr_wdata = 00000000
OLD VALUE = 00000000

========== CSR READ ==========
TIME=325
csr_raddr = 000
csr_rdata = 00000000
FWD_DBG: t=325 Rs1E=0 Rs2E=10 RdM=1 RdW=1 RWM=1 RWW=1 MRM=0 -> A=0 B=0
UVM_INFO ../UVM_VIP/rv32i_driver.sv(83) @ 325: uvm_test_top.env.agent.driver [DRV_LOAD] Loading IMEM[5] = 00300293
PIPE_DBG: t=335 ifid_v=1 idex_v=0 exmem_v=0 memwb_v=1 | idex_rd=1 idex_rs1=0 idex_rs2=10 | exmem_rd=1 exmem_rw=1 | memwb_rd=1 		    memwb_rw=1 | fwdA=0 fwdB=0
WB : rd=1 wdata=0000000a resultsrc=0
====================================
TIME=335
Instruction = 00008133
IDEX_PC      = 00000000
IDEX_RV1     = 00000000
IDEX_RV2     = 00000000
IDEX_IMM     = 0000000a
ALU_A        = 00000000
ALU_B        = 0000000a
ALU_CTRL     = 0
ALU_RES      = 0000000a
========== ID/EX LOAD ==========
IFID_INSTR = 00008133
IMM_EXT    = 00000000
IMM_SRC    = 000
OPCODE     = 33
IDEX_CSR_READ_CAPTURE: instr=00008133 csr_rdata_now=00000000

========== CSR WRITE ==========
TIME=335
csr_we    = 0
csr_cmd   = 0
csr_addr  = 00a
csr_raddr = 000
csr_wdata = 00000000
OLD VALUE = 00000000
FWD_DBG: t=335 Rs1E=1 Rs2E=0 RdM=1 RdW=1 RWM=1 RWW=1 MRM=0 -> A=2 B=0
UVM_INFO ../UVM_VIP/rv32i_scoreboard.sv(154) @ 335: uvm_test_top.env.scoreboard [SB_WB] [cyc=34] PASS: x1=0x0000000a (ADDI x1=10)
UVM_INFO ../UVM_VIP/rv32i_driver.sv(83) @ 335: uvm_test_top.env.agent.driver [DRV_LOAD] Loading IMEM[6] = 00520333
PIPE_DBG: t=345 ifid_v=0 idex_v=1 exmem_v=0 memwb_v=0 | idex_rd=2 idex_rs1=1 idex_rs2=0 | exmem_rd=1 exmem_rw=1 | memwb_rd=1 		    memwb_rw=1 | fwdA=2 fwdB=0
EXMEM_RD        = 2
EXMEM_RESULTSRC = 0
EXMEM_CSR_READ_CAPTURE: idex_csr_read_now=00000000

========== CSR WRITE ==========
TIME=345
csr_we    = 0
csr_cmd   = 0
csr_addr  = 00a
csr_raddr = 000
csr_wdata = 00000000
OLD VALUE = 00000000
FWD_DBG: t=345 Rs1E=1 Rs2E=0 RdM=2 RdW=1 RWM=1 RWW=1 MRM=0 -> A=1 B=0
UVM_INFO ../UVM_VIP/rv32i_driver.sv(83) @ 345: uvm_test_top.env.agent.driver [DRV_LOAD] Loading IMEM[7] = 00300913
PIPE_DBG: t=355 ifid_v=0 idex_v=0 exmem_v=1 memwb_v=0 | idex_rd=2 idex_rs1=1 idex_rs2=0 | exmem_rd=2 exmem_rw=1 | memwb_rd=1 		    memwb_rw=1 | fwdA=1 fwdB=0
EXMEM : rd=2 pc4=00000008 alu=0000000a resultsrc=0
MEMWB_RD        = 2
MEMWB_RESULTSRC = 0
MEMWB_WDATA     = 0000000a

========== CSR WRITE ==========
TIME=355
csr_we    = 0
csr_cmd   = 0
csr_addr  = 00a
csr_raddr = 000
csr_wdata = 00000000
OLD VALUE = 00000000
FWD_DBG: t=355 Rs1E=1 Rs2E=0 RdM=2 RdW=2 RWM=1 RWW=1 MRM=0 -> A=0 B=0
UVM_INFO ../UVM_VIP/rv32i_driver.sv(83) @ 355: uvm_test_top.env.agent.driver [DRV_LOAD] Loading IMEM[8] = 012909b3
PIPE_DBG: t=365 ifid_v=1 idex_v=0 exmem_v=0 memwb_v=1 | idex_rd=2 idex_rs1=1 idex_rs2=0 | exmem_rd=2 exmem_rw=1 | memwb_rd=2 		    memwb_rw=1 | fwdA=0 fwdB=0
WB : rd=2 wdata=0000000a resultsrc=0
====================================
TIME=365
Instruction = 00000013
IDEX_PC      = 00000004
IDEX_RV1     = 00000000
IDEX_RV2     = 00000000
IDEX_IMM     = 00000000
ALU_A        = 00000000
ALU_B        = 00000000
ALU_CTRL     = 0
ALU_RES      = 00000000
========== ID/EX LOAD ==========
IFID_INSTR = 00000013
IMM_EXT    = 00000000
IMM_SRC    = 000
OPCODE     = 13
IDEX_CSR_READ_CAPTURE: instr=00000013 csr_rdata_now=00000000

========== CSR WRITE ==========
TIME=365
csr_we    = 0
csr_cmd   = 0
csr_addr  = 000
csr_raddr = 000
csr_wdata = 0000000a
OLD VALUE = 00000000
FWD_DBG: t=365 Rs1E=0 Rs2E=0 RdM=2 RdW=2 RWM=1 RWW=1 MRM=0 -> A=0 B=0
UVM_INFO ../UVM_VIP/rv32i_scoreboard.sv(154) @ 365: uvm_test_top.env.scoreboard [SB_WB] [cyc=37] PASS: x2=0x0000000a (ADD fwd x2=10)
UVM_INFO ../UVM_VIP/rv32i_driver.sv(83) @ 365: uvm_test_top.env.agent.driver [DRV_LOAD] Loading IMEM[9] = 00400a13
PIPE_DBG: t=375 ifid_v=0 idex_v=1 exmem_v=0 memwb_v=0 | idex_rd=0 idex_rs1=0 idex_rs2=0 | exmem_rd=2 exmem_rw=1 | memwb_rd=2 		    memwb_rw=1 | fwdA=0 fwdB=0
EXMEM_RD        = 0
EXMEM_RESULTSRC = 0
EXMEM_CSR_READ_CAPTURE: idex_csr_read_now=00000000

========== CSR WRITE ==========
TIME=375
csr_we    = 0
csr_cmd   = 0
csr_addr  = 000
csr_raddr = 000
csr_wdata = 0000000a
OLD VALUE = 00000000
FWD_DBG: t=375 Rs1E=0 Rs2E=0 RdM=0 RdW=2 RWM=1 RWW=1 MRM=0 -> A=0 B=0
UVM_INFO ../UVM_VIP/rv32i_driver.sv(83) @ 375: uvm_test_top.env.agent.driver [DRV_LOAD] Loading IMEM[10] = 00500a93
PIPE_DBG: t=385 ifid_v=0 idex_v=0 exmem_v=1 memwb_v=0 | idex_rd=0 idex_rs1=0 idex_rs2=0 | exmem_rd=0 exmem_rw=1 | memwb_rd=2 		    memwb_rw=1 | fwdA=0 fwdB=0
EXMEM : rd=0 pc4=0000000c alu=00000000 resultsrc=0
MEMWB_RD        = 0
MEMWB_RESULTSRC = 0
MEMWB_WDATA     = 0000000a

========== CSR WRITE ==========
TIME=385
csr_we    = 0
csr_cmd   = 0
csr_addr  = 000
csr_raddr = 000
csr_wdata = 0000000a
OLD VALUE = 00000000
FWD_DBG: t=385 Rs1E=0 Rs2E=0 RdM=0 RdW=0 RWM=1 RWW=1 MRM=0 -> A=0 B=0
UVM_INFO ../UVM_VIP/rv32i_driver.sv(83) @ 385: uvm_test_top.env.agent.driver [DRV_LOAD] Loading IMEM[11] = 014a8b33
PIPE_DBG: t=395 ifid_v=1 idex_v=0 exmem_v=0 memwb_v=1 | idex_rd=0 idex_rs1=0 idex_rs2=0 | exmem_rd=0 exmem_rw=1 | memwb_rd=0 		    memwb_rw=1 | fwdA=0 fwdB=0
WB : rd=0 wdata=00000000 resultsrc=0
====================================
TIME=395
Instruction = 000101b3
IDEX_PC      = 00000008
IDEX_RV1     = 00000000
IDEX_RV2     = 00000000
IDEX_IMM     = 00000000
ALU_A        = 00000000
ALU_B        = 00000000
ALU_CTRL     = 0
ALU_RES      = 00000000
========== ID/EX LOAD ==========
IFID_INSTR = 000101b3
IMM_EXT    = 00000000
IMM_SRC    = 000
OPCODE     = 33
IDEX_CSR_READ_CAPTURE: instr=000101b3 csr_rdata_now=00000000

========== CSR WRITE ==========
TIME=395
csr_we    = 0
csr_cmd   = 0
csr_addr  = 000
csr_raddr = 000
csr_wdata = 00000000
OLD VALUE = 00000000
FWD_DBG: t=395 Rs1E=2 Rs2E=0 RdM=0 RdW=0 RWM=1 RWW=1 MRM=0 -> A=0 B=0
UVM_INFO ../UVM_VIP/rv32i_driver.sv(83) @ 395: uvm_test_top.env.agent.driver [DRV_LOAD] Loading IMEM[12] = 00600b93
PIPE_DBG: t=405 ifid_v=0 idex_v=1 exmem_v=0 memwb_v=0 | idex_rd=3 idex_rs1=2 idex_rs2=0 | exmem_rd=0 exmem_rw=1 | memwb_rd=0 		    memwb_rw=1 | fwdA=0 fwdB=0
EXMEM_RD        = 3
EXMEM_RESULTSRC = 0
EXMEM_CSR_READ_CAPTURE: idex_csr_read_now=00000000

========== CSR WRITE ==========
TIME=405
csr_we    = 0
csr_cmd   = 0
csr_addr  = 000
csr_raddr = 000
csr_wdata = 00000000
OLD VALUE = 00000000
FWD_DBG: t=405 Rs1E=2 Rs2E=0 RdM=3 RdW=0 RWM=1 RWW=1 MRM=0 -> A=0 B=0
UVM_INFO ../UVM_VIP/rv32i_driver.sv(83) @ 405: uvm_test_top.env.agent.driver [DRV_LOAD] Loading IMEM[13] = 00700c13
PIPE_DBG: t=415 ifid_v=0 idex_v=0 exmem_v=1 memwb_v=0 | idex_rd=3 idex_rs1=2 idex_rs2=0 | exmem_rd=3 exmem_rw=1 | memwb_rd=0 		    memwb_rw=1 | fwdA=0 fwdB=0
EXMEM : rd=3 pc4=00000010 alu=0000000a resultsrc=0
MEMWB_RD        = 3
MEMWB_RESULTSRC = 0
MEMWB_WDATA     = 00000000

========== CSR WRITE ==========
TIME=415
csr_we    = 0
csr_cmd   = 0
csr_addr  = 000
csr_raddr = 000
csr_wdata = 00000000
OLD VALUE = 00000000

========== CSR READ ==========
TIME=415
csr_raddr = 005
csr_rdata = 00000000
FWD_DBG: t=415 Rs1E=2 Rs2E=0 RdM=3 RdW=3 RWM=1 RWW=1 MRM=0 -> A=0 B=0
UVM_INFO ../UVM_VIP/rv32i_driver.sv(83) @ 415: uvm_test_top.env.agent.driver [DRV_LOAD] Loading IMEM[14] = 017b8033
PIPE_DBG: t=425 ifid_v=1 idex_v=0 exmem_v=0 memwb_v=1 | idex_rd=3 idex_rs1=2 idex_rs2=0 | exmem_rd=3 exmem_rw=1 | memwb_rd=3 		    memwb_rw=1 | fwdA=0 fwdB=0
WB : rd=3 wdata=0000000a resultsrc=0
====================================
TIME=425
Instruction = 00500213
IDEX_PC      = 0000000c
IDEX_RV1     = 0000000a
IDEX_RV2     = 00000000
IDEX_IMM     = 00000000
ALU_A        = 0000000a
ALU_B        = 00000000
ALU_CTRL     = 0
ALU_RES      = 0000000a
========== ID/EX LOAD ==========
IFID_INSTR = 00500213
IMM_EXT    = 00000005
IMM_SRC    = 000
OPCODE     = 13
IDEX_CSR_READ_CAPTURE: instr=00500213 csr_rdata_now=00000000

========== CSR WRITE ==========
TIME=425
csr_we    = 0
csr_cmd   = 0
csr_addr  = 000
csr_raddr = 005
csr_wdata = 0000000a
OLD VALUE = 00000000
FWD_DBG: t=425 Rs1E=0 Rs2E=5 RdM=3 RdW=3 RWM=1 RWW=1 MRM=0 -> A=0 B=0
UVM_INFO ../UVM_VIP/rv32i_scoreboard.sv(154) @ 425: uvm_test_top.env.scoreboard [SB_WB] [cyc=43] PASS: x3=0x0000000a (ADD fwd x3=10)
UVM_INFO ../UVM_VIP/rv32i_driver.sv(83) @ 425: uvm_test_top.env.agent.driver [DRV_LOAD] Loading IMEM[15] = 00000013
PIPE_DBG: t=435 ifid_v=0 idex_v=1 exmem_v=0 memwb_v=0 | idex_rd=4 idex_rs1=0 idex_rs2=5 | exmem_rd=3 exmem_rw=1 | memwb_rd=3 		    memwb_rw=1 | fwdA=0 fwdB=0
EXMEM_RD        = 4
EXMEM_RESULTSRC = 0
EXMEM_CSR_READ_CAPTURE: idex_csr_read_now=00000000

========== CSR WRITE ==========
TIME=435
csr_we    = 0
csr_cmd   = 0
csr_addr  = 000
csr_raddr = 005
csr_wdata = 0000000a
OLD VALUE = 00000000
FWD_DBG: t=435 Rs1E=0 Rs2E=5 RdM=4 RdW=3 RWM=1 RWW=1 MRM=0 -> A=0 B=0
UVM_INFO ../UVM_VIP/rv32i_driver.sv(83) @ 435: uvm_test_top.env.agent.driver [DRV_LOAD] Loading IMEM[16] = 00000013
PIPE_DBG: t=445 ifid_v=0 idex_v=0 exmem_v=1 memwb_v=0 | idex_rd=4 idex_rs1=0 idex_rs2=5 | exmem_rd=4 exmem_rw=1 | memwb_rd=3 		    memwb_rw=1 | fwdA=0 fwdB=0
EXMEM : rd=4 pc4=00000014 alu=00000005 resultsrc=0
MEMWB_RD        = 4
MEMWB_RESULTSRC = 0
MEMWB_WDATA     = 0000000a

========== CSR WRITE ==========
TIME=445
csr_we    = 0
csr_cmd   = 0
csr_addr  = 000
csr_raddr = 005
csr_wdata = 0000000a
OLD VALUE = 00000000

========== CSR READ ==========
TIME=445
csr_raddr = 003
csr_rdata = 00000000
FWD_DBG: t=445 Rs1E=0 Rs2E=5 RdM=4 RdW=4 RWM=1 RWW=1 MRM=0 -> A=0 B=0
UVM_INFO ../UVM_VIP/rv32i_driver.sv(83) @ 445: uvm_test_top.env.agent.driver [DRV_LOAD] Loading IMEM[17] = 00000013
PIPE_DBG: t=455 ifid_v=1 idex_v=0 exmem_v=0 memwb_v=1 | idex_rd=4 idex_rs1=0 idex_rs2=5 | exmem_rd=4 exmem_rw=1 | memwb_rd=4 		    memwb_rw=1 | fwdA=0 fwdB=0
WB : rd=4 wdata=00000005 resultsrc=0
====================================
TIME=455
Instruction = 00300293
IDEX_PC      = 00000010
IDEX_RV1     = 00000000
IDEX_RV2     = 00000000
IDEX_IMM     = 00000005
ALU_A        = 00000000
ALU_B        = 00000005
ALU_CTRL     = 0
ALU_RES      = 00000005
========== ID/EX LOAD ==========
IFID_INSTR = 00300293
IMM_EXT    = 00000003
IMM_SRC    = 000
OPCODE     = 13
IDEX_CSR_READ_CAPTURE: instr=00300293 csr_rdata_now=00000000

========== CSR WRITE ==========
TIME=455
csr_we    = 0
csr_cmd   = 0
csr_addr  = 005
csr_raddr = 003
csr_wdata = 00000000
OLD VALUE = 00000000
FWD_DBG: t=455 Rs1E=0 Rs2E=3 RdM=4 RdW=4 RWM=1 RWW=1 MRM=0 -> A=0 B=0
UVM_INFO ../UVM_VIP/rv32i_scoreboard.sv(154) @ 455: uvm_test_top.env.scoreboard [SB_WB] [cyc=46] PASS: x4=0x00000005 (ADDI x4=5)
UVM_INFO ../UVM_VIP/rv32i_driver.sv(83) @ 455: uvm_test_top.env.agent.driver [DRV_LOAD] Loading IMEM[63] = 00000013
PIPE_DBG: t=465 ifid_v=0 idex_v=1 exmem_v=0 memwb_v=0 | idex_rd=5 idex_rs1=0 idex_rs2=3 | exmem_rd=4 exmem_rw=1 | memwb_rd=4 		    memwb_rw=1 | fwdA=0 fwdB=0
EXMEM_RD        = 5
EXMEM_RESULTSRC = 0
EXMEM_CSR_READ_CAPTURE: idex_csr_read_now=00000000

========== CSR WRITE ==========
TIME=465
csr_we    = 0
csr_cmd   = 0
csr_addr  = 005
csr_raddr = 003
csr_wdata = 00000000
OLD VALUE = 00000000
FWD_DBG: t=465 Rs1E=0 Rs2E=3 RdM=5 RdW=4 RWM=1 RWW=1 MRM=0 -> A=0 B=0
UVM_INFO ../UVM_VIP/rv32i_driver.sv(83) @ 465: uvm_test_top.env.agent.driver [DRV_LOAD] Loading IMEM[63] = 00000013
PIPE_DBG: t=475 ifid_v=0 idex_v=0 exmem_v=1 memwb_v=0 | idex_rd=5 idex_rs1=0 idex_rs2=3 | exmem_rd=5 exmem_rw=1 | memwb_rd=4 		    memwb_rw=1 | fwdA=0 fwdB=0
EXMEM : rd=5 pc4=00000018 alu=00000003 resultsrc=0
MEMWB_RD        = 5
MEMWB_RESULTSRC = 0
MEMWB_WDATA     = 00000005

========== CSR WRITE ==========
TIME=475
csr_we    = 0
csr_cmd   = 0
csr_addr  = 005
csr_raddr = 003
csr_wdata = 00000000
OLD VALUE = 00000000

========== CSR READ ==========
TIME=475
csr_raddr = 005
csr_rdata = 00000000
FWD_DBG: t=475 Rs1E=0 Rs2E=3 RdM=5 RdW=5 RWM=1 RWW=1 MRM=0 -> A=0 B=0
UVM_INFO ../UVM_VIP/rv32i_driver.sv(83) @ 475: uvm_test_top.env.agent.driver [DRV_LOAD] Loading IMEM[63] = 00000013
PIPE_DBG: t=485 ifid_v=1 idex_v=0 exmem_v=0 memwb_v=1 | idex_rd=5 idex_rs1=0 idex_rs2=3 | exmem_rd=5 exmem_rw=1 | memwb_rd=5 		    memwb_rw=1 | fwdA=0 fwdB=0
WB : rd=5 wdata=00000003 resultsrc=0
====================================
TIME=485
Instruction = 00520333
IDEX_PC      = 00000014
IDEX_RV1     = 00000000
IDEX_RV2     = 0000000a
IDEX_IMM     = 00000003
ALU_A        = 00000000
ALU_B        = 00000003
ALU_CTRL     = 0
ALU_RES      = 00000003
========== ID/EX LOAD ==========
IFID_INSTR = 00520333
IMM_EXT    = 00000005
IMM_SRC    = 000
OPCODE     = 33
IDEX_CSR_READ_CAPTURE: instr=00520333 csr_rdata_now=00000000

========== CSR WRITE ==========
TIME=485
csr_we    = 0
csr_cmd   = 0
csr_addr  = 003
csr_raddr = 005
csr_wdata = 00000000
OLD VALUE = 00000000
FWD_DBG: t=485 Rs1E=4 Rs2E=5 RdM=5 RdW=5 RWM=1 RWW=1 MRM=0 -> A=0 B=2
UVM_INFO ../UVM_VIP/rv32i_scoreboard.sv(154) @ 485: uvm_test_top.env.scoreboard [SB_WB] [cyc=49] PASS: x5=0x00000003 (ADDI x5=3)
UVM_INFO ../UVM_VIP/rv32i_driver.sv(83) @ 485: uvm_test_top.env.agent.driver [DRV_LOAD] Loading IMEM[63] = 00000013
PIPE_DBG: t=495 ifid_v=0 idex_v=1 exmem_v=0 memwb_v=0 | idex_rd=6 idex_rs1=4 idex_rs2=5 | exmem_rd=5 exmem_rw=1 | memwb_rd=5 		    memwb_rw=1 | fwdA=0 fwdB=2
EXMEM_RD        = 6
EXMEM_RESULTSRC = 0
EXMEM_CSR_READ_CAPTURE: idex_csr_read_now=00000000

========== CSR WRITE ==========
TIME=495
csr_we    = 0
csr_cmd   = 0
csr_addr  = 003
csr_raddr = 005
csr_wdata = 00000000
OLD VALUE = 00000000
FWD_DBG: t=495 Rs1E=4 Rs2E=5 RdM=6 RdW=5 RWM=1 RWW=1 MRM=0 -> A=0 B=1
UVM_INFO ../UVM_VIP/rv32i_driver.sv(83) @ 495: uvm_test_top.env.agent.driver [DRV_LOAD] Loading IMEM[63] = 00000013
PIPE_DBG: t=505 ifid_v=0 idex_v=0 exmem_v=1 memwb_v=0 | idex_rd=6 idex_rs1=4 idex_rs2=5 | exmem_rd=6 exmem_rw=1 | memwb_rd=5 		    memwb_rw=1 | fwdA=0 fwdB=1
EXMEM : rd=6 pc4=0000001c alu=00000008 resultsrc=0
MEMWB_RD        = 6
MEMWB_RESULTSRC = 0
MEMWB_WDATA     = 00000003

========== CSR WRITE ==========
TIME=505
csr_we    = 0
csr_cmd   = 0
csr_addr  = 003
csr_raddr = 005
csr_wdata = 00000000
OLD VALUE = 00000000

========== CSR READ ==========
TIME=505
csr_raddr = 003
csr_rdata = 00000000
FWD_DBG: t=505 Rs1E=4 Rs2E=5 RdM=6 RdW=6 RWM=1 RWW=1 MRM=0 -> A=0 B=0
UVM_INFO ../UVM_VIP/rv32i_driver.sv(83) @ 505: uvm_test_top.env.agent.driver [DRV_LOAD] Loading IMEM[63] = 00000013
PIPE_DBG: t=515 ifid_v=1 idex_v=0 exmem_v=0 memwb_v=1 | idex_rd=6 idex_rs1=4 idex_rs2=5 | exmem_rd=6 exmem_rw=1 | memwb_rd=6 		    memwb_rw=1 | fwdA=0 fwdB=0
WB : rd=6 wdata=00000008 resultsrc=0
====================================
TIME=515
Instruction = 00300913
IDEX_PC      = 00000018
IDEX_RV1     = 00000005
IDEX_RV2     = 00000000
IDEX_IMM     = 00000005
ALU_A        = 00000005
ALU_B        = 00000000
ALU_CTRL     = 0
ALU_RES      = 00000005
========== ID/EX LOAD ==========
IFID_INSTR = 00300913
IMM_EXT    = 00000003
IMM_SRC    = 000
OPCODE     = 13
IDEX_CSR_READ_CAPTURE: instr=00300913 csr_rdata_now=00000000

========== CSR WRITE ==========
TIME=515
csr_we    = 0
csr_cmd   = 0
csr_addr  = 005
csr_raddr = 003
csr_wdata = 00000005
OLD VALUE = 00000000
FWD_DBG: t=515 Rs1E=0 Rs2E=3 RdM=6 RdW=6 RWM=1 RWW=1 MRM=0 -> A=0 B=0
UVM_INFO ../UVM_VIP/rv32i_scoreboard.sv(154) @ 515: uvm_test_top.env.scoreboard [SB_WB] [cyc=52] PASS: x6=0x00000008 (ADD fwd x6=8)
UVM_INFO ../UVM_VIP/rv32i_driver.sv(83) @ 515: uvm_test_top.env.agent.driver [DRV_LOAD] Loading IMEM[63] = 00000013
PIPE_DBG: t=525 ifid_v=0 idex_v=1 exmem_v=0 memwb_v=0 | idex_rd=18 idex_rs1=0 idex_rs2=3 | exmem_rd=6 exmem_rw=1 | memwb_rd=6 		    memwb_rw=1 | fwdA=0 fwdB=0
EXMEM_RD        = 18
EXMEM_RESULTSRC = 0
EXMEM_CSR_READ_CAPTURE: idex_csr_read_now=00000000

========== CSR WRITE ==========
TIME=525
csr_we    = 0
csr_cmd   = 0
csr_addr  = 005
csr_raddr = 003
csr_wdata = 00000005
OLD VALUE = 00000000
FWD_DBG: t=525 Rs1E=0 Rs2E=3 RdM=18 RdW=6 RWM=1 RWW=1 MRM=0 -> A=0 B=0
UVM_INFO ../UVM_VIP/rv32i_driver.sv(83) @ 525: uvm_test_top.env.agent.driver [DRV_LOAD] Loading IMEM[63] = 00000013
PIPE_DBG: t=535 ifid_v=0 idex_v=0 exmem_v=1 memwb_v=0 | idex_rd=18 idex_rs1=0 idex_rs2=3 | exmem_rd=18 exmem_rw=1 | memwb_rd=6 		    memwb_rw=1 | fwdA=0 fwdB=0
EXMEM : rd=18 pc4=00000020 alu=00000003 resultsrc=0
MEMWB_RD        = 18
MEMWB_RESULTSRC = 0
MEMWB_WDATA     = 00000008

========== CSR WRITE ==========
TIME=535
csr_we    = 0
csr_cmd   = 0
csr_addr  = 005
csr_raddr = 003
csr_wdata = 00000005
OLD VALUE = 00000000

========== CSR READ ==========
TIME=535
csr_raddr = 012
csr_rdata = 00000000
FWD_DBG: t=535 Rs1E=0 Rs2E=3 RdM=18 RdW=18 RWM=1 RWW=1 MRM=0 -> A=0 B=0
UVM_INFO ../UVM_VIP/rv32i_driver.sv(83) @ 535: uvm_test_top.env.agent.driver [DRV_LOAD] Loading IMEM[63] = 00000013
PIPE_DBG: t=545 ifid_v=1 idex_v=0 exmem_v=0 memwb_v=1 | idex_rd=18 idex_rs1=0 idex_rs2=3 | exmem_rd=18 exmem_rw=1 | memwb_rd=18 		    memwb_rw=1 | fwdA=0 fwdB=0
WB : rd=18 wdata=00000003 resultsrc=0
====================================
TIME=545
Instruction = 012909b3
IDEX_PC      = 0000001c
IDEX_RV1     = 00000000
IDEX_RV2     = 0000000a
IDEX_IMM     = 00000003
ALU_A        = 00000000
ALU_B        = 00000003
ALU_CTRL     = 0
ALU_RES      = 00000003
========== ID/EX LOAD ==========
IFID_INSTR = 012909b3
IMM_EXT    = 00000012
IMM_SRC    = 000
OPCODE     = 33
IDEX_CSR_READ_CAPTURE: instr=012909b3 csr_rdata_now=00000000

========== CSR WRITE ==========
TIME=545
csr_we    = 0
csr_cmd   = 0
csr_addr  = 003
csr_raddr = 012
csr_wdata = 00000000
OLD VALUE = 00000000
FWD_DBG: t=545 Rs1E=18 Rs2E=18 RdM=18 RdW=18 RWM=1 RWW=1 MRM=0 -> A=2 B=2
UVM_INFO ../UVM_VIP/rv32i_driver.sv(83) @ 545: uvm_test_top.env.agent.driver [DRV_LOAD] Loading IMEM[63] = 00000013
PIPE_DBG: t=555 ifid_v=0 idex_v=1 exmem_v=0 memwb_v=0 | idex_rd=19 idex_rs1=18 idex_rs2=18 | exmem_rd=18 exmem_rw=1 | memwb_rd=18 		    memwb_rw=1 | fwdA=2 fwdB=2
EXMEM_RD        = 19
EXMEM_RESULTSRC = 0
EXMEM_CSR_READ_CAPTURE: idex_csr_read_now=00000000

========== CSR WRITE ==========
TIME=555
csr_we    = 0
csr_cmd   = 0
csr_addr  = 003
csr_raddr = 012
csr_wdata = 00000000
OLD VALUE = 00000000
FWD_DBG: t=555 Rs1E=18 Rs2E=18 RdM=19 RdW=18 RWM=1 RWW=1 MRM=0 -> A=1 B=1
UVM_INFO ../UVM_VIP/rv32i_driver.sv(83) @ 555: uvm_test_top.env.agent.driver [DRV_LOAD] Loading IMEM[63] = 00000013
PIPE_DBG: t=565 ifid_v=0 idex_v=0 exmem_v=1 memwb_v=0 | idex_rd=19 idex_rs1=18 idex_rs2=18 | exmem_rd=19 exmem_rw=1 | memwb_rd=18 		    memwb_rw=1 | fwdA=1 fwdB=1
EXMEM : rd=19 pc4=00000024 alu=00000006 resultsrc=0
MEMWB_RD        = 19
MEMWB_RESULTSRC = 0
MEMWB_WDATA     = 00000003

========== CSR WRITE ==========
TIME=565
csr_we    = 0
csr_cmd   = 0
csr_addr  = 003
csr_raddr = 012
csr_wdata = 00000000
OLD VALUE = 00000000

========== CSR READ ==========
TIME=565
csr_raddr = 004
csr_rdata = 00000000
FWD_DBG: t=565 Rs1E=18 Rs2E=18 RdM=19 RdW=19 RWM=1 RWW=1 MRM=0 -> A=0 B=0
UVM_INFO ../UVM_VIP/rv32i_driver.sv(83) @ 565: uvm_test_top.env.agent.driver [DRV_LOAD] Loading IMEM[63] = 00000013
PIPE_DBG: t=575 ifid_v=1 idex_v=0 exmem_v=0 memwb_v=1 | idex_rd=19 idex_rs1=18 idex_rs2=18 | exmem_rd=19 exmem_rw=1 | memwb_rd=19 		    memwb_rw=1 | fwdA=0 fwdB=0
WB : rd=19 wdata=00000006 resultsrc=0
====================================
TIME=575
Instruction = 00400a13
IDEX_PC      = 00000020
IDEX_RV1     = 00000000
IDEX_RV2     = 00000000
IDEX_IMM     = 00000012
ALU_A        = 00000000
ALU_B        = 00000000
ALU_CTRL     = 0
ALU_RES      = 00000000
========== ID/EX LOAD ==========
IFID_INSTR = 00400a13
IMM_EXT    = 00000004
IMM_SRC    = 000
OPCODE     = 13
IDEX_CSR_READ_CAPTURE: instr=00400a13 csr_rdata_now=00000000

========== CSR WRITE ==========
TIME=575
csr_we    = 0
csr_cmd   = 0
csr_addr  = 012
csr_raddr = 004
csr_wdata = 00000003
OLD VALUE = 00000000
FWD_DBG: t=575 Rs1E=0 Rs2E=4 RdM=19 RdW=19 RWM=1 RWW=1 MRM=0 -> A=0 B=0
UVM_INFO ../UVM_VIP/rv32i_driver.sv(83) @ 575: uvm_test_top.env.agent.driver [DRV_LOAD] Loading IMEM[63] = 00000013
PIPE_DBG: t=585 ifid_v=0 idex_v=1 exmem_v=0 memwb_v=0 | idex_rd=20 idex_rs1=0 idex_rs2=4 | exmem_rd=19 exmem_rw=1 | memwb_rd=19 		    memwb_rw=1 | fwdA=0 fwdB=0
EXMEM_RD        = 20
EXMEM_RESULTSRC = 0
EXMEM_CSR_READ_CAPTURE: idex_csr_read_now=00000000

========== CSR WRITE ==========
TIME=585
csr_we    = 0
csr_cmd   = 0
csr_addr  = 012
csr_raddr = 004
csr_wdata = 00000003
OLD VALUE = 00000000
FWD_DBG: t=585 Rs1E=0 Rs2E=4 RdM=20 RdW=19 RWM=1 RWW=1 MRM=0 -> A=0 B=0
UVM_INFO ../UVM_VIP/rv32i_driver.sv(83) @ 585: uvm_test_top.env.agent.driver [DRV_LOAD] Loading IMEM[63] = 00000013
PIPE_DBG: t=595 ifid_v=0 idex_v=0 exmem_v=1 memwb_v=0 | idex_rd=20 idex_rs1=0 idex_rs2=4 | exmem_rd=20 exmem_rw=1 | memwb_rd=19 		    memwb_rw=1 | fwdA=0 fwdB=0
EXMEM : rd=20 pc4=00000028 alu=00000004 resultsrc=0
MEMWB_RD        = 20
MEMWB_RESULTSRC = 0
MEMWB_WDATA     = 00000006

========== CSR WRITE ==========
TIME=595
csr_we    = 0
csr_cmd   = 0
csr_addr  = 012
csr_raddr = 004
csr_wdata = 00000003
OLD VALUE = 00000000

========== CSR READ ==========
TIME=595
csr_raddr = 005
csr_rdata = 00000000
FWD_DBG: t=595 Rs1E=0 Rs2E=4 RdM=20 RdW=20 RWM=1 RWW=1 MRM=0 -> A=0 B=0
UVM_INFO ../UVM_VIP/rv32i_driver.sv(83) @ 595: uvm_test_top.env.agent.driver [DRV_LOAD] Loading IMEM[63] = 00000013
PIPE_DBG: t=605 ifid_v=1 idex_v=0 exmem_v=0 memwb_v=1 | idex_rd=20 idex_rs1=0 idex_rs2=4 | exmem_rd=20 exmem_rw=1 | memwb_rd=20 		    memwb_rw=1 | fwdA=0 fwdB=0
WB : rd=20 wdata=00000004 resultsrc=0
====================================
TIME=605
Instruction = 00500a93
IDEX_PC      = 00000024
IDEX_RV1     = 00000000
IDEX_RV2     = 00000005
IDEX_IMM     = 00000004
ALU_A        = 00000000
ALU_B        = 00000004
ALU_CTRL     = 0
ALU_RES      = 00000004
========== ID/EX LOAD ==========
IFID_INSTR = 00500a93
IMM_EXT    = 00000005
IMM_SRC    = 000
OPCODE     = 13
IDEX_CSR_READ_CAPTURE: instr=00500a93 csr_rdata_now=00000000

========== CSR WRITE ==========
TIME=605
csr_we    = 0
csr_cmd   = 0
csr_addr  = 004
csr_raddr = 005
csr_wdata = 00000000
OLD VALUE = 00000000
FWD_DBG: t=605 Rs1E=0 Rs2E=5 RdM=20 RdW=20 RWM=1 RWW=1 MRM=0 -> A=0 B=0
UVM_INFO ../UVM_VIP/rv32i_driver.sv(83) @ 605: uvm_test_top.env.agent.driver [DRV_LOAD] Loading IMEM[63] = 00000013
PIPE_DBG: t=615 ifid_v=0 idex_v=1 exmem_v=0 memwb_v=0 | idex_rd=21 idex_rs1=0 idex_rs2=5 | exmem_rd=20 exmem_rw=1 | memwb_rd=20 		    memwb_rw=1 | fwdA=0 fwdB=0
EXMEM_RD        = 21
EXMEM_RESULTSRC = 0
EXMEM_CSR_READ_CAPTURE: idex_csr_read_now=00000000

========== CSR WRITE ==========
TIME=615
csr_we    = 0
csr_cmd   = 0
csr_addr  = 004
csr_raddr = 005
csr_wdata = 00000000
OLD VALUE = 00000000
FWD_DBG: t=615 Rs1E=0 Rs2E=5 RdM=21 RdW=20 RWM=1 RWW=1 MRM=0 -> A=0 B=0
UVM_INFO ../UVM_VIP/rv32i_driver.sv(83) @ 615: uvm_test_top.env.agent.driver [DRV_LOAD] Loading IMEM[63] = 00000013
PIPE_DBG: t=625 ifid_v=0 idex_v=0 exmem_v=1 memwb_v=0 | idex_rd=21 idex_rs1=0 idex_rs2=5 | exmem_rd=21 exmem_rw=1 | memwb_rd=20 		    memwb_rw=1 | fwdA=0 fwdB=0
EXMEM : rd=21 pc4=0000002c alu=00000005 resultsrc=0
MEMWB_RD        = 21
MEMWB_RESULTSRC = 0
MEMWB_WDATA     = 00000004

========== CSR WRITE ==========
TIME=625
csr_we    = 0
csr_cmd   = 0
csr_addr  = 004
csr_raddr = 005
csr_wdata = 00000000
OLD VALUE = 00000000

========== CSR READ ==========
TIME=625
csr_raddr = 014
csr_rdata = 00000000
FWD_DBG: t=625 Rs1E=0 Rs2E=5 RdM=21 RdW=21 RWM=1 RWW=1 MRM=0 -> A=0 B=0
UVM_INFO ../UVM_VIP/rv32i_driver.sv(83) @ 625: uvm_test_top.env.agent.driver [DRV_LOAD] Loading IMEM[63] = 00000013
PIPE_DBG: t=635 ifid_v=1 idex_v=0 exmem_v=0 memwb_v=1 | idex_rd=21 idex_rs1=0 idex_rs2=5 | exmem_rd=21 exmem_rw=1 | memwb_rd=21 		    memwb_rw=1 | fwdA=0 fwdB=0
WB : rd=21 wdata=00000005 resultsrc=0
====================================
TIME=635
Instruction = 014a8b33
IDEX_PC      = 00000028
IDEX_RV1     = 00000000
IDEX_RV2     = 00000003
IDEX_IMM     = 00000005
ALU_A        = 00000000
ALU_B        = 00000005
ALU_CTRL     = 0
ALU_RES      = 00000005
========== ID/EX LOAD ==========
IFID_INSTR = 014a8b33
IMM_EXT    = 00000014
IMM_SRC    = 000
OPCODE     = 33
IDEX_CSR_READ_CAPTURE: instr=014a8b33 csr_rdata_now=00000000

========== CSR WRITE ==========
TIME=635
csr_we    = 0
csr_cmd   = 0
csr_addr  = 005
csr_raddr = 014
csr_wdata = 00000000
OLD VALUE = 00000000
FWD_DBG: t=635 Rs1E=21 Rs2E=20 RdM=21 RdW=21 RWM=1 RWW=1 MRM=0 -> A=2 B=0
UVM_INFO ../UVM_VIP/rv32i_driver.sv(83) @ 635: uvm_test_top.env.agent.driver [DRV_LOAD] Loading IMEM[63] = 00000013
PIPE_DBG: t=645 ifid_v=0 idex_v=1 exmem_v=0 memwb_v=0 | idex_rd=22 idex_rs1=21 idex_rs2=20 | exmem_rd=21 exmem_rw=1 | memwb_rd=21 		    memwb_rw=1 | fwdA=2 fwdB=0
EXMEM_RD        = 22
EXMEM_RESULTSRC = 0
EXMEM_CSR_READ_CAPTURE: idex_csr_read_now=00000000

========== CSR WRITE ==========
TIME=645
csr_we    = 0
csr_cmd   = 0
csr_addr  = 005
csr_raddr = 014
csr_wdata = 00000000
OLD VALUE = 00000000
FWD_DBG: t=645 Rs1E=21 Rs2E=20 RdM=22 RdW=21 RWM=1 RWW=1 MRM=0 -> A=1 B=0
UVM_INFO ../UVM_VIP/rv32i_driver.sv(83) @ 645: uvm_test_top.env.agent.driver [DRV_LOAD] Loading IMEM[63] = 00000013
PIPE_DBG: t=655 ifid_v=0 idex_v=0 exmem_v=1 memwb_v=0 | idex_rd=22 idex_rs1=21 idex_rs2=20 | exmem_rd=22 exmem_rw=1 | memwb_rd=21 		    memwb_rw=1 | fwdA=1 fwdB=0
EXMEM : rd=22 pc4=00000030 alu=00000009 resultsrc=0
MEMWB_RD        = 22
MEMWB_RESULTSRC = 0
MEMWB_WDATA     = 00000005

========== CSR WRITE ==========
TIME=655
csr_we    = 0
csr_cmd   = 0
csr_addr  = 005
csr_raddr = 014
csr_wdata = 00000000
OLD VALUE = 00000000

========== CSR READ ==========
TIME=655
csr_raddr = 006
csr_rdata = 00000000
FWD_DBG: t=655 Rs1E=21 Rs2E=20 RdM=22 RdW=22 RWM=1 RWW=1 MRM=0 -> A=0 B=0
UVM_INFO ../UVM_VIP/rv32i_driver.sv(83) @ 655: uvm_test_top.env.agent.driver [DRV_LOAD] Loading IMEM[63] = 00000013
PIPE_DBG: t=665 ifid_v=1 idex_v=0 exmem_v=0 memwb_v=1 | idex_rd=22 idex_rs1=21 idex_rs2=20 | exmem_rd=22 exmem_rw=1 | memwb_rd=22 		    memwb_rw=1 | fwdA=0 fwdB=0
WB : rd=22 wdata=00000009 resultsrc=0
====================================
TIME=665
Instruction = 00600b93
IDEX_PC      = 0000002c
IDEX_RV1     = 00000000
IDEX_RV2     = 00000004
IDEX_IMM     = 00000014
ALU_A        = 00000000
ALU_B        = 00000004
ALU_CTRL     = 0
ALU_RES      = 00000004
========== ID/EX LOAD ==========
IFID_INSTR = 00600b93
IMM_EXT    = 00000006
IMM_SRC    = 000
OPCODE     = 13
IDEX_CSR_READ_CAPTURE: instr=00600b93 csr_rdata_now=00000000

========== CSR WRITE ==========
TIME=665
csr_we    = 0
csr_cmd   = 0
csr_addr  = 014
csr_raddr = 006
csr_wdata = 00000005
OLD VALUE = 00000000
FWD_DBG: t=665 Rs1E=0 Rs2E=6 RdM=22 RdW=22 RWM=1 RWW=1 MRM=0 -> A=0 B=0
UVM_INFO ../UVM_VIP/rv32i_driver.sv(83) @ 665: uvm_test_top.env.agent.driver [DRV_LOAD] Loading IMEM[63] = 00000013
PIPE_DBG: t=675 ifid_v=0 idex_v=1 exmem_v=0 memwb_v=0 | idex_rd=23 idex_rs1=0 idex_rs2=6 | exmem_rd=22 exmem_rw=1 | memwb_rd=22 		    memwb_rw=1 | fwdA=0 fwdB=0
EXMEM_RD        = 23
EXMEM_RESULTSRC = 0
EXMEM_CSR_READ_CAPTURE: idex_csr_read_now=00000000

========== CSR WRITE ==========
TIME=675
csr_we    = 0
csr_cmd   = 0
csr_addr  = 014
csr_raddr = 006
csr_wdata = 00000005
OLD VALUE = 00000000
FWD_DBG: t=675 Rs1E=0 Rs2E=6 RdM=23 RdW=22 RWM=1 RWW=1 MRM=0 -> A=0 B=0
UVM_INFO ../UVM_VIP/rv32i_driver.sv(83) @ 675: uvm_test_top.env.agent.driver [DRV_LOAD] Loading IMEM[63] = 00000013
PIPE_DBG: t=685 ifid_v=0 idex_v=0 exmem_v=1 memwb_v=0 | idex_rd=23 idex_rs1=0 idex_rs2=6 | exmem_rd=23 exmem_rw=1 | memwb_rd=22 		    memwb_rw=1 | fwdA=0 fwdB=0
EXMEM : rd=23 pc4=00000034 alu=00000006 resultsrc=0
MEMWB_RD        = 23
MEMWB_RESULTSRC = 0
MEMWB_WDATA     = 00000009

========== CSR WRITE ==========
TIME=685
csr_we    = 0
csr_cmd   = 0
csr_addr  = 014
csr_raddr = 006
csr_wdata = 00000005
OLD VALUE = 00000000

========== CSR READ ==========
TIME=685
csr_raddr = 007
csr_rdata = 00000000
FWD_DBG: t=685 Rs1E=0 Rs2E=6 RdM=23 RdW=23 RWM=1 RWW=1 MRM=0 -> A=0 B=0
UVM_INFO ../UVM_VIP/rv32i_driver.sv(83) @ 685: uvm_test_top.env.agent.driver [DRV_LOAD] Loading IMEM[63] = 00000013
PIPE_DBG: t=695 ifid_v=1 idex_v=0 exmem_v=0 memwb_v=1 | idex_rd=23 idex_rs1=0 idex_rs2=6 | exmem_rd=23 exmem_rw=1 | memwb_rd=23 		    memwb_rw=1 | fwdA=0 fwdB=0
WB : rd=23 wdata=00000006 resultsrc=0
====================================
TIME=695
Instruction = 00700c13
IDEX_PC      = 00000030
IDEX_RV1     = 00000000
IDEX_RV2     = 00000008
IDEX_IMM     = 00000006
ALU_A        = 00000000
ALU_B        = 00000006
ALU_CTRL     = 0
ALU_RES      = 00000006
========== ID/EX LOAD ==========
IFID_INSTR = 00700c13
IMM_EXT    = 00000007
IMM_SRC    = 000
OPCODE     = 13
IDEX_CSR_READ_CAPTURE: instr=00700c13 csr_rdata_now=00000000

========== CSR WRITE ==========
TIME=695
csr_we    = 0
csr_cmd   = 0
csr_addr  = 006
csr_raddr = 007
csr_wdata = 00000000
OLD VALUE = 00000000
FWD_DBG: t=695 Rs1E=0 Rs2E=7 RdM=23 RdW=23 RWM=1 RWW=1 MRM=0 -> A=0 B=0
UVM_INFO ../UVM_VIP/rv32i_driver.sv(83) @ 695: uvm_test_top.env.agent.driver [DRV_LOAD] Loading IMEM[63] = 00000013
PIPE_DBG: t=705 ifid_v=0 idex_v=1 exmem_v=0 memwb_v=0 | idex_rd=24 idex_rs1=0 idex_rs2=7 | exmem_rd=23 exmem_rw=1 | memwb_rd=23 		    memwb_rw=1 | fwdA=0 fwdB=0
EXMEM_RD        = 24
EXMEM_RESULTSRC = 0
EXMEM_CSR_READ_CAPTURE: idex_csr_read_now=00000000

========== CSR WRITE ==========
TIME=705
csr_we    = 0
csr_cmd   = 0
csr_addr  = 006
csr_raddr = 007
csr_wdata = 00000000
OLD VALUE = 00000000
FWD_DBG: t=705 Rs1E=0 Rs2E=7 RdM=24 RdW=23 RWM=1 RWW=1 MRM=0 -> A=0 B=0
UVM_INFO ../UVM_VIP/rv32i_sequence_lib.sv(606) @ 705: uvm_test_top.env.agent.sequencer@@seq [seq] === Forwarding Sequence DONE ===
UVM_INFO /synopsys/tools/vcs/vcs/X-2025.06-SP2-1/vcs/X-2025.06-SP2-1/etc/uvm-1.2/base/uvm_objection.svh(1276) @ 705: reporter [TEST_DONE] 'run' phase is ready to proceed to the 'extract' phase
UVM_INFO ../UVM_VIP/rv32i_coverage.sv(314) @ 705: uvm_test_top.env.coverage [COV] ============= COVERAGE SUMMARY =============
UVM_INFO ../UVM_VIP/rv32i_coverage.sv(315) @ 705: uvm_test_top.env.coverage [COV] Opcode        : 18.2%
UVM_INFO ../UVM_VIP/rv32i_coverage.sv(316) @ 705: uvm_test_top.env.coverage [COV] ALU Control   : 9.1%
UVM_INFO ../UVM_VIP/rv32i_coverage.sv(317) @ 705: uvm_test_top.env.coverage [COV] Branch×Taken  : 16.7%
UVM_INFO ../UVM_VIP/rv32i_coverage.sv(318) @ 705: uvm_test_top.env.coverage [COV] Forwarding    : 95.8%
UVM_INFO ../UVM_VIP/rv32i_coverage.sv(319) @ 705: uvm_test_top.env.coverage [COV] WB Source     : 25.0%
UVM_INFO ../UVM_VIP/rv32i_coverage.sv(320) @ 705: uvm_test_top.env.coverage [COV] Trap Cause    : 0.0%
UVM_INFO ../UVM_VIP/rv32i_coverage.sv(321) @ 705: uvm_test_top.env.coverage [COV] Load Width    : 0.0%
UVM_INFO ../UVM_VIP/rv32i_coverage.sv(322) @ 705: uvm_test_top.env.coverage [COV] Store Width   : 0.0%
UVM_INFO ../UVM_VIP/rv32i_coverage.sv(323) @ 705: uvm_test_top.env.coverage [COV] Mem Alignment : 0.0%
UVM_INFO ../UVM_VIP/rv32i_coverage.sv(324) @ 705: uvm_test_top.env.coverage [COV] Reg Addresses : 40.6%
UVM_INFO ../UVM_VIP/rv32i_coverage.sv(325) @ 705: uvm_test_top.env.coverage [COV] R-type f3     : 12.5%
UVM_INFO ../UVM_VIP/rv32i_coverage.sv(326) @ 705: uvm_test_top.env.coverage [COV] I-type f3     : 12.5%
UVM_INFO ../UVM_VIP/rv32i_coverage.sv(327) @ 705: uvm_test_top.env.coverage [COV] Control Flow  : 16.7%
UVM_INFO ../UVM_VIP/rv32i_coverage.sv(328) @ 705: uvm_test_top.env.coverage [COV] ============================================
UVM_INFO ../UVM_VIP/rv32i_scoreboard.sv(277) @ 705: uvm_test_top.env.scoreboard [SB] ============================================
UVM_INFO ../UVM_VIP/rv32i_scoreboard.sv(278) @ 705: uvm_test_top.env.scoreboard [SB] WB  checks: 12
UVM_INFO ../UVM_VIP/rv32i_scoreboard.sv(279) @ 705: uvm_test_top.env.scoreboard [SB] MEM checks: 0
UVM_INFO ../UVM_VIP/rv32i_scoreboard.sv(280) @ 705: uvm_test_top.env.scoreboard [SB] TRP checks: 0
UVM_INFO ../UVM_VIP/rv32i_scoreboard.sv(281) @ 705: uvm_test_top.env.scoreboard [SB] PASS: 6  FAIL: 0
UVM_INFO ../UVM_VIP/rv32i_scoreboard.sv(283) @ 705: uvm_test_top.env.scoreboard [SB] *** ALL CHECKS PASSED ***
UVM_INFO ../UVM_VIP/rv32i_scoreboard.sv(286) @ 705: uvm_test_top.env.scoreboard [SB] ============================================
UVM_INFO /synopsys/tools/vcs/vcs/X-2025.06-SP2-1/vcs/X-2025.06-SP2-1/etc/uvm-1.2/base/uvm_report_catcher.svh(705) @ 705: reporter [UVM/REPORT/CATCHER] 
--- UVM Report catcher Summary ---


Number of demoted UVM_FATAL reports  :    0
Number of demoted UVM_ERROR reports  :    0
Number of demoted UVM_WARNING reports:    0
Number of caught UVM_FATAL reports   :    0
Number of caught UVM_ERROR reports   :    0
Number of caught UVM_WARNING reports :    0

UVM_INFO /synopsys/tools/vcs/vcs/X-2025.06-SP2-1/vcs/X-2025.06-SP2-1/etc/uvm-1.2/base/uvm_report_server.svh(904) @ 705: reporter [UVM/REPORT/SERVER] 
--- UVM Report Summary ---

** Report counts by severity
UVM_INFO :   84
UVM_WARNING :    0
UVM_ERROR :    0
UVM_FATAL :    0
** Report counts by id
[COV]    15
[DRV]     5
[DRV_LOAD]    43
[RNTST]     1
[SB]     7
[SB_WB]     6
[TEST_DONE]     1
[UVM/RELNOTES]     1
[UVM/REPORT/CATCHER]     1
[UVMTOP]     1
[seq]     3

$finish called from file "/synopsys/tools/vcs/vcs/X-2025.06-SP2-1/vcs/X-2025.06-SP2-1/etc/uvm-1.2/base/uvm_root.svh", line 532.
$finish at simulation time                  705

---------------------------------------------------------------------------
VCS Coverage Metrics: during simulation line, cond, FSM, branch, tgl was monitored
---------------------------------------------------------------------------
           V C S   S i m u l a t i o n   R e p o r t 
Time: 705
CPU Time:      0.380 seconds;       Data structure size:   0.8Mb
Tue Aug  4 08:05:44 2026
