Command: /home/faculty1/VLSI_PRIME_2026_EvEN/Maadeash K/RISC-V(Pipelined)/run/./simv +UVM_TESTNAME=rv32i_random_test -cm line+cond+tgl+fsm+branch+assert -cm_name random -cm_dir simv.vdb -l logs/random.log
Chronologic VCS simulator copyright 1991-2025
Contains Synopsys proprietary information.
Compiler version X-2025.06-SP2-1_Full64; Runtime version X-2025.06-SP2-1_Full64;  Aug  4 08:05 2026
UVM_INFO /synopsys/tools/vcs/vcs/X-2025.06-SP2-1/vcs/X-2025.06-SP2-1/etc/uvm-1.2/base/uvm_root.svh(407) @ 0: reporter [UVM/RELNOTES] 
----------------------------------------------------------------
UVM-1.2.Synopsys
(C) 2007-2014 Mentor Graphics Corporation
(C) 2007-2014 Cadence Design Systems, Inc.
(C) 2006-2014 Synopsys, Inc.
(C) 2011-2013 Cypress Semiconductor Corp.
(C) 2013-2014 NVIDIA Corporation
----------------------------------------------------------------

  ***********       IMPORTANT RELEASE NOTES         ************

  You are using a version of the UVM library that has been compiled
  with `UVM_NO_DEPRECATED undefined.
  See http://www.eda.org/svdb/view.php?id=3313 for more details.

  You are using a version of the UVM library that has been compiled
  with `UVM_OBJECT_DO_NOT_NEED_CONSTRUCTOR undefined.
  See http://www.eda.org/svdb/view.php?id=3770 for more details.

      (Specify +UVM_NO_RELNOTES to turn off this notice)

UVM_INFO @ 0: reporter [RNTST] Running test rv32i_random_test...
UVM_INFO /synopsys/tools/vcs/vcs/X-2025.06-SP2-1/vcs/X-2025.06-SP2-1/etc/uvm-1.2/base/uvm_root.svh(594) @ 0: reporter [UVMTOP] UVM testbench topology:
------------------------------------------------------------------
Name                       Type                        Size  Value
------------------------------------------------------------------
uvm_test_top               rv32i_random_test           -     @348 
  env                      rv32i_env                   -     @361 
    agent                  rv32i_agent                 -     @370 
      ap_all               uvm_analysis_port           -     @613 
      ap_mem               uvm_analysis_port           -     @593 
      ap_trap              uvm_analysis_port           -     @603 
      ap_wb                uvm_analysis_port           -     @583 
      driver               rv32i_driver                -     @545 
        rsp_port           uvm_analysis_port           -     @564 
        seq_item_port      uvm_seq_item_pull_port      -     @554 
      monitor              rv32i_monitor               -     @574 
        ap_all             uvm_analysis_port           -     @654 
        ap_mem             uvm_analysis_port           -     @634 
        ap_trap            uvm_analysis_port           -     @644 
        ap_wb              uvm_analysis_port           -     @624 
      sequencer            rv32i_sequencer             -     @408 
        rsp_export         uvm_analysis_export         -     @417 
        seq_item_export    uvm_seq_item_pull_imp       -     @535 
        arbitration_queue  array                       0     -    
        lock_queue         array                       0     -    
        num_last_reqs      integral                    32    'd1  
        num_last_rsps      integral                    32    'd1  
    coverage               rv32i_coverage              -     @388 
      analysis_imp         uvm_analysis_imp            -     @397 
    scoreboard             rv32i_scoreboard            -     @379 
      mem_fifo             uvm_tlm_analysis_fifo #(T)  -     @729 
        analysis_export    uvm_analysis_imp            -     @778 
        get_ap             uvm_analysis_port           -     @768 
        get_peek_export    uvm_get_peek_imp            -     @748 
        put_ap             uvm_analysis_port           -     @758 
        put_export         uvm_put_imp                 -     @738 
      trap_fifo            uvm_tlm_analysis_fifo #(T)  -     @788 
        analysis_export    uvm_analysis_imp            -     @837 
        get_ap             uvm_analysis_port           -     @827 
        get_peek_export    uvm_get_peek_imp            -     @807 
        put_ap             uvm_analysis_port           -     @817 
        put_export         uvm_put_imp                 -     @797 
      wb_fifo              uvm_tlm_analysis_fifo #(T)  -     @670 
        analysis_export    uvm_analysis_imp            -     @719 
        get_ap             uvm_analysis_port           -     @709 
        get_peek_export    uvm_get_peek_imp            -     @689 
        put_ap             uvm_analysis_port           -     @699 
        put_export         uvm_put_imp                 -     @679 
------------------------------------------------------------------

UVM_INFO ../UVM_VIP/rv32i_sequence_lib.sv(991) @ 0: uvm_test_top.env.agent.sequencer@@seq [seq] === Random Sequence START (26 instrs) ===
PIPE_DBG: t=5 ifid_v=x idex_v=x exmem_v=x memwb_v=x | idex_rd=x idex_rs1=x idex_rs2=x | exmem_rd=x exmem_rw=x | memwb_rd=x 		    memwb_rw=x | fwdA=x fwdB=x

========== CSR WRITE ==========
TIME=5
csr_we    = x
csr_cmd   = x
csr_addr  = xxx
csr_raddr = xxx
csr_wdata = xxxxxxxx
OLD VALUE = 00000000

========== CSR WRITE ==========
TIME=6
csr_we    = 0
csr_cmd   = x
csr_addr  = xxx
csr_raddr = xxx
csr_wdata = xxxxxxxx
OLD VALUE = 00000000

========== PIPE ==========
TIME=6
PC          = xxxxxxxx
IFID_VALID  = x
IFID_INSTR  = xxxxxxxx
IDEX_PC     = xxxxxxxx
EXMEM_RD    = x
MEMWB_RD    = x
WB_DATA     = xxxxxxxx
redirect    = x
flush       = x

========== CSR READ ==========
TIME=6
csr_raddr = 000
csr_rdata = 00000000
FWD_DBG: t=6 Rs1E=x Rs2E=x RdM=x RdW=0 RWM=x RWW=0 MRM=x -> A=0 B=0

========== PIPE ==========
TIME=15
PC          = 00000000
IFID_VALID  = 0
IFID_INSTR  = 00000000
IDEX_PC     = xxxxxxxx
EXMEM_RD    = x
MEMWB_RD    = 0
WB_DATA     = 00000000
redirect    = 0
flush       = 0

========== CSR WRITE ==========
TIME=15
csr_we    = 0
csr_cmd   = 0
csr_addr  = 000
csr_raddr = 000
csr_wdata = 00000000
OLD VALUE = 00000000

========== PIPE ==========
TIME=25
PC          = 00000000
IFID_VALID  = 0
IFID_INSTR  = 00000000
IDEX_PC     = xxxxxxxx
EXMEM_RD    = x
MEMWB_RD    = 0
WB_DATA     = 00000000
redirect    = 0
flush       = 0

========== CSR WRITE ==========
TIME=25
csr_we    = 0
csr_cmd   = 0
csr_addr  = 000
csr_raddr = 000
csr_wdata = 00000000
OLD VALUE = 00000000

========== PIPE ==========
TIME=35
PC          = 00000000
IFID_VALID  = 0
IFID_INSTR  = 00000000
IDEX_PC     = xxxxxxxx
EXMEM_RD    = x
MEMWB_RD    = 0
WB_DATA     = 00000000
redirect    = 0
flush       = 0

========== CSR WRITE ==========
TIME=35
csr_we    = 0
csr_cmd   = 0
csr_addr  = 000
csr_raddr = 000
csr_wdata = 00000000
OLD VALUE = 00000000

========== PIPE ==========
TIME=45
PC          = 00000000
IFID_VALID  = 0
IFID_INSTR  = 00000000
IDEX_PC     = xxxxxxxx
EXMEM_RD    = x
MEMWB_RD    = 0
WB_DATA     = 00000000
redirect    = 0
flush       = 0

========== CSR WRITE ==========
TIME=45
csr_we    = 0
csr_cmd   = 0
csr_addr  = 000
csr_raddr = 000
csr_wdata = 00000000
OLD VALUE = 00000000

========== PIPE ==========
TIME=55
PC          = 00000000
IFID_VALID  = 0
IFID_INSTR  = 00000000
IDEX_PC     = xxxxxxxx
EXMEM_RD    = x
MEMWB_RD    = 0
WB_DATA     = 00000000
redirect    = 0
flush       = 0

========== CSR WRITE ==========
TIME=55
csr_we    = 0
csr_cmd   = 0
csr_addr  = 000
csr_raddr = 000
csr_wdata = 00000000
OLD VALUE = 00000000

========== PIPE ==========
TIME=65
PC          = 00000000
IFID_VALID  = 0
IFID_INSTR  = 00000000
IDEX_PC     = xxxxxxxx
EXMEM_RD    = x
MEMWB_RD    = 0
WB_DATA     = 00000000
redirect    = 0
flush       = 0

========== CSR WRITE ==========
TIME=65
csr_we    = 0
csr_cmd   = 0
csr_addr  = 000
csr_raddr = 000
csr_wdata = 00000000
OLD VALUE = 00000000

========== PIPE ==========
TIME=75
PC          = 00000000
IFID_VALID  = 0
IFID_INSTR  = 00000000
IDEX_PC     = xxxxxxxx
EXMEM_RD    = x
MEMWB_RD    = 0
WB_DATA     = 00000000
redirect    = 0
flush       = 0

========== CSR WRITE ==========
TIME=75
csr_we    = 0
csr_cmd   = 0
csr_addr  = 000
csr_raddr = 000
csr_wdata = 00000000
OLD VALUE = 00000000
UVM_INFO ../UVM_VIP/rv32i_driver.sv(77) @ 75: uvm_test_top.env.agent.driver [DRV] Reset asserted

========== PIPE ==========
TIME=85
PC          = 00000000
IFID_VALID  = 0
IFID_INSTR  = 00000000
IDEX_PC     = xxxxxxxx
EXMEM_RD    = x
MEMWB_RD    = 0
WB_DATA     = 00000000
redirect    = 0
flush       = 0

========== CSR WRITE ==========
TIME=85
csr_we    = 0
csr_cmd   = 0
csr_addr  = 000
csr_raddr = 000
csr_wdata = 00000000
OLD VALUE = 00000000

========== PIPE ==========
TIME=95
PC          = 00000000
IFID_VALID  = 0
IFID_INSTR  = 00000000
IDEX_PC     = xxxxxxxx
EXMEM_RD    = x
MEMWB_RD    = 0
WB_DATA     = 00000000
redirect    = 0
flush       = 0

========== CSR WRITE ==========
TIME=95
csr_we    = 0
csr_cmd   = 0
csr_addr  = 000
csr_raddr = 000
csr_wdata = 00000000
OLD VALUE = 00000000

========== PIPE ==========
TIME=105
PC          = 00000000
IFID_VALID  = 0
IFID_INSTR  = 00000000
IDEX_PC     = xxxxxxxx
EXMEM_RD    = x
MEMWB_RD    = 0
WB_DATA     = 00000000
redirect    = 0
flush       = 0

========== CSR WRITE ==========
TIME=105
csr_we    = 0
csr_cmd   = 0
csr_addr  = 000
csr_raddr = 000
csr_wdata = 00000000
OLD VALUE = 00000000

========== PIPE ==========
TIME=115
PC          = 00000000
IFID_VALID  = 0
IFID_INSTR  = 00000000
IDEX_PC     = xxxxxxxx
EXMEM_RD    = x
MEMWB_RD    = 0
WB_DATA     = 00000000
redirect    = 0
flush       = 0

========== CSR WRITE ==========
TIME=115
csr_we    = 0
csr_cmd   = 0
csr_addr  = 000
csr_raddr = 000
csr_wdata = 00000000
OLD VALUE = 00000000

========== PIPE ==========
TIME=125
PC          = 00000000
IFID_VALID  = 0
IFID_INSTR  = 00000000
IDEX_PC     = xxxxxxxx
EXMEM_RD    = x
MEMWB_RD    = 0
WB_DATA     = 00000000
redirect    = 0
flush       = 0

========== CSR WRITE ==========
TIME=125
csr_we    = 0
csr_cmd   = 0
csr_addr  = 000
csr_raddr = 000
csr_wdata = 00000000
OLD VALUE = 00000000
UVM_INFO ../UVM_VIP/rv32i_driver.sv(77) @ 125: uvm_test_top.env.agent.driver [DRV] Reset asserted

========== PIPE ==========
TIME=135
PC          = 00000000
IFID_VALID  = 0
IFID_INSTR  = 00000000
IDEX_PC     = xxxxxxxx
EXMEM_RD    = x
MEMWB_RD    = 0
WB_DATA     = 00000000
redirect    = 0
flush       = 0

========== CSR WRITE ==========
TIME=135
csr_we    = 0
csr_cmd   = 0
csr_addr  = 000
csr_raddr = 000
csr_wdata = 00000000
OLD VALUE = 00000000

========== PIPE ==========
TIME=145
PC          = 00000000
IFID_VALID  = 0
IFID_INSTR  = 00000000
IDEX_PC     = xxxxxxxx
EXMEM_RD    = x
MEMWB_RD    = 0
WB_DATA     = 00000000
redirect    = 0
flush       = 0

========== CSR WRITE ==========
TIME=145
csr_we    = 0
csr_cmd   = 0
csr_addr  = 000
csr_raddr = 000
csr_wdata = 00000000
OLD VALUE = 00000000

========== PIPE ==========
TIME=155
PC          = 00000000
IFID_VALID  = 0
IFID_INSTR  = 00000000
IDEX_PC     = xxxxxxxx
EXMEM_RD    = x
MEMWB_RD    = 0
WB_DATA     = 00000000
redirect    = 0
flush       = 0

========== CSR WRITE ==========
TIME=155
csr_we    = 0
csr_cmd   = 0
csr_addr  = 000
csr_raddr = 000
csr_wdata = 00000000
OLD VALUE = 00000000

========== PIPE ==========
TIME=165
PC          = 00000000
IFID_VALID  = 0
IFID_INSTR  = 00000000
IDEX_PC     = xxxxxxxx
EXMEM_RD    = x
MEMWB_RD    = 0
WB_DATA     = 00000000
redirect    = 0
flush       = 0

========== CSR WRITE ==========
TIME=165
csr_we    = 0
csr_cmd   = 0
csr_addr  = 000
csr_raddr = 000
csr_wdata = 00000000
OLD VALUE = 00000000

========== PIPE ==========
TIME=175
PC          = 00000000
IFID_VALID  = 0
IFID_INSTR  = 00000000
IDEX_PC     = xxxxxxxx
EXMEM_RD    = x
MEMWB_RD    = 0
WB_DATA     = 00000000
redirect    = 0
flush       = 0

========== CSR WRITE ==========
TIME=175
csr_we    = 0
csr_cmd   = 0
csr_addr  = 000
csr_raddr = 000
csr_wdata = 00000000
OLD VALUE = 00000000
UVM_INFO ../UVM_VIP/rv32i_driver.sv(77) @ 175: uvm_test_top.env.agent.driver [DRV] Reset asserted

========== PIPE ==========
TIME=185
PC          = 00000000
IFID_VALID  = 0
IFID_INSTR  = 00000000
IDEX_PC     = xxxxxxxx
EXMEM_RD    = x
MEMWB_RD    = 0
WB_DATA     = 00000000
redirect    = 0
flush       = 0

========== CSR WRITE ==========
TIME=185
csr_we    = 0
csr_cmd   = 0
csr_addr  = 000
csr_raddr = 000
csr_wdata = 00000000
OLD VALUE = 00000000

========== PIPE ==========
TIME=195
PC          = 00000000
IFID_VALID  = 0
IFID_INSTR  = 00000000
IDEX_PC     = xxxxxxxx
EXMEM_RD    = x
MEMWB_RD    = 0
WB_DATA     = 00000000
redirect    = 0
flush       = 0

========== CSR WRITE ==========
TIME=195
csr_we    = 0
csr_cmd   = 0
csr_addr  = 000
csr_raddr = 000
csr_wdata = 00000000
OLD VALUE = 00000000

========== PIPE ==========
TIME=205
PC          = 00000000
IFID_VALID  = 0
IFID_INSTR  = 00000000
IDEX_PC     = xxxxxxxx
EXMEM_RD    = x
MEMWB_RD    = 0
WB_DATA     = 00000000
redirect    = 0
flush       = 0

========== CSR WRITE ==========
TIME=205
csr_we    = 0
csr_cmd   = 0
csr_addr  = 000
csr_raddr = 000
csr_wdata = 00000000
OLD VALUE = 00000000

========== PIPE ==========
TIME=215
PC          = 00000000
IFID_VALID  = 0
IFID_INSTR  = 00000000
IDEX_PC     = xxxxxxxx
EXMEM_RD    = x
MEMWB_RD    = 0
WB_DATA     = 00000000
redirect    = 0
flush       = 0

========== CSR WRITE ==========
TIME=215
csr_we    = 0
csr_cmd   = 0
csr_addr  = 000
csr_raddr = 000
csr_wdata = 00000000
OLD VALUE = 00000000

========== PIPE ==========
TIME=225
PC          = 00000000
IFID_VALID  = 0
IFID_INSTR  = 00000000
IDEX_PC     = xxxxxxxx
EXMEM_RD    = x
MEMWB_RD    = 0
WB_DATA     = 00000000
redirect    = 0
flush       = 0

========== CSR WRITE ==========
TIME=225
csr_we    = 0
csr_cmd   = 0
csr_addr  = 000
csr_raddr = 000
csr_wdata = 00000000
OLD VALUE = 00000000
UVM_INFO ../UVM_VIP/rv32i_driver.sv(77) @ 225: uvm_test_top.env.agent.driver [DRV] Reset asserted

========== PIPE ==========
TIME=235
PC          = 00000000
IFID_VALID  = 0
IFID_INSTR  = 00000000
IDEX_PC     = xxxxxxxx
EXMEM_RD    = x
MEMWB_RD    = 0
WB_DATA     = 00000000
redirect    = 0
flush       = 0

========== CSR WRITE ==========
TIME=235
csr_we    = 0
csr_cmd   = 0
csr_addr  = 000
csr_raddr = 000
csr_wdata = 00000000
OLD VALUE = 00000000

========== PIPE ==========
TIME=245
PC          = 00000000
IFID_VALID  = 0
IFID_INSTR  = 00000000
IDEX_PC     = xxxxxxxx
EXMEM_RD    = x
MEMWB_RD    = 0
WB_DATA     = 00000000
redirect    = 0
flush       = 0

========== CSR WRITE ==========
TIME=245
csr_we    = 0
csr_cmd   = 0
csr_addr  = 000
csr_raddr = 000
csr_wdata = 00000000
OLD VALUE = 00000000

========== PIPE ==========
TIME=255
PC          = 00000000
IFID_VALID  = 0
IFID_INSTR  = 00000000
IDEX_PC     = xxxxxxxx
EXMEM_RD    = x
MEMWB_RD    = 0
WB_DATA     = 00000000
redirect    = 0
flush       = 0

========== CSR WRITE ==========
TIME=255
csr_we    = 0
csr_cmd   = 0
csr_addr  = 000
csr_raddr = 000
csr_wdata = 00000000
OLD VALUE = 00000000

========== PIPE ==========
TIME=265
PC          = 00000000
IFID_VALID  = 0
IFID_INSTR  = 00000000
IDEX_PC     = xxxxxxxx
EXMEM_RD    = x
MEMWB_RD    = 0
WB_DATA     = 00000000
redirect    = 0
flush       = 0

========== CSR WRITE ==========
TIME=265
csr_we    = 0
csr_cmd   = 0
csr_addr  = 000
csr_raddr = 000
csr_wdata = 00000000
OLD VALUE = 00000000

========== PIPE ==========
TIME=275
PC          = 00000000
IFID_VALID  = 0
IFID_INSTR  = 00000000
IDEX_PC     = xxxxxxxx
EXMEM_RD    = x
MEMWB_RD    = 0
WB_DATA     = 00000000
redirect    = 0
flush       = 0

========== CSR WRITE ==========
TIME=275
csr_we    = 0
csr_cmd   = 0
csr_addr  = 000
csr_raddr = 000
csr_wdata = 00000000
OLD VALUE = 00000000
UVM_INFO ../UVM_VIP/rv32i_driver.sv(77) @ 275: uvm_test_top.env.agent.driver [DRV] Reset asserted
UVM_INFO ../UVM_VIP/rv32i_sequence_lib.sv(252) @ 275: uvm_test_top.env.agent.sequencer@@seq [seq] Reset sequence complete
UVM_INFO ../UVM_VIP/rv32i_driver.sv(83) @ 275: uvm_test_top.env.agent.driver [DRV_LOAD] Loading IMEM[0] = 06465193
PIPE_DBG: t=285 ifid_v=0 idex_v=0 exmem_v=0 memwb_v=0 | idex_rd=x idex_rs1=x idex_rs2=x | exmem_rd=x exmem_rw=x | memwb_rd=0 		    memwb_rw=0 | fwdA=0 fwdB=0

========== CSR WRITE ==========
TIME=285
csr_we    = 0
csr_cmd   = 0
csr_addr  = 000
csr_raddr = 000
csr_wdata = 00000000
OLD VALUE = 00000000
UVM_INFO ../UVM_VIP/rv32i_driver.sv(83) @ 285: uvm_test_top.env.agent.driver [DRV_LOAD] Loading IMEM[1] = 97774f97
PIPE_DBG: t=295 ifid_v=0 idex_v=0 exmem_v=0 memwb_v=0 | idex_rd=x idex_rs1=x idex_rs2=x | exmem_rd=x exmem_rw=x | memwb_rd=0 		    memwb_rw=0 | fwdA=0 fwdB=0

========== CSR WRITE ==========
TIME=295
csr_we    = 0
csr_cmd   = 0
csr_addr  = 000
csr_raddr = 000
csr_wdata = 00000000
OLD VALUE = 00000000

========== CSR READ ==========
TIME=295
csr_raddr = 064
csr_rdata = 00000000
UVM_INFO ../UVM_VIP/rv32i_driver.sv(83) @ 295: uvm_test_top.env.agent.driver [DRV_LOAD] Loading IMEM[2] = e824a103
PIPE_DBG: t=305 ifid_v=1 idex_v=0 exmem_v=0 memwb_v=0 | idex_rd=x idex_rs1=x idex_rs2=x | exmem_rd=x exmem_rw=x | memwb_rd=0 		    memwb_rw=0 | fwdA=0 fwdB=0
========== ID/EX LOAD ==========
IFID_INSTR = 06465193
IMM_EXT    = 00000064
IMM_SRC    = 000
OPCODE     = 13
IDEX_CSR_READ_CAPTURE: instr=06465193 csr_rdata_now=00000000

========== CSR WRITE ==========
TIME=305
csr_we    = 0
csr_cmd   = 0
csr_addr  = 000
csr_raddr = 064
csr_wdata = 00000000
OLD VALUE = 00000000
FWD_DBG: t=305 Rs1E=12 Rs2E=4 RdM=x RdW=0 RWM=x RWW=0 MRM=x -> A=0 B=0
UVM_INFO ../UVM_VIP/rv32i_driver.sv(83) @ 305: uvm_test_top.env.agent.driver [DRV_LOAD] Loading IMEM[3] = 44df816f
PIPE_DBG: t=315 ifid_v=0 idex_v=1 exmem_v=0 memwb_v=0 | idex_rd=3 idex_rs1=12 idex_rs2=4 | exmem_rd=x exmem_rw=x | memwb_rd=0 		    memwb_rw=0 | fwdA=0 fwdB=0
EXMEM_RD        = 3
EXMEM_RESULTSRC = 0
EXMEM_CSR_READ_CAPTURE: idex_csr_read_now=00000000

========== CSR WRITE ==========
TIME=315
csr_we    = 0
csr_cmd   = 0
csr_addr  = 000
csr_raddr = 064
csr_wdata = 00000000
OLD VALUE = 00000000
FWD_DBG: t=315 Rs1E=12 Rs2E=4 RdM=3 RdW=0 RWM=1 RWW=0 MRM=0 -> A=0 B=0
UVM_INFO ../UVM_VIP/rv32i_driver.sv(83) @ 315: uvm_test_top.env.agent.driver [DRV_LOAD] Loading IMEM[4] = 205e90b7
PIPE_DBG: t=325 ifid_v=0 idex_v=0 exmem_v=1 memwb_v=0 | idex_rd=3 idex_rs1=12 idex_rs2=4 | exmem_rd=3 exmem_rw=1 | memwb_rd=0 		    memwb_rw=0 | fwdA=0 fwdB=0
EXMEM : rd=3 pc4=00000004 alu=00000000 resultsrc=0
MEMWB_RD        = 3
MEMWB_RESULTSRC = 0
MEMWB_WDATA     = 00000000

========== CSR WRITE ==========
TIME=325
csr_we    = 0
csr_cmd   = 0
csr_addr  = 000
csr_raddr = 064
csr_wdata = 00000000
OLD VALUE = 00000000

========== CSR READ ==========
TIME=325
csr_raddr = 977
csr_rdata = 00000000
FWD_DBG: t=325 Rs1E=12 Rs2E=4 RdM=3 RdW=3 RWM=1 RWW=1 MRM=0 -> A=0 B=0
UVM_INFO ../UVM_VIP/rv32i_driver.sv(83) @ 325: uvm_test_top.env.agent.driver [DRV_LOAD] Loading IMEM[5] = 664923e3
PIPE_DBG: t=335 ifid_v=1 idex_v=0 exmem_v=0 memwb_v=1 | idex_rd=3 idex_rs1=12 idex_rs2=4 | exmem_rd=3 exmem_rw=1 | memwb_rd=3 		    memwb_rw=1 | fwdA=0 fwdB=0
WB : rd=3 wdata=00000000 resultsrc=0
====================================
TIME=335
Instruction = 97774f97
IDEX_PC      = 00000000
IDEX_RV1     = 00000000
IDEX_RV2     = 00000000
IDEX_IMM     = 00000064
ALU_A        = 00000000
ALU_B        = 00000064
ALU_CTRL     = a
ALU_RES      = 00000000
========== ID/EX LOAD ==========
IFID_INSTR = 97774f97
IMM_EXT    = 97774000
IMM_SRC    = 011
OPCODE     = 17
IDEX_CSR_READ_CAPTURE: instr=97774f97 csr_rdata_now=00000000

========== CSR WRITE ==========
TIME=335
csr_we    = 0
csr_cmd   = 0
csr_addr  = 064
csr_raddr = 977
csr_wdata = 0000000c
OLD VALUE = 00000000
FWD_DBG: t=335 Rs1E=14 Rs2E=23 RdM=3 RdW=3 RWM=1 RWW=1 MRM=0 -> A=0 B=0
UVM_INFO ../UVM_VIP/rv32i_driver.sv(83) @ 335: uvm_test_top.env.agent.driver [DRV_LOAD] Loading IMEM[6] = 01b33493
PIPE_DBG: t=345 ifid_v=0 idex_v=1 exmem_v=0 memwb_v=0 | idex_rd=31 idex_rs1=14 idex_rs2=23 | exmem_rd=3 exmem_rw=1 | memwb_rd=3 		    memwb_rw=1 | fwdA=0 fwdB=0
EXMEM_RD        = 31
EXMEM_RESULTSRC = 0
EXMEM_CSR_READ_CAPTURE: idex_csr_read_now=00000000

========== CSR WRITE ==========
TIME=345
csr_we    = 0
csr_cmd   = 0
csr_addr  = 064
csr_raddr = 977
csr_wdata = 0000000c
OLD VALUE = 00000000
FWD_DBG: t=345 Rs1E=14 Rs2E=23 RdM=31 RdW=3 RWM=1 RWW=1 MRM=0 -> A=0 B=0
UVM_INFO ../UVM_VIP/rv32i_driver.sv(83) @ 345: uvm_test_top.env.agent.driver [DRV_LOAD] Loading IMEM[7] = 1e4d27b7
PIPE_DBG: t=355 ifid_v=0 idex_v=0 exmem_v=1 memwb_v=0 | idex_rd=31 idex_rs1=14 idex_rs2=23 | exmem_rd=31 exmem_rw=1 | memwb_rd=3 		    memwb_rw=1 | fwdA=0 fwdB=0
EXMEM : rd=31 pc4=00000008 alu=97774004 resultsrc=0
MEMWB_RD        = 31
MEMWB_RESULTSRC = 0
MEMWB_WDATA     = 00000000

========== CSR WRITE ==========
TIME=355
csr_we    = 0
csr_cmd   = 0
csr_addr  = 064
csr_raddr = 977
csr_wdata = 0000000c
OLD VALUE = 00000000

========== CSR READ ==========
TIME=355
csr_raddr = e82
csr_rdata = 00000000
FWD_DBG: t=355 Rs1E=14 Rs2E=23 RdM=31 RdW=31 RWM=1 RWW=1 MRM=0 -> A=0 B=0
UVM_INFO ../UVM_VIP/rv32i_driver.sv(83) @ 355: uvm_test_top.env.agent.driver [DRV_LOAD] Loading IMEM[8] = d1b47f17
PIPE_DBG: t=365 ifid_v=1 idex_v=0 exmem_v=0 memwb_v=1 | idex_rd=31 idex_rs1=14 idex_rs2=23 | exmem_rd=31 exmem_rw=1 | memwb_rd=31 		    memwb_rw=1 | fwdA=0 fwdB=0
WB : rd=31 wdata=97774004 resultsrc=0
====================================
TIME=365
Instruction = e824a103
IDEX_PC      = 00000004
IDEX_RV1     = 00000000
IDEX_RV2     = 00000000
IDEX_IMM     = 97774000
ALU_A        = 00000004
ALU_B        = 97774000
ALU_CTRL     = 0
ALU_RES      = 97774004
========== ID/EX LOAD ==========
IFID_INSTR = e824a103
IMM_EXT    = fffffe82
IMM_SRC    = 000
OPCODE     = 03
IDEX_CSR_READ_CAPTURE: instr=e824a103 csr_rdata_now=00000000

========== CSR WRITE ==========
TIME=365
csr_we    = 0
csr_cmd   = 0
csr_addr  = 977
csr_raddr = e82
csr_wdata = 0000000e
OLD VALUE = 00000000
FWD_DBG: t=365 Rs1E=9 Rs2E=2 RdM=31 RdW=31 RWM=1 RWW=1 MRM=0 -> A=0 B=0
UVM_INFO ../UVM_VIP/rv32i_driver.sv(83) @ 365: uvm_test_top.env.agent.driver [DRV_LOAD] Loading IMEM[9] = 1796a703
PIPE_DBG: t=375 ifid_v=0 idex_v=1 exmem_v=0 memwb_v=0 | idex_rd=2 idex_rs1=9 idex_rs2=2 | exmem_rd=31 exmem_rw=1 | memwb_rd=31 		    memwb_rw=1 | fwdA=0 fwdB=0
EXMEM_RD        = 2
EXMEM_RESULTSRC = 1
EXMEM_CSR_READ_CAPTURE: idex_csr_read_now=00000000

========== CSR WRITE ==========
TIME=375
csr_we    = 0
csr_cmd   = 0
csr_addr  = 977
csr_raddr = e82
csr_wdata = 0000000e
OLD VALUE = 00000000
FWD_DBG: t=375 Rs1E=9 Rs2E=2 RdM=2 RdW=31 RWM=0 RWW=1 MRM=0 -> A=0 B=0

========== CSR READ ==========
TIME=375
csr_raddr = e82
csr_rdata = 00000000
UVM_INFO ../UVM_VIP/rv32i_monitor.sv(183) @ 375: uvm_test_top.env.agent.monitor [MON] [38] TRAP: cause=0x00000004
UVM_INFO ../UVM_VIP/rv32i_scoreboard.sv(199) @ 375: uvm_test_top.env.scoreboard [SB_TRAP] Trap detected: cause=0x00000004
UVM_INFO ../UVM_VIP/rv32i_driver.sv(83) @ 375: uvm_test_top.env.agent.driver [DRV_LOAD] Loading IMEM[10] = b364dbb7
PIPE_DBG: t=385 ifid_v=0 idex_v=0 exmem_v=1 memwb_v=0 | idex_rd=2 idex_rs1=9 idex_rs2=2 | exmem_rd=2 exmem_rw=0 | memwb_rd=31 		    memwb_rw=1 | fwdA=0 fwdB=0
EXMEM : rd=2 pc4=0000000c alu=fffffe82 resultsrc=1
MEMWB_RD        = 2
MEMWB_RESULTSRC = 1
MEMWB_WDATA     = 97774004

========== CSR WRITE ==========
TIME=385
csr_we    = 0
csr_cmd   = 0
csr_addr  = 977
csr_raddr = e82
csr_wdata = 0000000e
OLD VALUE = 00000000
FWD_DBG: t=385 Rs1E=9 Rs2E=2 RdM=2 RdW=2 RWM=0 RWW=0 MRM=0 -> A=0 B=0
UVM_INFO ../UVM_VIP/rv32i_driver.sv(83) @ 385: uvm_test_top.env.agent.driver [DRV_LOAD] Loading IMEM[11] = 410ab06f
PIPE_DBG: t=395 ifid_v=0 idex_v=0 exmem_v=0 memwb_v=1 | idex_rd=2 idex_rs1=9 idex_rs2=2 | exmem_rd=2 exmem_rw=0 | memwb_rd=2 		    memwb_rw=0 | fwdA=0 fwdB=0
WB : rd=2 wdata=fffffe82 resultsrc=1
====================================
TIME=395
Instruction = e824a103
IDEX_PC      = 00000008
IDEX_RV1     = 00000000
IDEX_RV2     = 00000000
IDEX_IMM     = fffffe82
ALU_A        = 00000000
ALU_B        = fffffe82
ALU_CTRL     = 0
ALU_RES      = fffffe82

========== CSR WRITE ==========
TIME=395
csr_we    = 0
csr_cmd   = 0
csr_addr  = e82
csr_raddr = e82
csr_wdata = 00000000
OLD VALUE = 00000000

========== CSR READ ==========
TIME=395
csr_raddr = 064
csr_rdata = 00000000
UVM_INFO ../UVM_VIP/rv32i_driver.sv(83) @ 395: uvm_test_top.env.agent.driver [DRV_LOAD] Loading IMEM[12] = 818145b3
PIPE_DBG: t=405 ifid_v=1 idex_v=0 exmem_v=0 memwb_v=0 | idex_rd=2 idex_rs1=9 idex_rs2=2 | exmem_rd=2 exmem_rw=0 | memwb_rd=2 		    memwb_rw=0 | fwdA=0 fwdB=0
========== ID/EX LOAD ==========
IFID_INSTR = 06465193
IMM_EXT    = 00000064
IMM_SRC    = 000
OPCODE     = 13
IDEX_CSR_READ_CAPTURE: instr=06465193 csr_rdata_now=00000000

========== CSR WRITE ==========
TIME=405
csr_we    = 0
csr_cmd   = 0
csr_addr  = e82
csr_raddr = 064
csr_wdata = 00000000
OLD VALUE = 00000000
FWD_DBG: t=405 Rs1E=12 Rs2E=4 RdM=2 RdW=2 RWM=0 RWW=0 MRM=0 -> A=0 B=0
UVM_INFO ../UVM_VIP/rv32i_driver.sv(83) @ 405: uvm_test_top.env.agent.driver [DRV_LOAD] Loading IMEM[13] = 98adf403
PIPE_DBG: t=415 ifid_v=0 idex_v=1 exmem_v=0 memwb_v=0 | idex_rd=3 idex_rs1=12 idex_rs2=4 | exmem_rd=2 exmem_rw=0 | memwb_rd=2 		    memwb_rw=0 | fwdA=0 fwdB=0
EXMEM_RD        = 3
EXMEM_RESULTSRC = 0
EXMEM_CSR_READ_CAPTURE: idex_csr_read_now=00000000

========== CSR WRITE ==========
TIME=415
csr_we    = 0
csr_cmd   = 0
csr_addr  = e82
csr_raddr = 064
csr_wdata = 00000000
OLD VALUE = 00000000
FWD_DBG: t=415 Rs1E=12 Rs2E=4 RdM=3 RdW=2 RWM=1 RWW=0 MRM=0 -> A=0 B=0
UVM_INFO ../UVM_VIP/rv32i_driver.sv(83) @ 415: uvm_test_top.env.agent.driver [DRV_LOAD] Loading IMEM[14] = 296713b3
PIPE_DBG: t=425 ifid_v=0 idex_v=0 exmem_v=1 memwb_v=0 | idex_rd=3 idex_rs1=12 idex_rs2=4 | exmem_rd=3 exmem_rw=1 | memwb_rd=2 		    memwb_rw=0 | fwdA=0 fwdB=0
EXMEM : rd=3 pc4=00000004 alu=00000000 resultsrc=0
MEMWB_RD        = 3
MEMWB_RESULTSRC = 0
MEMWB_WDATA     = fffffe82

========== CSR WRITE ==========
TIME=425
csr_we    = 0
csr_cmd   = 0
csr_addr  = e82
csr_raddr = 064
csr_wdata = 00000000
OLD VALUE = 00000000

========== CSR READ ==========
TIME=425
csr_raddr = 977
csr_rdata = 00000000
FWD_DBG: t=425 Rs1E=12 Rs2E=4 RdM=3 RdW=3 RWM=1 RWW=1 MRM=0 -> A=0 B=0
UVM_INFO ../UVM_VIP/rv32i_driver.sv(83) @ 425: uvm_test_top.env.agent.driver [DRV_LOAD] Loading IMEM[15] = c4f23d13
PIPE_DBG: t=435 ifid_v=1 idex_v=0 exmem_v=0 memwb_v=1 | idex_rd=3 idex_rs1=12 idex_rs2=4 | exmem_rd=3 exmem_rw=1 | memwb_rd=3 		    memwb_rw=1 | fwdA=0 fwdB=0
WB : rd=3 wdata=00000000 resultsrc=0
====================================
TIME=435
Instruction = 97774f97
IDEX_PC      = 00000000
IDEX_RV1     = 00000000
IDEX_RV2     = 00000000
IDEX_IMM     = 00000064
ALU_A        = 00000000
ALU_B        = 00000064
ALU_CTRL     = a
ALU_RES      = 00000000
========== ID/EX LOAD ==========
IFID_INSTR = 97774f97
IMM_EXT    = 97774000
IMM_SRC    = 011
OPCODE     = 17
IDEX_CSR_READ_CAPTURE: instr=97774f97 csr_rdata_now=00000000

========== CSR WRITE ==========
TIME=435
csr_we    = 0
csr_cmd   = 0
csr_addr  = 064
csr_raddr = 977
csr_wdata = 0000000c
OLD VALUE = 00000000
FWD_DBG: t=435 Rs1E=14 Rs2E=23 RdM=3 RdW=3 RWM=1 RWW=1 MRM=0 -> A=0 B=0
UVM_INFO ../UVM_VIP/rv32i_driver.sv(83) @ 435: uvm_test_top.env.agent.driver [DRV_LOAD] Loading IMEM[16] = 7fd56793
PIPE_DBG: t=445 ifid_v=0 idex_v=1 exmem_v=0 memwb_v=0 | idex_rd=31 idex_rs1=14 idex_rs2=23 | exmem_rd=3 exmem_rw=1 | memwb_rd=3 		    memwb_rw=1 | fwdA=0 fwdB=0
EXMEM_RD        = 31
EXMEM_RESULTSRC = 0
EXMEM_CSR_READ_CAPTURE: idex_csr_read_now=00000000

========== CSR WRITE ==========
TIME=445
csr_we    = 0
csr_cmd   = 0
csr_addr  = 064
csr_raddr = 977
csr_wdata = 0000000c
OLD VALUE = 00000000
FWD_DBG: t=445 Rs1E=14 Rs2E=23 RdM=31 RdW=3 RWM=1 RWW=1 MRM=0 -> A=0 B=0
UVM_INFO ../UVM_VIP/rv32i_driver.sv(83) @ 445: uvm_test_top.env.agent.driver [DRV_LOAD] Loading IMEM[17] = 0544dc93
PIPE_DBG: t=455 ifid_v=0 idex_v=0 exmem_v=1 memwb_v=0 | idex_rd=31 idex_rs1=14 idex_rs2=23 | exmem_rd=31 exmem_rw=1 | memwb_rd=3 		    memwb_rw=1 | fwdA=0 fwdB=0
EXMEM : rd=31 pc4=00000008 alu=97774004 resultsrc=0
MEMWB_RD        = 31
MEMWB_RESULTSRC = 0
MEMWB_WDATA     = 00000000

========== CSR WRITE ==========
TIME=455
csr_we    = 0
csr_cmd   = 0
csr_addr  = 064
csr_raddr = 977
csr_wdata = 0000000c
OLD VALUE = 00000000

========== CSR READ ==========
TIME=455
csr_raddr = e82
csr_rdata = 00000000
FWD_DBG: t=455 Rs1E=14 Rs2E=23 RdM=31 RdW=31 RWM=1 RWW=1 MRM=0 -> A=0 B=0
UVM_INFO ../UVM_VIP/rv32i_driver.sv(83) @ 455: uvm_test_top.env.agent.driver [DRV_LOAD] Loading IMEM[18] = 7ae102ef
PIPE_DBG: t=465 ifid_v=1 idex_v=0 exmem_v=0 memwb_v=1 | idex_rd=31 idex_rs1=14 idex_rs2=23 | exmem_rd=31 exmem_rw=1 | memwb_rd=31 		    memwb_rw=1 | fwdA=0 fwdB=0
WB : rd=31 wdata=97774004 resultsrc=0
====================================
TIME=465
Instruction = e824a103
IDEX_PC      = 00000004
IDEX_RV1     = 00000000
IDEX_RV2     = 00000000
IDEX_IMM     = 97774000
ALU_A        = 00000004
ALU_B        = 97774000
ALU_CTRL     = 0
ALU_RES      = 97774004
========== ID/EX LOAD ==========
IFID_INSTR = e824a103
IMM_EXT    = fffffe82
IMM_SRC    = 000
OPCODE     = 03
IDEX_CSR_READ_CAPTURE: instr=e824a103 csr_rdata_now=00000000

========== CSR WRITE ==========
TIME=465
csr_we    = 0
csr_cmd   = 0
csr_addr  = 977
csr_raddr = e82
csr_wdata = 0000000e
OLD VALUE = 00000000
FWD_DBG: t=465 Rs1E=9 Rs2E=2 RdM=31 RdW=31 RWM=1 RWW=1 MRM=0 -> A=0 B=0

========== CSR READ ==========
TIME=465
csr_raddr = e82
csr_rdata = 00000000
UVM_INFO ../UVM_VIP/rv32i_driver.sv(83) @ 465: uvm_test_top.env.agent.driver [DRV_LOAD] Loading IMEM[19] = 4951df6f
PIPE_DBG: t=475 ifid_v=0 idex_v=1 exmem_v=0 memwb_v=0 | idex_rd=2 idex_rs1=9 idex_rs2=2 | exmem_rd=31 exmem_rw=1 | memwb_rd=31 		    memwb_rw=1 | fwdA=0 fwdB=0
EXMEM_RD        = 2
EXMEM_RESULTSRC = 1
EXMEM_CSR_READ_CAPTURE: idex_csr_read_now=00000000

========== CSR WRITE ==========
TIME=475
csr_we    = 0
csr_cmd   = 0
csr_addr  = 977
csr_raddr = e82
csr_wdata = 0000000e
OLD VALUE = 00000000
FWD_DBG: t=475 Rs1E=9 Rs2E=2 RdM=2 RdW=31 RWM=0 RWW=1 MRM=0 -> A=0 B=0
UVM_INFO ../UVM_VIP/rv32i_monitor.sv(183) @ 475: uvm_test_top.env.agent.monitor [MON] [48] TRAP: cause=0x00000004
UVM_INFO ../UVM_VIP/rv32i_scoreboard.sv(199) @ 475: uvm_test_top.env.scoreboard [SB_TRAP] Trap detected: cause=0x00000004
UVM_INFO ../UVM_VIP/rv32i_driver.sv(83) @ 475: uvm_test_top.env.agent.driver [DRV_LOAD] Loading IMEM[20] = bfc37303
PIPE_DBG: t=485 ifid_v=0 idex_v=0 exmem_v=1 memwb_v=0 | idex_rd=2 idex_rs1=9 idex_rs2=2 | exmem_rd=2 exmem_rw=0 | memwb_rd=31 		    memwb_rw=1 | fwdA=0 fwdB=0
EXMEM : rd=2 pc4=0000000c alu=fffffe82 resultsrc=1
MEMWB_RD        = 2
MEMWB_RESULTSRC = 1
MEMWB_WDATA     = 97774004

========== CSR WRITE ==========
TIME=485
csr_we    = 0
csr_cmd   = 0
csr_addr  = 977
csr_raddr = e82
csr_wdata = 0000000e
OLD VALUE = 00000000
FWD_DBG: t=485 Rs1E=9 Rs2E=2 RdM=2 RdW=2 RWM=0 RWW=0 MRM=0 -> A=0 B=0
UVM_INFO ../UVM_VIP/rv32i_driver.sv(83) @ 485: uvm_test_top.env.agent.driver [DRV_LOAD] Loading IMEM[21] = 478fcfb7
PIPE_DBG: t=495 ifid_v=0 idex_v=0 exmem_v=0 memwb_v=1 | idex_rd=2 idex_rs1=9 idex_rs2=2 | exmem_rd=2 exmem_rw=0 | memwb_rd=2 		    memwb_rw=0 | fwdA=0 fwdB=0
WB : rd=2 wdata=fffffe82 resultsrc=1
====================================
TIME=495
Instruction = e824a103
IDEX_PC      = 00000008
IDEX_RV1     = 00000000
IDEX_RV2     = 00000000
IDEX_IMM     = fffffe82
ALU_A        = 00000000
ALU_B        = fffffe82
ALU_CTRL     = 0
ALU_RES      = fffffe82

========== CSR WRITE ==========
TIME=495
csr_we    = 0
csr_cmd   = 0
csr_addr  = e82
csr_raddr = e82
csr_wdata = 00000000
OLD VALUE = 00000000

========== CSR READ ==========
TIME=495
csr_raddr = 064
csr_rdata = 00000000
UVM_INFO ../UVM_VIP/rv32i_driver.sv(83) @ 495: uvm_test_top.env.agent.driver [DRV_LOAD] Loading IMEM[22] = c3ef8d03
PIPE_DBG: t=505 ifid_v=1 idex_v=0 exmem_v=0 memwb_v=0 | idex_rd=2 idex_rs1=9 idex_rs2=2 | exmem_rd=2 exmem_rw=0 | memwb_rd=2 		    memwb_rw=0 | fwdA=0 fwdB=0
========== ID/EX LOAD ==========
IFID_INSTR = 06465193
IMM_EXT    = 00000064
IMM_SRC    = 000
OPCODE     = 13
IDEX_CSR_READ_CAPTURE: instr=06465193 csr_rdata_now=00000000

========== CSR WRITE ==========
TIME=505
csr_we    = 0
csr_cmd   = 0
csr_addr  = e82
csr_raddr = 064
csr_wdata = 00000000
OLD VALUE = 00000000
FWD_DBG: t=505 Rs1E=12 Rs2E=4 RdM=2 RdW=2 RWM=0 RWW=0 MRM=0 -> A=0 B=0
UVM_INFO ../UVM_VIP/rv32i_driver.sv(83) @ 505: uvm_test_top.env.agent.driver [DRV_LOAD] Loading IMEM[23] = 66628223
PIPE_DBG: t=515 ifid_v=0 idex_v=1 exmem_v=0 memwb_v=0 | idex_rd=3 idex_rs1=12 idex_rs2=4 | exmem_rd=2 exmem_rw=0 | memwb_rd=2 		    memwb_rw=0 | fwdA=0 fwdB=0
EXMEM_RD        = 3
EXMEM_RESULTSRC = 0
EXMEM_CSR_READ_CAPTURE: idex_csr_read_now=00000000

========== CSR WRITE ==========
TIME=515
csr_we    = 0
csr_cmd   = 0
csr_addr  = e82
csr_raddr = 064
csr_wdata = 00000000
OLD VALUE = 00000000
FWD_DBG: t=515 Rs1E=12 Rs2E=4 RdM=3 RdW=2 RWM=1 RWW=0 MRM=0 -> A=0 B=0
UVM_INFO ../UVM_VIP/rv32i_driver.sv(83) @ 515: uvm_test_top.env.agent.driver [DRV_LOAD] Loading IMEM[24] = 16c8c097
PIPE_DBG: t=525 ifid_v=0 idex_v=0 exmem_v=1 memwb_v=0 | idex_rd=3 idex_rs1=12 idex_rs2=4 | exmem_rd=3 exmem_rw=1 | memwb_rd=2 		    memwb_rw=0 | fwdA=0 fwdB=0
EXMEM : rd=3 pc4=00000004 alu=00000000 resultsrc=0
MEMWB_RD        = 3
MEMWB_RESULTSRC = 0
MEMWB_WDATA     = fffffe82

========== CSR WRITE ==========
TIME=525
csr_we    = 0
csr_cmd   = 0
csr_addr  = e82
csr_raddr = 064
csr_wdata = 00000000
OLD VALUE = 00000000

========== CSR READ ==========
TIME=525
csr_raddr = 977
csr_rdata = 00000000
FWD_DBG: t=525 Rs1E=12 Rs2E=4 RdM=3 RdW=3 RWM=1 RWW=1 MRM=0 -> A=0 B=0
UVM_INFO ../UVM_VIP/rv32i_driver.sv(83) @ 525: uvm_test_top.env.agent.driver [DRV_LOAD] Loading IMEM[25] = 3e4b3f83
PIPE_DBG: t=535 ifid_v=1 idex_v=0 exmem_v=0 memwb_v=1 | idex_rd=3 idex_rs1=12 idex_rs2=4 | exmem_rd=3 exmem_rw=1 | memwb_rd=3 		    memwb_rw=1 | fwdA=0 fwdB=0
WB : rd=3 wdata=00000000 resultsrc=0
====================================
TIME=535
Instruction = 97774f97
IDEX_PC      = 00000000
IDEX_RV1     = 00000000
IDEX_RV2     = 00000000
IDEX_IMM     = 00000064
ALU_A        = 00000000
ALU_B        = 00000064
ALU_CTRL     = a
ALU_RES      = 00000000
========== ID/EX LOAD ==========
IFID_INSTR = 97774f97
IMM_EXT    = 97774000
IMM_SRC    = 011
OPCODE     = 17
IDEX_CSR_READ_CAPTURE: instr=97774f97 csr_rdata_now=00000000

========== CSR WRITE ==========
TIME=535
csr_we    = 0
csr_cmd   = 0
csr_addr  = 064
csr_raddr = 977
csr_wdata = 0000000c
OLD VALUE = 00000000
FWD_DBG: t=535 Rs1E=14 Rs2E=23 RdM=3 RdW=3 RWM=1 RWW=1 MRM=0 -> A=0 B=0
UVM_INFO ../UVM_VIP/rv32i_driver.sv(83) @ 535: uvm_test_top.env.agent.driver [DRV_LOAD] Loading IMEM[63] = 00000013
PIPE_DBG: t=545 ifid_v=0 idex_v=1 exmem_v=0 memwb_v=0 | idex_rd=31 idex_rs1=14 idex_rs2=23 | exmem_rd=3 exmem_rw=1 | memwb_rd=3 		    memwb_rw=1 | fwdA=0 fwdB=0
EXMEM_RD        = 31
EXMEM_RESULTSRC = 0
EXMEM_CSR_READ_CAPTURE: idex_csr_read_now=00000000

========== CSR WRITE ==========
TIME=545
csr_we    = 0
csr_cmd   = 0
csr_addr  = 064
csr_raddr = 977
csr_wdata = 0000000c
OLD VALUE = 00000000
FWD_DBG: t=545 Rs1E=14 Rs2E=23 RdM=31 RdW=3 RWM=1 RWW=1 MRM=0 -> A=0 B=0
UVM_INFO ../UVM_VIP/rv32i_driver.sv(83) @ 545: uvm_test_top.env.agent.driver [DRV_LOAD] Loading IMEM[63] = 00000013
PIPE_DBG: t=555 ifid_v=0 idex_v=0 exmem_v=1 memwb_v=0 | idex_rd=31 idex_rs1=14 idex_rs2=23 | exmem_rd=31 exmem_rw=1 | memwb_rd=3 		    memwb_rw=1 | fwdA=0 fwdB=0
EXMEM : rd=31 pc4=00000008 alu=97774004 resultsrc=0
MEMWB_RD        = 31
MEMWB_RESULTSRC = 0
MEMWB_WDATA     = 00000000

========== CSR WRITE ==========
TIME=555
csr_we    = 0
csr_cmd   = 0
csr_addr  = 064
csr_raddr = 977
csr_wdata = 0000000c
OLD VALUE = 00000000

========== CSR READ ==========
TIME=555
csr_raddr = e82
csr_rdata = 00000000
FWD_DBG: t=555 Rs1E=14 Rs2E=23 RdM=31 RdW=31 RWM=1 RWW=1 MRM=0 -> A=0 B=0
UVM_INFO ../UVM_VIP/rv32i_driver.sv(83) @ 555: uvm_test_top.env.agent.driver [DRV_LOAD] Loading IMEM[63] = 00000013
PIPE_DBG: t=565 ifid_v=1 idex_v=0 exmem_v=0 memwb_v=1 | idex_rd=31 idex_rs1=14 idex_rs2=23 | exmem_rd=31 exmem_rw=1 | memwb_rd=31 		    memwb_rw=1 | fwdA=0 fwdB=0
WB : rd=31 wdata=97774004 resultsrc=0
====================================
TIME=565
Instruction = e824a103
IDEX_PC      = 00000004
IDEX_RV1     = 00000000
IDEX_RV2     = 00000000
IDEX_IMM     = 97774000
ALU_A        = 00000004
ALU_B        = 97774000
ALU_CTRL     = 0
ALU_RES      = 97774004
========== ID/EX LOAD ==========
IFID_INSTR = e824a103
IMM_EXT    = fffffe82
IMM_SRC    = 000
OPCODE     = 03
IDEX_CSR_READ_CAPTURE: instr=e824a103 csr_rdata_now=00000000

========== CSR WRITE ==========
TIME=565
csr_we    = 0
csr_cmd   = 0
csr_addr  = 977
csr_raddr = e82
csr_wdata = 0000000e
OLD VALUE = 00000000
FWD_DBG: t=565 Rs1E=9 Rs2E=2 RdM=31 RdW=31 RWM=1 RWW=1 MRM=0 -> A=0 B=0
UVM_INFO ../UVM_VIP/rv32i_driver.sv(83) @ 565: uvm_test_top.env.agent.driver [DRV_LOAD] Loading IMEM[63] = 00000013
PIPE_DBG: t=575 ifid_v=0 idex_v=1 exmem_v=0 memwb_v=0 | idex_rd=2 idex_rs1=9 idex_rs2=2 | exmem_rd=31 exmem_rw=1 | memwb_rd=31 		    memwb_rw=1 | fwdA=0 fwdB=0
EXMEM_RD        = 2
EXMEM_RESULTSRC = 1
EXMEM_CSR_READ_CAPTURE: idex_csr_read_now=00000000

========== CSR WRITE ==========
TIME=575
csr_we    = 0
csr_cmd   = 0
csr_addr  = 977
csr_raddr = e82
csr_wdata = 0000000e
OLD VALUE = 00000000
FWD_DBG: t=575 Rs1E=9 Rs2E=2 RdM=2 RdW=31 RWM=0 RWW=1 MRM=0 -> A=0 B=0
UVM_INFO ../UVM_VIP/rv32i_monitor.sv(183) @ 575: uvm_test_top.env.agent.monitor [MON] [58] TRAP: cause=0x00000004
UVM_INFO ../UVM_VIP/rv32i_scoreboard.sv(199) @ 575: uvm_test_top.env.scoreboard [SB_TRAP] Trap detected: cause=0x00000004
UVM_INFO ../UVM_VIP/rv32i_driver.sv(83) @ 575: uvm_test_top.env.agent.driver [DRV_LOAD] Loading IMEM[63] = 00000013
PIPE_DBG: t=585 ifid_v=0 idex_v=0 exmem_v=1 memwb_v=0 | idex_rd=2 idex_rs1=9 idex_rs2=2 | exmem_rd=2 exmem_rw=0 | memwb_rd=31 		    memwb_rw=1 | fwdA=0 fwdB=0
EXMEM : rd=2 pc4=0000000c alu=fffffe82 resultsrc=1
MEMWB_RD        = 2
MEMWB_RESULTSRC = 1
MEMWB_WDATA     = 97774004

========== CSR WRITE ==========
TIME=585
csr_we    = 0
csr_cmd   = 0
csr_addr  = 977
csr_raddr = e82
csr_wdata = 0000000e
OLD VALUE = 00000000
FWD_DBG: t=585 Rs1E=9 Rs2E=2 RdM=2 RdW=2 RWM=0 RWW=0 MRM=0 -> A=0 B=0
UVM_INFO ../UVM_VIP/rv32i_driver.sv(83) @ 585: uvm_test_top.env.agent.driver [DRV_LOAD] Loading IMEM[63] = 00000013
PIPE_DBG: t=595 ifid_v=0 idex_v=0 exmem_v=0 memwb_v=1 | idex_rd=2 idex_rs1=9 idex_rs2=2 | exmem_rd=2 exmem_rw=0 | memwb_rd=2 		    memwb_rw=0 | fwdA=0 fwdB=0
WB : rd=2 wdata=fffffe82 resultsrc=1
====================================
TIME=595
Instruction = e824a103
IDEX_PC      = 00000008
IDEX_RV1     = 00000000
IDEX_RV2     = 00000000
IDEX_IMM     = fffffe82
ALU_A        = 00000000
ALU_B        = fffffe82
ALU_CTRL     = 0
ALU_RES      = fffffe82

========== CSR WRITE ==========
TIME=595
csr_we    = 0
csr_cmd   = 0
csr_addr  = e82
csr_raddr = e82
csr_wdata = 00000000
OLD VALUE = 00000000

========== CSR READ ==========
TIME=595
csr_raddr = 064
csr_rdata = 00000000
UVM_INFO ../UVM_VIP/rv32i_driver.sv(83) @ 595: uvm_test_top.env.agent.driver [DRV_LOAD] Loading IMEM[63] = 00000013
PIPE_DBG: t=605 ifid_v=1 idex_v=0 exmem_v=0 memwb_v=0 | idex_rd=2 idex_rs1=9 idex_rs2=2 | exmem_rd=2 exmem_rw=0 | memwb_rd=2 		    memwb_rw=0 | fwdA=0 fwdB=0
========== ID/EX LOAD ==========
IFID_INSTR = 06465193
IMM_EXT    = 00000064
IMM_SRC    = 000
OPCODE     = 13
IDEX_CSR_READ_CAPTURE: instr=06465193 csr_rdata_now=00000000

========== CSR WRITE ==========
TIME=605
csr_we    = 0
csr_cmd   = 0
csr_addr  = e82
csr_raddr = 064
csr_wdata = 00000000
OLD VALUE = 00000000
FWD_DBG: t=605 Rs1E=12 Rs2E=4 RdM=2 RdW=2 RWM=0 RWW=0 MRM=0 -> A=0 B=0
UVM_INFO ../UVM_VIP/rv32i_driver.sv(83) @ 605: uvm_test_top.env.agent.driver [DRV_LOAD] Loading IMEM[63] = 00000013
PIPE_DBG: t=615 ifid_v=0 idex_v=1 exmem_v=0 memwb_v=0 | idex_rd=3 idex_rs1=12 idex_rs2=4 | exmem_rd=2 exmem_rw=0 | memwb_rd=2 		    memwb_rw=0 | fwdA=0 fwdB=0
EXMEM_RD        = 3
EXMEM_RESULTSRC = 0
EXMEM_CSR_READ_CAPTURE: idex_csr_read_now=00000000

========== CSR WRITE ==========
TIME=615
csr_we    = 0
csr_cmd   = 0
csr_addr  = e82
csr_raddr = 064
csr_wdata = 00000000
OLD VALUE = 00000000
FWD_DBG: t=615 Rs1E=12 Rs2E=4 RdM=3 RdW=2 RWM=1 RWW=0 MRM=0 -> A=0 B=0
UVM_INFO ../UVM_VIP/rv32i_driver.sv(83) @ 615: uvm_test_top.env.agent.driver [DRV_LOAD] Loading IMEM[63] = 00000013
PIPE_DBG: t=625 ifid_v=0 idex_v=0 exmem_v=1 memwb_v=0 | idex_rd=3 idex_rs1=12 idex_rs2=4 | exmem_rd=3 exmem_rw=1 | memwb_rd=2 		    memwb_rw=0 | fwdA=0 fwdB=0
EXMEM : rd=3 pc4=00000004 alu=00000000 resultsrc=0
MEMWB_RD        = 3
MEMWB_RESULTSRC = 0
MEMWB_WDATA     = fffffe82

========== CSR WRITE ==========
TIME=625
csr_we    = 0
csr_cmd   = 0
csr_addr  = e82
csr_raddr = 064
csr_wdata = 00000000
OLD VALUE = 00000000

========== CSR READ ==========
TIME=625
csr_raddr = 977
csr_rdata = 00000000
FWD_DBG: t=625 Rs1E=12 Rs2E=4 RdM=3 RdW=3 RWM=1 RWW=1 MRM=0 -> A=0 B=0
UVM_INFO ../UVM_VIP/rv32i_driver.sv(83) @ 625: uvm_test_top.env.agent.driver [DRV_LOAD] Loading IMEM[63] = 00000013
PIPE_DBG: t=635 ifid_v=1 idex_v=0 exmem_v=0 memwb_v=1 | idex_rd=3 idex_rs1=12 idex_rs2=4 | exmem_rd=3 exmem_rw=1 | memwb_rd=3 		    memwb_rw=1 | fwdA=0 fwdB=0
WB : rd=3 wdata=00000000 resultsrc=0
====================================
TIME=635
Instruction = 97774f97
IDEX_PC      = 00000000
IDEX_RV1     = 00000000
IDEX_RV2     = 00000000
IDEX_IMM     = 00000064
ALU_A        = 00000000
ALU_B        = 00000064
ALU_CTRL     = a
ALU_RES      = 00000000
========== ID/EX LOAD ==========
IFID_INSTR = 97774f97
IMM_EXT    = 97774000
IMM_SRC    = 011
OPCODE     = 17
IDEX_CSR_READ_CAPTURE: instr=97774f97 csr_rdata_now=00000000

========== CSR WRITE ==========
TIME=635
csr_we    = 0
csr_cmd   = 0
csr_addr  = 064
csr_raddr = 977
csr_wdata = 0000000c
OLD VALUE = 00000000
FWD_DBG: t=635 Rs1E=14 Rs2E=23 RdM=3 RdW=3 RWM=1 RWW=1 MRM=0 -> A=0 B=0
UVM_INFO ../UVM_VIP/rv32i_driver.sv(83) @ 635: uvm_test_top.env.agent.driver [DRV_LOAD] Loading IMEM[63] = 00000013
PIPE_DBG: t=645 ifid_v=0 idex_v=1 exmem_v=0 memwb_v=0 | idex_rd=31 idex_rs1=14 idex_rs2=23 | exmem_rd=3 exmem_rw=1 | memwb_rd=3 		    memwb_rw=1 | fwdA=0 fwdB=0
EXMEM_RD        = 31
EXMEM_RESULTSRC = 0
EXMEM_CSR_READ_CAPTURE: idex_csr_read_now=00000000

========== CSR WRITE ==========
TIME=645
csr_we    = 0
csr_cmd   = 0
csr_addr  = 064
csr_raddr = 977
csr_wdata = 0000000c
OLD VALUE = 00000000
FWD_DBG: t=645 Rs1E=14 Rs2E=23 RdM=31 RdW=3 RWM=1 RWW=1 MRM=0 -> A=0 B=0
UVM_INFO ../UVM_VIP/rv32i_driver.sv(83) @ 645: uvm_test_top.env.agent.driver [DRV_LOAD] Loading IMEM[63] = 00000013
PIPE_DBG: t=655 ifid_v=0 idex_v=0 exmem_v=1 memwb_v=0 | idex_rd=31 idex_rs1=14 idex_rs2=23 | exmem_rd=31 exmem_rw=1 | memwb_rd=3 		    memwb_rw=1 | fwdA=0 fwdB=0
EXMEM : rd=31 pc4=00000008 alu=97774004 resultsrc=0
MEMWB_RD        = 31
MEMWB_RESULTSRC = 0
MEMWB_WDATA     = 00000000

========== CSR WRITE ==========
TIME=655
csr_we    = 0
csr_cmd   = 0
csr_addr  = 064
csr_raddr = 977
csr_wdata = 0000000c
OLD VALUE = 00000000

========== CSR READ ==========
TIME=655
csr_raddr = e82
csr_rdata = 00000000
FWD_DBG: t=655 Rs1E=14 Rs2E=23 RdM=31 RdW=31 RWM=1 RWW=1 MRM=0 -> A=0 B=0
UVM_INFO ../UVM_VIP/rv32i_driver.sv(83) @ 655: uvm_test_top.env.agent.driver [DRV_LOAD] Loading IMEM[63] = 00000013
PIPE_DBG: t=665 ifid_v=1 idex_v=0 exmem_v=0 memwb_v=1 | idex_rd=31 idex_rs1=14 idex_rs2=23 | exmem_rd=31 exmem_rw=1 | memwb_rd=31 		    memwb_rw=1 | fwdA=0 fwdB=0
WB : rd=31 wdata=97774004 resultsrc=0
====================================
TIME=665
Instruction = e824a103
IDEX_PC      = 00000004
IDEX_RV1     = 00000000
IDEX_RV2     = 00000000
IDEX_IMM     = 97774000
ALU_A        = 00000004
ALU_B        = 97774000
ALU_CTRL     = 0
ALU_RES      = 97774004
========== ID/EX LOAD ==========
IFID_INSTR = e824a103
IMM_EXT    = fffffe82
IMM_SRC    = 000
OPCODE     = 03
IDEX_CSR_READ_CAPTURE: instr=e824a103 csr_rdata_now=00000000

========== CSR WRITE ==========
TIME=665
csr_we    = 0
csr_cmd   = 0
csr_addr  = 977
csr_raddr = e82
csr_wdata = 0000000e
OLD VALUE = 00000000
FWD_DBG: t=665 Rs1E=9 Rs2E=2 RdM=31 RdW=31 RWM=1 RWW=1 MRM=0 -> A=0 B=0
UVM_INFO ../UVM_VIP/rv32i_driver.sv(83) @ 665: uvm_test_top.env.agent.driver [DRV_LOAD] Loading IMEM[63] = 00000013
PIPE_DBG: t=675 ifid_v=0 idex_v=1 exmem_v=0 memwb_v=0 | idex_rd=2 idex_rs1=9 idex_rs2=2 | exmem_rd=31 exmem_rw=1 | memwb_rd=31 		    memwb_rw=1 | fwdA=0 fwdB=0
EXMEM_RD        = 2
EXMEM_RESULTSRC = 1
EXMEM_CSR_READ_CAPTURE: idex_csr_read_now=00000000

========== CSR WRITE ==========
TIME=675
csr_we    = 0
csr_cmd   = 0
csr_addr  = 977
csr_raddr = e82
csr_wdata = 0000000e
OLD VALUE = 00000000
FWD_DBG: t=675 Rs1E=9 Rs2E=2 RdM=2 RdW=31 RWM=0 RWW=1 MRM=0 -> A=0 B=0
UVM_INFO ../UVM_VIP/rv32i_monitor.sv(183) @ 675: uvm_test_top.env.agent.monitor [MON] [68] TRAP: cause=0x00000004
UVM_INFO ../UVM_VIP/rv32i_scoreboard.sv(199) @ 675: uvm_test_top.env.scoreboard [SB_TRAP] Trap detected: cause=0x00000004
UVM_INFO ../UVM_VIP/rv32i_driver.sv(83) @ 675: uvm_test_top.env.agent.driver [DRV_LOAD] Loading IMEM[63] = 00000013
PIPE_DBG: t=685 ifid_v=0 idex_v=0 exmem_v=1 memwb_v=0 | idex_rd=2 idex_rs1=9 idex_rs2=2 | exmem_rd=2 exmem_rw=0 | memwb_rd=31 		    memwb_rw=1 | fwdA=0 fwdB=0
EXMEM : rd=2 pc4=0000000c alu=fffffe82 resultsrc=1
MEMWB_RD        = 2
MEMWB_RESULTSRC = 1
MEMWB_WDATA     = 97774004

========== CSR WRITE ==========
TIME=685
csr_we    = 0
csr_cmd   = 0
csr_addr  = 977
csr_raddr = e82
csr_wdata = 0000000e
OLD VALUE = 00000000
FWD_DBG: t=685 Rs1E=9 Rs2E=2 RdM=2 RdW=2 RWM=0 RWW=0 MRM=0 -> A=0 B=0
UVM_INFO ../UVM_VIP/rv32i_driver.sv(83) @ 685: uvm_test_top.env.agent.driver [DRV_LOAD] Loading IMEM[63] = 00000013
PIPE_DBG: t=695 ifid_v=0 idex_v=0 exmem_v=0 memwb_v=1 | idex_rd=2 idex_rs1=9 idex_rs2=2 | exmem_rd=2 exmem_rw=0 | memwb_rd=2 		    memwb_rw=0 | fwdA=0 fwdB=0
WB : rd=2 wdata=fffffe82 resultsrc=1
====================================
TIME=695
Instruction = e824a103
IDEX_PC      = 00000008
IDEX_RV1     = 00000000
IDEX_RV2     = 00000000
IDEX_IMM     = fffffe82
ALU_A        = 00000000
ALU_B        = fffffe82
ALU_CTRL     = 0
ALU_RES      = fffffe82

========== CSR WRITE ==========
TIME=695
csr_we    = 0
csr_cmd   = 0
csr_addr  = e82
csr_raddr = e82
csr_wdata = 00000000
OLD VALUE = 00000000

========== CSR READ ==========
TIME=695
csr_raddr = 064
csr_rdata = 00000000
UVM_INFO ../UVM_VIP/rv32i_driver.sv(83) @ 695: uvm_test_top.env.agent.driver [DRV_LOAD] Loading IMEM[63] = 00000013
PIPE_DBG: t=705 ifid_v=1 idex_v=0 exmem_v=0 memwb_v=0 | idex_rd=2 idex_rs1=9 idex_rs2=2 | exmem_rd=2 exmem_rw=0 | memwb_rd=2 		    memwb_rw=0 | fwdA=0 fwdB=0
========== ID/EX LOAD ==========
IFID_INSTR = 06465193
IMM_EXT    = 00000064
IMM_SRC    = 000
OPCODE     = 13
IDEX_CSR_READ_CAPTURE: instr=06465193 csr_rdata_now=00000000

========== CSR WRITE ==========
TIME=705
csr_we    = 0
csr_cmd   = 0
csr_addr  = e82
csr_raddr = 064
csr_wdata = 00000000
OLD VALUE = 00000000
FWD_DBG: t=705 Rs1E=12 Rs2E=4 RdM=2 RdW=2 RWM=0 RWW=0 MRM=0 -> A=0 B=0
UVM_INFO ../UVM_VIP/rv32i_driver.sv(83) @ 705: uvm_test_top.env.agent.driver [DRV_LOAD] Loading IMEM[63] = 00000013
PIPE_DBG: t=715 ifid_v=0 idex_v=1 exmem_v=0 memwb_v=0 | idex_rd=3 idex_rs1=12 idex_rs2=4 | exmem_rd=2 exmem_rw=0 | memwb_rd=2 		    memwb_rw=0 | fwdA=0 fwdB=0
EXMEM_RD        = 3
EXMEM_RESULTSRC = 0
EXMEM_CSR_READ_CAPTURE: idex_csr_read_now=00000000

========== CSR WRITE ==========
TIME=715
csr_we    = 0
csr_cmd   = 0
csr_addr  = e82
csr_raddr = 064
csr_wdata = 00000000
OLD VALUE = 00000000
FWD_DBG: t=715 Rs1E=12 Rs2E=4 RdM=3 RdW=2 RWM=1 RWW=0 MRM=0 -> A=0 B=0
UVM_INFO ../UVM_VIP/rv32i_driver.sv(83) @ 715: uvm_test_top.env.agent.driver [DRV_LOAD] Loading IMEM[63] = 00000013
PIPE_DBG: t=725 ifid_v=0 idex_v=0 exmem_v=1 memwb_v=0 | idex_rd=3 idex_rs1=12 idex_rs2=4 | exmem_rd=3 exmem_rw=1 | memwb_rd=2 		    memwb_rw=0 | fwdA=0 fwdB=0
EXMEM : rd=3 pc4=00000004 alu=00000000 resultsrc=0
MEMWB_RD        = 3
MEMWB_RESULTSRC = 0
MEMWB_WDATA     = fffffe82

========== CSR WRITE ==========
TIME=725
csr_we    = 0
csr_cmd   = 0
csr_addr  = e82
csr_raddr = 064
csr_wdata = 00000000
OLD VALUE = 00000000

========== CSR READ ==========
TIME=725
csr_raddr = 977
csr_rdata = 00000000
FWD_DBG: t=725 Rs1E=12 Rs2E=4 RdM=3 RdW=3 RWM=1 RWW=1 MRM=0 -> A=0 B=0
UVM_INFO ../UVM_VIP/rv32i_driver.sv(83) @ 725: uvm_test_top.env.agent.driver [DRV_LOAD] Loading IMEM[63] = 00000013
PIPE_DBG: t=735 ifid_v=1 idex_v=0 exmem_v=0 memwb_v=1 | idex_rd=3 idex_rs1=12 idex_rs2=4 | exmem_rd=3 exmem_rw=1 | memwb_rd=3 		    memwb_rw=1 | fwdA=0 fwdB=0
WB : rd=3 wdata=00000000 resultsrc=0
====================================
TIME=735
Instruction = 97774f97
IDEX_PC      = 00000000
IDEX_RV1     = 00000000
IDEX_RV2     = 00000000
IDEX_IMM     = 00000064
ALU_A        = 00000000
ALU_B        = 00000064
ALU_CTRL     = a
ALU_RES      = 00000000
========== ID/EX LOAD ==========
IFID_INSTR = 97774f97
IMM_EXT    = 97774000
IMM_SRC    = 011
OPCODE     = 17
IDEX_CSR_READ_CAPTURE: instr=97774f97 csr_rdata_now=00000000

========== CSR WRITE ==========
TIME=735
csr_we    = 0
csr_cmd   = 0
csr_addr  = 064
csr_raddr = 977
csr_wdata = 0000000c
OLD VALUE = 00000000
FWD_DBG: t=735 Rs1E=14 Rs2E=23 RdM=3 RdW=3 RWM=1 RWW=1 MRM=0 -> A=0 B=0
UVM_INFO ../UVM_VIP/rv32i_driver.sv(83) @ 735: uvm_test_top.env.agent.driver [DRV_LOAD] Loading IMEM[63] = 00000013
PIPE_DBG: t=745 ifid_v=0 idex_v=1 exmem_v=0 memwb_v=0 | idex_rd=31 idex_rs1=14 idex_rs2=23 | exmem_rd=3 exmem_rw=1 | memwb_rd=3 		    memwb_rw=1 | fwdA=0 fwdB=0
EXMEM_RD        = 31
EXMEM_RESULTSRC = 0
EXMEM_CSR_READ_CAPTURE: idex_csr_read_now=00000000

========== CSR WRITE ==========
TIME=745
csr_we    = 0
csr_cmd   = 0
csr_addr  = 064
csr_raddr = 977
csr_wdata = 0000000c
OLD VALUE = 00000000
FWD_DBG: t=745 Rs1E=14 Rs2E=23 RdM=31 RdW=3 RWM=1 RWW=1 MRM=0 -> A=0 B=0
UVM_INFO ../UVM_VIP/rv32i_driver.sv(83) @ 745: uvm_test_top.env.agent.driver [DRV_LOAD] Loading IMEM[63] = 00000013
PIPE_DBG: t=755 ifid_v=0 idex_v=0 exmem_v=1 memwb_v=0 | idex_rd=31 idex_rs1=14 idex_rs2=23 | exmem_rd=31 exmem_rw=1 | memwb_rd=3 		    memwb_rw=1 | fwdA=0 fwdB=0
EXMEM : rd=31 pc4=00000008 alu=97774004 resultsrc=0
MEMWB_RD        = 31
MEMWB_RESULTSRC = 0
MEMWB_WDATA     = 00000000

========== CSR WRITE ==========
TIME=755
csr_we    = 0
csr_cmd   = 0
csr_addr  = 064
csr_raddr = 977
csr_wdata = 0000000c
OLD VALUE = 00000000

========== CSR READ ==========
TIME=755
csr_raddr = e82
csr_rdata = 00000000
FWD_DBG: t=755 Rs1E=14 Rs2E=23 RdM=31 RdW=31 RWM=1 RWW=1 MRM=0 -> A=0 B=0
UVM_INFO ../UVM_VIP/rv32i_driver.sv(83) @ 755: uvm_test_top.env.agent.driver [DRV_LOAD] Loading IMEM[63] = 00000013
PIPE_DBG: t=765 ifid_v=1 idex_v=0 exmem_v=0 memwb_v=1 | idex_rd=31 idex_rs1=14 idex_rs2=23 | exmem_rd=31 exmem_rw=1 | memwb_rd=31 		    memwb_rw=1 | fwdA=0 fwdB=0
WB : rd=31 wdata=97774004 resultsrc=0
====================================
TIME=765
Instruction = e824a103
IDEX_PC      = 00000004
IDEX_RV1     = 00000000
IDEX_RV2     = 00000000
IDEX_IMM     = 97774000
ALU_A        = 00000004
ALU_B        = 97774000
ALU_CTRL     = 0
ALU_RES      = 97774004
========== ID/EX LOAD ==========
IFID_INSTR = e824a103
IMM_EXT    = fffffe82
IMM_SRC    = 000
OPCODE     = 03
IDEX_CSR_READ_CAPTURE: instr=e824a103 csr_rdata_now=00000000

========== CSR WRITE ==========
TIME=765
csr_we    = 0
csr_cmd   = 0
csr_addr  = 977
csr_raddr = e82
csr_wdata = 0000000e
OLD VALUE = 00000000
FWD_DBG: t=765 Rs1E=9 Rs2E=2 RdM=31 RdW=31 RWM=1 RWW=1 MRM=0 -> A=0 B=0
UVM_INFO ../UVM_VIP/rv32i_driver.sv(83) @ 765: uvm_test_top.env.agent.driver [DRV_LOAD] Loading IMEM[63] = 00000013
PIPE_DBG: t=775 ifid_v=0 idex_v=1 exmem_v=0 memwb_v=0 | idex_rd=2 idex_rs1=9 idex_rs2=2 | exmem_rd=31 exmem_rw=1 | memwb_rd=31 		    memwb_rw=1 | fwdA=0 fwdB=0
EXMEM_RD        = 2
EXMEM_RESULTSRC = 1
EXMEM_CSR_READ_CAPTURE: idex_csr_read_now=00000000

========== CSR WRITE ==========
TIME=775
csr_we    = 0
csr_cmd   = 0
csr_addr  = 977
csr_raddr = e82
csr_wdata = 0000000e
OLD VALUE = 00000000
FWD_DBG: t=775 Rs1E=9 Rs2E=2 RdM=2 RdW=31 RWM=0 RWW=1 MRM=0 -> A=0 B=0
UVM_INFO ../UVM_VIP/rv32i_monitor.sv(183) @ 775: uvm_test_top.env.agent.monitor [MON] [78] TRAP: cause=0x00000004
UVM_INFO ../UVM_VIP/rv32i_scoreboard.sv(199) @ 775: uvm_test_top.env.scoreboard [SB_TRAP] Trap detected: cause=0x00000004
UVM_INFO ../UVM_VIP/rv32i_driver.sv(83) @ 775: uvm_test_top.env.agent.driver [DRV_LOAD] Loading IMEM[63] = 00000013
PIPE_DBG: t=785 ifid_v=0 idex_v=0 exmem_v=1 memwb_v=0 | idex_rd=2 idex_rs1=9 idex_rs2=2 | exmem_rd=2 exmem_rw=0 | memwb_rd=31 		    memwb_rw=1 | fwdA=0 fwdB=0
EXMEM : rd=2 pc4=0000000c alu=fffffe82 resultsrc=1
MEMWB_RD        = 2
MEMWB_RESULTSRC = 1
MEMWB_WDATA     = 97774004

========== CSR WRITE ==========
TIME=785
csr_we    = 0
csr_cmd   = 0
csr_addr  = 977
csr_raddr = e82
csr_wdata = 0000000e
OLD VALUE = 00000000
FWD_DBG: t=785 Rs1E=9 Rs2E=2 RdM=2 RdW=2 RWM=0 RWW=0 MRM=0 -> A=0 B=0
UVM_INFO ../UVM_VIP/rv32i_driver.sv(83) @ 785: uvm_test_top.env.agent.driver [DRV_LOAD] Loading IMEM[63] = 00000013
PIPE_DBG: t=795 ifid_v=0 idex_v=0 exmem_v=0 memwb_v=1 | idex_rd=2 idex_rs1=9 idex_rs2=2 | exmem_rd=2 exmem_rw=0 | memwb_rd=2 		    memwb_rw=0 | fwdA=0 fwdB=0
WB : rd=2 wdata=fffffe82 resultsrc=1
====================================
TIME=795
Instruction = e824a103
IDEX_PC      = 00000008
IDEX_RV1     = 00000000
IDEX_RV2     = 00000000
IDEX_IMM     = fffffe82
ALU_A        = 00000000
ALU_B        = fffffe82
ALU_CTRL     = 0
ALU_RES      = fffffe82

========== CSR WRITE ==========
TIME=795
csr_we    = 0
csr_cmd   = 0
csr_addr  = e82
csr_raddr = e82
csr_wdata = 00000000
OLD VALUE = 00000000

========== CSR READ ==========
TIME=795
csr_raddr = 064
csr_rdata = 00000000
UVM_INFO ../UVM_VIP/rv32i_driver.sv(83) @ 795: uvm_test_top.env.agent.driver [DRV_LOAD] Loading IMEM[63] = 00000013
PIPE_DBG: t=805 ifid_v=1 idex_v=0 exmem_v=0 memwb_v=0 | idex_rd=2 idex_rs1=9 idex_rs2=2 | exmem_rd=2 exmem_rw=0 | memwb_rd=2 		    memwb_rw=0 | fwdA=0 fwdB=0
========== ID/EX LOAD ==========
IFID_INSTR = 06465193
IMM_EXT    = 00000064
IMM_SRC    = 000
OPCODE     = 13
IDEX_CSR_READ_CAPTURE: instr=06465193 csr_rdata_now=00000000

========== CSR WRITE ==========
TIME=805
csr_we    = 0
csr_cmd   = 0
csr_addr  = e82
csr_raddr = 064
csr_wdata = 00000000
OLD VALUE = 00000000
FWD_DBG: t=805 Rs1E=12 Rs2E=4 RdM=2 RdW=2 RWM=0 RWW=0 MRM=0 -> A=0 B=0
UVM_INFO ../UVM_VIP/rv32i_driver.sv(83) @ 805: uvm_test_top.env.agent.driver [DRV_LOAD] Loading IMEM[63] = 00000013
PIPE_DBG: t=815 ifid_v=0 idex_v=1 exmem_v=0 memwb_v=0 | idex_rd=3 idex_rs1=12 idex_rs2=4 | exmem_rd=2 exmem_rw=0 | memwb_rd=2 		    memwb_rw=0 | fwdA=0 fwdB=0
EXMEM_RD        = 3
EXMEM_RESULTSRC = 0
EXMEM_CSR_READ_CAPTURE: idex_csr_read_now=00000000

========== CSR WRITE ==========
TIME=815
csr_we    = 0
csr_cmd   = 0
csr_addr  = e82
csr_raddr = 064
csr_wdata = 00000000
OLD VALUE = 00000000
FWD_DBG: t=815 Rs1E=12 Rs2E=4 RdM=3 RdW=2 RWM=1 RWW=0 MRM=0 -> A=0 B=0
UVM_INFO ../UVM_VIP/rv32i_driver.sv(83) @ 815: uvm_test_top.env.agent.driver [DRV_LOAD] Loading IMEM[63] = 00000013
PIPE_DBG: t=825 ifid_v=0 idex_v=0 exmem_v=1 memwb_v=0 | idex_rd=3 idex_rs1=12 idex_rs2=4 | exmem_rd=3 exmem_rw=1 | memwb_rd=2 		    memwb_rw=0 | fwdA=0 fwdB=0
EXMEM : rd=3 pc4=00000004 alu=00000000 resultsrc=0
MEMWB_RD        = 3
MEMWB_RESULTSRC = 0
MEMWB_WDATA     = fffffe82

========== CSR WRITE ==========
TIME=825
csr_we    = 0
csr_cmd   = 0
csr_addr  = e82
csr_raddr = 064
csr_wdata = 00000000
OLD VALUE = 00000000

========== CSR READ ==========
TIME=825
csr_raddr = 977
csr_rdata = 00000000
FWD_DBG: t=825 Rs1E=12 Rs2E=4 RdM=3 RdW=3 RWM=1 RWW=1 MRM=0 -> A=0 B=0
UVM_INFO ../UVM_VIP/rv32i_driver.sv(83) @ 825: uvm_test_top.env.agent.driver [DRV_LOAD] Loading IMEM[63] = 00000013
PIPE_DBG: t=835 ifid_v=1 idex_v=0 exmem_v=0 memwb_v=1 | idex_rd=3 idex_rs1=12 idex_rs2=4 | exmem_rd=3 exmem_rw=1 | memwb_rd=3 		    memwb_rw=1 | fwdA=0 fwdB=0
WB : rd=3 wdata=00000000 resultsrc=0
====================================
TIME=835
Instruction = 97774f97
IDEX_PC      = 00000000
IDEX_RV1     = 00000000
IDEX_RV2     = 00000000
IDEX_IMM     = 00000064
ALU_A        = 00000000
ALU_B        = 00000064
ALU_CTRL     = a
ALU_RES      = 00000000
========== ID/EX LOAD ==========
IFID_INSTR = 97774f97
IMM_EXT    = 97774000
IMM_SRC    = 011
OPCODE     = 17
IDEX_CSR_READ_CAPTURE: instr=97774f97 csr_rdata_now=00000000

========== CSR WRITE ==========
TIME=835
csr_we    = 0
csr_cmd   = 0
csr_addr  = 064
csr_raddr = 977
csr_wdata = 0000000c
OLD VALUE = 00000000
FWD_DBG: t=835 Rs1E=14 Rs2E=23 RdM=3 RdW=3 RWM=1 RWW=1 MRM=0 -> A=0 B=0
UVM_INFO ../UVM_VIP/rv32i_sequence_lib.sv(1017) @ 835: uvm_test_top.env.agent.sequencer@@seq [seq] === Random Sequence DONE ===
UVM_INFO /synopsys/tools/vcs/vcs/X-2025.06-SP2-1/vcs/X-2025.06-SP2-1/etc/uvm-1.2/base/uvm_objection.svh(1276) @ 835: reporter [TEST_DONE] 'run' phase is ready to proceed to the 'extract' phase
UVM_INFO ../UVM_VIP/rv32i_coverage.sv(314) @ 835: uvm_test_top.env.coverage [COV] ============= COVERAGE SUMMARY =============
UVM_INFO ../UVM_VIP/rv32i_coverage.sv(315) @ 835: uvm_test_top.env.coverage [COV] Opcode        : 27.3%
UVM_INFO ../UVM_VIP/rv32i_coverage.sv(316) @ 835: uvm_test_top.env.coverage [COV] ALU Control   : 18.2%
UVM_INFO ../UVM_VIP/rv32i_coverage.sv(317) @ 835: uvm_test_top.env.coverage [COV] Branch×Taken  : 16.7%
UVM_INFO ../UVM_VIP/rv32i_coverage.sv(318) @ 835: uvm_test_top.env.coverage [COV] Forwarding    : 26.4%
UVM_INFO ../UVM_VIP/rv32i_coverage.sv(319) @ 835: uvm_test_top.env.coverage [COV] WB Source     : 25.0%
UVM_INFO ../UVM_VIP/rv32i_coverage.sv(320) @ 835: uvm_test_top.env.coverage [COV] Trap Cause    : 14.3%
UVM_INFO ../UVM_VIP/rv32i_coverage.sv(321) @ 835: uvm_test_top.env.coverage [COV] Load Width    : 20.0%
UVM_INFO ../UVM_VIP/rv32i_coverage.sv(322) @ 835: uvm_test_top.env.coverage [COV] Store Width   : 0.0%
UVM_INFO ../UVM_VIP/rv32i_coverage.sv(323) @ 835: uvm_test_top.env.coverage [COV] Mem Alignment : 0.0%
UVM_INFO ../UVM_VIP/rv32i_coverage.sv(324) @ 835: uvm_test_top.env.coverage [COV] Reg Addresses : 6.2%
UVM_INFO ../UVM_VIP/rv32i_coverage.sv(325) @ 835: uvm_test_top.env.coverage [COV] R-type f3     : 0.0%
UVM_INFO ../UVM_VIP/rv32i_coverage.sv(326) @ 835: uvm_test_top.env.coverage [COV] I-type f3     : 12.5%
UVM_INFO ../UVM_VIP/rv32i_coverage.sv(327) @ 835: uvm_test_top.env.coverage [COV] Control Flow  : 33.3%
UVM_INFO ../UVM_VIP/rv32i_coverage.sv(328) @ 835: uvm_test_top.env.coverage [COV] ============================================
UVM_INFO ../UVM_VIP/rv32i_scoreboard.sv(277) @ 835: uvm_test_top.env.scoreboard [SB] ============================================
UVM_INFO ../UVM_VIP/rv32i_scoreboard.sv(278) @ 835: uvm_test_top.env.scoreboard [SB] WB  checks: 11
UVM_INFO ../UVM_VIP/rv32i_scoreboard.sv(279) @ 835: uvm_test_top.env.scoreboard [SB] MEM checks: 0
UVM_INFO ../UVM_VIP/rv32i_scoreboard.sv(280) @ 835: uvm_test_top.env.scoreboard [SB] TRP checks: 5
UVM_INFO ../UVM_VIP/rv32i_scoreboard.sv(281) @ 835: uvm_test_top.env.scoreboard [SB] PASS: 5  FAIL: 0
UVM_INFO ../UVM_VIP/rv32i_scoreboard.sv(283) @ 835: uvm_test_top.env.scoreboard [SB] *** ALL CHECKS PASSED ***
UVM_INFO ../UVM_VIP/rv32i_scoreboard.sv(286) @ 835: uvm_test_top.env.scoreboard [SB] ============================================
UVM_INFO /synopsys/tools/vcs/vcs/X-2025.06-SP2-1/vcs/X-2025.06-SP2-1/etc/uvm-1.2/base/uvm_report_catcher.svh(705) @ 835: reporter [UVM/REPORT/CATCHER] 
--- UVM Report catcher Summary ---


Number of demoted UVM_FATAL reports  :    0
Number of demoted UVM_ERROR reports  :    0
Number of demoted UVM_WARNING reports:    0
Number of caught UVM_FATAL reports   :    0
Number of caught UVM_ERROR reports   :    0
Number of caught UVM_WARNING reports :    0

UVM_INFO /synopsys/tools/vcs/vcs/X-2025.06-SP2-1/vcs/X-2025.06-SP2-1/etc/uvm-1.2/base/uvm_report_server.svh(904) @ 835: reporter [UVM/REPORT/SERVER] 
--- UVM Report Summary ---

** Report counts by severity
UVM_INFO :  101
UVM_WARNING :    0
UVM_ERROR :    0
UVM_FATAL :    0
** Report counts by id
[COV]    15
[DRV]     5
[DRV_LOAD]    56
[MON]     5
[RNTST]     1
[SB]     7
[SB_TRAP]     5
[TEST_DONE]     1
[UVM/RELNOTES]     1
[UVM/REPORT/CATCHER]     1
[UVMTOP]     1
[seq]     3

$finish called from file "/synopsys/tools/vcs/vcs/X-2025.06-SP2-1/vcs/X-2025.06-SP2-1/etc/uvm-1.2/base/uvm_root.svh", line 532.
$finish at simulation time                  835

---------------------------------------------------------------------------
VCS Coverage Metrics: during simulation line, cond, FSM, branch, tgl was monitored
---------------------------------------------------------------------------
           V C S   S i m u l a t i o n   R e p o r t 
Time: 835
CPU Time:      0.410 seconds;       Data structure size:   0.8Mb
Tue Aug  4 08:06:00 2026
