Command: /home/faculty1/VLSI_PRIME_2026_EvEN/Maadeash K/RISC-V(Pipelined)/run/./simv +UVM_TESTNAME=rv32i_smoke_test -cm line+cond+tgl+fsm+branch+assert -cm_name smoke -cm_dir simv.vdb -l logs/smoke.log
Chronologic VCS simulator copyright 1991-2025
Contains Synopsys proprietary information.
Compiler version X-2025.06-SP2-1_Full64; Runtime version X-2025.06-SP2-1_Full64;  Aug  4 08:05 2026
UVM_INFO /synopsys/tools/vcs/vcs/X-2025.06-SP2-1/vcs/X-2025.06-SP2-1/etc/uvm-1.2/base/uvm_root.svh(407) @ 0: reporter [UVM/RELNOTES] 
----------------------------------------------------------------
UVM-1.2.Synopsys
(C) 2007-2014 Mentor Graphics Corporation
(C) 2007-2014 Cadence Design Systems, Inc.
(C) 2006-2014 Synopsys, Inc.
(C) 2011-2013 Cypress Semiconductor Corp.
(C) 2013-2014 NVIDIA Corporation
----------------------------------------------------------------

  ***********       IMPORTANT RELEASE NOTES         ************

  You are using a version of the UVM library that has been compiled
  with `UVM_NO_DEPRECATED undefined.
  See http://www.eda.org/svdb/view.php?id=3313 for more details.

  You are using a version of the UVM library that has been compiled
  with `UVM_OBJECT_DO_NOT_NEED_CONSTRUCTOR undefined.
  See http://www.eda.org/svdb/view.php?id=3770 for more details.

      (Specify +UVM_NO_RELNOTES to turn off this notice)

UVM_INFO @ 0: reporter [RNTST] Running test rv32i_smoke_test...
UVM_INFO /synopsys/tools/vcs/vcs/X-2025.06-SP2-1/vcs/X-2025.06-SP2-1/etc/uvm-1.2/base/uvm_root.svh(594) @ 0: reporter [UVMTOP] UVM testbench topology:
------------------------------------------------------------------
Name                       Type                        Size  Value
------------------------------------------------------------------
uvm_test_top               rv32i_smoke_test            -     @348 
  env                      rv32i_env                   -     @361 
    agent                  rv32i_agent                 -     @370 
      ap_all               uvm_analysis_port           -     @613 
      ap_mem               uvm_analysis_port           -     @593 
      ap_trap              uvm_analysis_port           -     @603 
      ap_wb                uvm_analysis_port           -     @583 
      driver               rv32i_driver                -     @545 
        rsp_port           uvm_analysis_port           -     @564 
        seq_item_port      uvm_seq_item_pull_port      -     @554 
      monitor              rv32i_monitor               -     @574 
        ap_all             uvm_analysis_port           -     @654 
        ap_mem             uvm_analysis_port           -     @634 
        ap_trap            uvm_analysis_port           -     @644 
        ap_wb              uvm_analysis_port           -     @624 
      sequencer            rv32i_sequencer             -     @408 
        rsp_export         uvm_analysis_export         -     @417 
        seq_item_export    uvm_seq_item_pull_imp       -     @535 
        arbitration_queue  array                       0     -    
        lock_queue         array                       0     -    
        num_last_reqs      integral                    32    'd1  
        num_last_rsps      integral                    32    'd1  
    coverage               rv32i_coverage              -     @388 
      analysis_imp         uvm_analysis_imp            -     @397 
    scoreboard             rv32i_scoreboard            -     @379 
      mem_fifo             uvm_tlm_analysis_fifo #(T)  -     @729 
        analysis_export    uvm_analysis_imp            -     @778 
        get_ap             uvm_analysis_port           -     @768 
        get_peek_export    uvm_get_peek_imp            -     @748 
        put_ap             uvm_analysis_port           -     @758 
        put_export         uvm_put_imp                 -     @738 
      trap_fifo            uvm_tlm_analysis_fifo #(T)  -     @788 
        analysis_export    uvm_analysis_imp            -     @837 
        get_ap             uvm_analysis_port           -     @827 
        get_peek_export    uvm_get_peek_imp            -     @807 
        put_ap             uvm_analysis_port           -     @817 
        put_export         uvm_put_imp                 -     @797 
      wb_fifo              uvm_tlm_analysis_fifo #(T)  -     @670 
        analysis_export    uvm_analysis_imp            -     @719 
        get_ap             uvm_analysis_port           -     @709 
        get_peek_export    uvm_get_peek_imp            -     @689 
        put_ap             uvm_analysis_port           -     @699 
        put_export         uvm_put_imp                 -     @679 
------------------------------------------------------------------

UVM_INFO ../UVM_VIP/rv32i_sequence_lib.sv(312) @ 0: uvm_test_top.env.agent.sequencer@@seq [seq] === Smoke Sequence START ===
PIPE_DBG: t=5 ifid_v=x idex_v=x exmem_v=x memwb_v=x | idex_rd=x idex_rs1=x idex_rs2=x | exmem_rd=x exmem_rw=x | memwb_rd=x 		    memwb_rw=x | fwdA=x fwdB=x

========== CSR WRITE ==========
TIME=5
csr_we    = x
csr_cmd   = x
csr_addr  = xxx
csr_raddr = xxx
csr_wdata = xxxxxxxx
OLD VALUE = 00000000

========== CSR WRITE ==========
TIME=6
csr_we    = 0
csr_cmd   = x
csr_addr  = xxx
csr_raddr = xxx
csr_wdata = xxxxxxxx
OLD VALUE = 00000000

========== PIPE ==========
TIME=6
PC          = xxxxxxxx
IFID_VALID  = x
IFID_INSTR  = xxxxxxxx
IDEX_PC     = xxxxxxxx
EXMEM_RD    = x
MEMWB_RD    = x
WB_DATA     = xxxxxxxx
redirect    = x
flush       = x

========== CSR READ ==========
TIME=6
csr_raddr = 000
csr_rdata = 00000000
FWD_DBG: t=6 Rs1E=x Rs2E=x RdM=x RdW=0 RWM=x RWW=0 MRM=x -> A=0 B=0

========== PIPE ==========
TIME=15
PC          = 00000000
IFID_VALID  = 0
IFID_INSTR  = 00000000
IDEX_PC     = xxxxxxxx
EXMEM_RD    = x
MEMWB_RD    = 0
WB_DATA     = 00000000
redirect    = 0
flush       = 0

========== CSR WRITE ==========
TIME=15
csr_we    = 0
csr_cmd   = 0
csr_addr  = 000
csr_raddr = 000
csr_wdata = 00000000
OLD VALUE = 00000000

========== PIPE ==========
TIME=25
PC          = 00000000
IFID_VALID  = 0
IFID_INSTR  = 00000000
IDEX_PC     = xxxxxxxx
EXMEM_RD    = x
MEMWB_RD    = 0
WB_DATA     = 00000000
redirect    = 0
flush       = 0

========== CSR WRITE ==========
TIME=25
csr_we    = 0
csr_cmd   = 0
csr_addr  = 000
csr_raddr = 000
csr_wdata = 00000000
OLD VALUE = 00000000

========== PIPE ==========
TIME=35
PC          = 00000000
IFID_VALID  = 0
IFID_INSTR  = 00000000
IDEX_PC     = xxxxxxxx
EXMEM_RD    = x
MEMWB_RD    = 0
WB_DATA     = 00000000
redirect    = 0
flush       = 0

========== CSR WRITE ==========
TIME=35
csr_we    = 0
csr_cmd   = 0
csr_addr  = 000
csr_raddr = 000
csr_wdata = 00000000
OLD VALUE = 00000000

========== PIPE ==========
TIME=45
PC          = 00000000
IFID_VALID  = 0
IFID_INSTR  = 00000000
IDEX_PC     = xxxxxxxx
EXMEM_RD    = x
MEMWB_RD    = 0
WB_DATA     = 00000000
redirect    = 0
flush       = 0

========== CSR WRITE ==========
TIME=45
csr_we    = 0
csr_cmd   = 0
csr_addr  = 000
csr_raddr = 000
csr_wdata = 00000000
OLD VALUE = 00000000

========== PIPE ==========
TIME=55
PC          = 00000000
IFID_VALID  = 0
IFID_INSTR  = 00000000
IDEX_PC     = xxxxxxxx
EXMEM_RD    = x
MEMWB_RD    = 0
WB_DATA     = 00000000
redirect    = 0
flush       = 0

========== CSR WRITE ==========
TIME=55
csr_we    = 0
csr_cmd   = 0
csr_addr  = 000
csr_raddr = 000
csr_wdata = 00000000
OLD VALUE = 00000000

========== PIPE ==========
TIME=65
PC          = 00000000
IFID_VALID  = 0
IFID_INSTR  = 00000000
IDEX_PC     = xxxxxxxx
EXMEM_RD    = x
MEMWB_RD    = 0
WB_DATA     = 00000000
redirect    = 0
flush       = 0

========== CSR WRITE ==========
TIME=65
csr_we    = 0
csr_cmd   = 0
csr_addr  = 000
csr_raddr = 000
csr_wdata = 00000000
OLD VALUE = 00000000

========== PIPE ==========
TIME=75
PC          = 00000000
IFID_VALID  = 0
IFID_INSTR  = 00000000
IDEX_PC     = xxxxxxxx
EXMEM_RD    = x
MEMWB_RD    = 0
WB_DATA     = 00000000
redirect    = 0
flush       = 0

========== CSR WRITE ==========
TIME=75
csr_we    = 0
csr_cmd   = 0
csr_addr  = 000
csr_raddr = 000
csr_wdata = 00000000
OLD VALUE = 00000000
UVM_INFO ../UVM_VIP/rv32i_driver.sv(77) @ 75: uvm_test_top.env.agent.driver [DRV] Reset asserted

========== PIPE ==========
TIME=85
PC          = 00000000
IFID_VALID  = 0
IFID_INSTR  = 00000000
IDEX_PC     = xxxxxxxx
EXMEM_RD    = x
MEMWB_RD    = 0
WB_DATA     = 00000000
redirect    = 0
flush       = 0

========== CSR WRITE ==========
TIME=85
csr_we    = 0
csr_cmd   = 0
csr_addr  = 000
csr_raddr = 000
csr_wdata = 00000000
OLD VALUE = 00000000

========== PIPE ==========
TIME=95
PC          = 00000000
IFID_VALID  = 0
IFID_INSTR  = 00000000
IDEX_PC     = xxxxxxxx
EXMEM_RD    = x
MEMWB_RD    = 0
WB_DATA     = 00000000
redirect    = 0
flush       = 0

========== CSR WRITE ==========
TIME=95
csr_we    = 0
csr_cmd   = 0
csr_addr  = 000
csr_raddr = 000
csr_wdata = 00000000
OLD VALUE = 00000000

========== PIPE ==========
TIME=105
PC          = 00000000
IFID_VALID  = 0
IFID_INSTR  = 00000000
IDEX_PC     = xxxxxxxx
EXMEM_RD    = x
MEMWB_RD    = 0
WB_DATA     = 00000000
redirect    = 0
flush       = 0

========== CSR WRITE ==========
TIME=105
csr_we    = 0
csr_cmd   = 0
csr_addr  = 000
csr_raddr = 000
csr_wdata = 00000000
OLD VALUE = 00000000

========== PIPE ==========
TIME=115
PC          = 00000000
IFID_VALID  = 0
IFID_INSTR  = 00000000
IDEX_PC     = xxxxxxxx
EXMEM_RD    = x
MEMWB_RD    = 0
WB_DATA     = 00000000
redirect    = 0
flush       = 0

========== CSR WRITE ==========
TIME=115
csr_we    = 0
csr_cmd   = 0
csr_addr  = 000
csr_raddr = 000
csr_wdata = 00000000
OLD VALUE = 00000000

========== PIPE ==========
TIME=125
PC          = 00000000
IFID_VALID  = 0
IFID_INSTR  = 00000000
IDEX_PC     = xxxxxxxx
EXMEM_RD    = x
MEMWB_RD    = 0
WB_DATA     = 00000000
redirect    = 0
flush       = 0

========== CSR WRITE ==========
TIME=125
csr_we    = 0
csr_cmd   = 0
csr_addr  = 000
csr_raddr = 000
csr_wdata = 00000000
OLD VALUE = 00000000
UVM_INFO ../UVM_VIP/rv32i_driver.sv(77) @ 125: uvm_test_top.env.agent.driver [DRV] Reset asserted

========== PIPE ==========
TIME=135
PC          = 00000000
IFID_VALID  = 0
IFID_INSTR  = 00000000
IDEX_PC     = xxxxxxxx
EXMEM_RD    = x
MEMWB_RD    = 0
WB_DATA     = 00000000
redirect    = 0
flush       = 0

========== CSR WRITE ==========
TIME=135
csr_we    = 0
csr_cmd   = 0
csr_addr  = 000
csr_raddr = 000
csr_wdata = 00000000
OLD VALUE = 00000000

========== PIPE ==========
TIME=145
PC          = 00000000
IFID_VALID  = 0
IFID_INSTR  = 00000000
IDEX_PC     = xxxxxxxx
EXMEM_RD    = x
MEMWB_RD    = 0
WB_DATA     = 00000000
redirect    = 0
flush       = 0

========== CSR WRITE ==========
TIME=145
csr_we    = 0
csr_cmd   = 0
csr_addr  = 000
csr_raddr = 000
csr_wdata = 00000000
OLD VALUE = 00000000

========== PIPE ==========
TIME=155
PC          = 00000000
IFID_VALID  = 0
IFID_INSTR  = 00000000
IDEX_PC     = xxxxxxxx
EXMEM_RD    = x
MEMWB_RD    = 0
WB_DATA     = 00000000
redirect    = 0
flush       = 0

========== CSR WRITE ==========
TIME=155
csr_we    = 0
csr_cmd   = 0
csr_addr  = 000
csr_raddr = 000
csr_wdata = 00000000
OLD VALUE = 00000000

========== PIPE ==========
TIME=165
PC          = 00000000
IFID_VALID  = 0
IFID_INSTR  = 00000000
IDEX_PC     = xxxxxxxx
EXMEM_RD    = x
MEMWB_RD    = 0
WB_DATA     = 00000000
redirect    = 0
flush       = 0

========== CSR WRITE ==========
TIME=165
csr_we    = 0
csr_cmd   = 0
csr_addr  = 000
csr_raddr = 000
csr_wdata = 00000000
OLD VALUE = 00000000

========== PIPE ==========
TIME=175
PC          = 00000000
IFID_VALID  = 0
IFID_INSTR  = 00000000
IDEX_PC     = xxxxxxxx
EXMEM_RD    = x
MEMWB_RD    = 0
WB_DATA     = 00000000
redirect    = 0
flush       = 0

========== CSR WRITE ==========
TIME=175
csr_we    = 0
csr_cmd   = 0
csr_addr  = 000
csr_raddr = 000
csr_wdata = 00000000
OLD VALUE = 00000000
UVM_INFO ../UVM_VIP/rv32i_driver.sv(77) @ 175: uvm_test_top.env.agent.driver [DRV] Reset asserted

========== PIPE ==========
TIME=185
PC          = 00000000
IFID_VALID  = 0
IFID_INSTR  = 00000000
IDEX_PC     = xxxxxxxx
EXMEM_RD    = x
MEMWB_RD    = 0
WB_DATA     = 00000000
redirect    = 0
flush       = 0

========== CSR WRITE ==========
TIME=185
csr_we    = 0
csr_cmd   = 0
csr_addr  = 000
csr_raddr = 000
csr_wdata = 00000000
OLD VALUE = 00000000

========== PIPE ==========
TIME=195
PC          = 00000000
IFID_VALID  = 0
IFID_INSTR  = 00000000
IDEX_PC     = xxxxxxxx
EXMEM_RD    = x
MEMWB_RD    = 0
WB_DATA     = 00000000
redirect    = 0
flush       = 0

========== CSR WRITE ==========
TIME=195
csr_we    = 0
csr_cmd   = 0
csr_addr  = 000
csr_raddr = 000
csr_wdata = 00000000
OLD VALUE = 00000000

========== PIPE ==========
TIME=205
PC          = 00000000
IFID_VALID  = 0
IFID_INSTR  = 00000000
IDEX_PC     = xxxxxxxx
EXMEM_RD    = x
MEMWB_RD    = 0
WB_DATA     = 00000000
redirect    = 0
flush       = 0

========== CSR WRITE ==========
TIME=205
csr_we    = 0
csr_cmd   = 0
csr_addr  = 000
csr_raddr = 000
csr_wdata = 00000000
OLD VALUE = 00000000

========== PIPE ==========
TIME=215
PC          = 00000000
IFID_VALID  = 0
IFID_INSTR  = 00000000
IDEX_PC     = xxxxxxxx
EXMEM_RD    = x
MEMWB_RD    = 0
WB_DATA     = 00000000
redirect    = 0
flush       = 0

========== CSR WRITE ==========
TIME=215
csr_we    = 0
csr_cmd   = 0
csr_addr  = 000
csr_raddr = 000
csr_wdata = 00000000
OLD VALUE = 00000000

========== PIPE ==========
TIME=225
PC          = 00000000
IFID_VALID  = 0
IFID_INSTR  = 00000000
IDEX_PC     = xxxxxxxx
EXMEM_RD    = x
MEMWB_RD    = 0
WB_DATA     = 00000000
redirect    = 0
flush       = 0

========== CSR WRITE ==========
TIME=225
csr_we    = 0
csr_cmd   = 0
csr_addr  = 000
csr_raddr = 000
csr_wdata = 00000000
OLD VALUE = 00000000
UVM_INFO ../UVM_VIP/rv32i_driver.sv(77) @ 225: uvm_test_top.env.agent.driver [DRV] Reset asserted

========== PIPE ==========
TIME=235
PC          = 00000000
IFID_VALID  = 0
IFID_INSTR  = 00000000
IDEX_PC     = xxxxxxxx
EXMEM_RD    = x
MEMWB_RD    = 0
WB_DATA     = 00000000
redirect    = 0
flush       = 0

========== CSR WRITE ==========
TIME=235
csr_we    = 0
csr_cmd   = 0
csr_addr  = 000
csr_raddr = 000
csr_wdata = 00000000
OLD VALUE = 00000000

========== PIPE ==========
TIME=245
PC          = 00000000
IFID_VALID  = 0
IFID_INSTR  = 00000000
IDEX_PC     = xxxxxxxx
EXMEM_RD    = x
MEMWB_RD    = 0
WB_DATA     = 00000000
redirect    = 0
flush       = 0

========== CSR WRITE ==========
TIME=245
csr_we    = 0
csr_cmd   = 0
csr_addr  = 000
csr_raddr = 000
csr_wdata = 00000000
OLD VALUE = 00000000

========== PIPE ==========
TIME=255
PC          = 00000000
IFID_VALID  = 0
IFID_INSTR  = 00000000
IDEX_PC     = xxxxxxxx
EXMEM_RD    = x
MEMWB_RD    = 0
WB_DATA     = 00000000
redirect    = 0
flush       = 0

========== CSR WRITE ==========
TIME=255
csr_we    = 0
csr_cmd   = 0
csr_addr  = 000
csr_raddr = 000
csr_wdata = 00000000
OLD VALUE = 00000000

========== PIPE ==========
TIME=265
PC          = 00000000
IFID_VALID  = 0
IFID_INSTR  = 00000000
IDEX_PC     = xxxxxxxx
EXMEM_RD    = x
MEMWB_RD    = 0
WB_DATA     = 00000000
redirect    = 0
flush       = 0

========== CSR WRITE ==========
TIME=265
csr_we    = 0
csr_cmd   = 0
csr_addr  = 000
csr_raddr = 000
csr_wdata = 00000000
OLD VALUE = 00000000

========== PIPE ==========
TIME=275
PC          = 00000000
IFID_VALID  = 0
IFID_INSTR  = 00000000
IDEX_PC     = xxxxxxxx
EXMEM_RD    = x
MEMWB_RD    = 0
WB_DATA     = 00000000
redirect    = 0
flush       = 0

========== CSR WRITE ==========
TIME=275
csr_we    = 0
csr_cmd   = 0
csr_addr  = 000
csr_raddr = 000
csr_wdata = 00000000
OLD VALUE = 00000000
UVM_INFO ../UVM_VIP/rv32i_driver.sv(77) @ 275: uvm_test_top.env.agent.driver [DRV] Reset asserted
UVM_INFO ../UVM_VIP/rv32i_sequence_lib.sv(252) @ 275: uvm_test_top.env.agent.sequencer@@seq [seq] Reset sequence complete
UVM_INFO ../UVM_VIP/rv32i_driver.sv(83) @ 275: uvm_test_top.env.agent.driver [DRV_LOAD] Loading IMEM[0] = 0000000f
PIPE_DBG: t=285 ifid_v=0 idex_v=0 exmem_v=0 memwb_v=0 | idex_rd=x idex_rs1=x idex_rs2=x | exmem_rd=x exmem_rw=x | memwb_rd=0 		    memwb_rw=0 | fwdA=0 fwdB=0

========== CSR WRITE ==========
TIME=285
csr_we    = 0
csr_cmd   = 0
csr_addr  = 000
csr_raddr = 000
csr_wdata = 00000000
OLD VALUE = 00000000
UVM_INFO ../UVM_VIP/rv32i_driver.sv(83) @ 285: uvm_test_top.env.agent.driver [DRV_LOAD] Loading IMEM[1] = 00500093
PIPE_DBG: t=295 ifid_v=0 idex_v=0 exmem_v=0 memwb_v=0 | idex_rd=x idex_rs1=x idex_rs2=x | exmem_rd=x exmem_rw=x | memwb_rd=0 		    memwb_rw=0 | fwdA=0 fwdB=0

========== CSR WRITE ==========
TIME=295
csr_we    = 0
csr_cmd   = 0
csr_addr  = 000
csr_raddr = 000
csr_wdata = 00000000
OLD VALUE = 00000000
UVM_INFO ../UVM_VIP/rv32i_driver.sv(83) @ 295: uvm_test_top.env.agent.driver [DRV_LOAD] Loading IMEM[2] = 00700113
PIPE_DBG: t=305 ifid_v=1 idex_v=0 exmem_v=0 memwb_v=0 | idex_rd=x idex_rs1=x idex_rs2=x | exmem_rd=x exmem_rw=x | memwb_rd=0 		    memwb_rw=0 | fwdA=0 fwdB=0
========== ID/EX LOAD ==========
IFID_INSTR = 0000000f
IMM_EXT    = 00000000
IMM_SRC    = 000
OPCODE     = 0f
IDEX_CSR_READ_CAPTURE: instr=0000000f csr_rdata_now=00000000

========== CSR WRITE ==========
TIME=305
csr_we    = 0
csr_cmd   = 0
csr_addr  = 000
csr_raddr = 000
csr_wdata = 00000000
OLD VALUE = 00000000
FWD_DBG: t=305 Rs1E=0 Rs2E=0 RdM=x RdW=0 RWM=x RWW=0 MRM=x -> A=0 B=0
UVM_INFO ../UVM_VIP/rv32i_driver.sv(83) @ 305: uvm_test_top.env.agent.driver [DRV_LOAD] Loading IMEM[3] = 002081b3
PIPE_DBG: t=315 ifid_v=0 idex_v=1 exmem_v=0 memwb_v=0 | idex_rd=0 idex_rs1=0 idex_rs2=0 | exmem_rd=x exmem_rw=x | memwb_rd=0 		    memwb_rw=0 | fwdA=0 fwdB=0
EXMEM_RD        = 0
EXMEM_RESULTSRC = 0
EXMEM_CSR_READ_CAPTURE: idex_csr_read_now=00000000

========== CSR WRITE ==========
TIME=315
csr_we    = 0
csr_cmd   = 0
csr_addr  = 000
csr_raddr = 000
csr_wdata = 00000000
OLD VALUE = 00000000
FWD_DBG: t=315 Rs1E=0 Rs2E=0 RdM=0 RdW=0 RWM=0 RWW=0 MRM=0 -> A=0 B=0
UVM_INFO ../UVM_VIP/rv32i_driver.sv(83) @ 315: uvm_test_top.env.agent.driver [DRV_LOAD] Loading IMEM[4] = 00302023
PIPE_DBG: t=325 ifid_v=0 idex_v=0 exmem_v=1 memwb_v=0 | idex_rd=0 idex_rs1=0 idex_rs2=0 | exmem_rd=0 exmem_rw=0 | memwb_rd=0 		    memwb_rw=0 | fwdA=0 fwdB=0
EXMEM : rd=0 pc4=00000004 alu=00000000 resultsrc=0
MEMWB_RD        = 0
MEMWB_RESULTSRC = 0
MEMWB_WDATA     = 00000000

========== CSR WRITE ==========
TIME=325
csr_we    = 0
csr_cmd   = 0
csr_addr  = 000
csr_raddr = 000
csr_wdata = 00000000
OLD VALUE = 00000000

========== CSR READ ==========
TIME=325
csr_raddr = 005
csr_rdata = 00000000
UVM_INFO ../UVM_VIP/rv32i_driver.sv(83) @ 325: uvm_test_top.env.agent.driver [DRV_LOAD] Loading IMEM[5] = 00002203
PIPE_DBG: t=335 ifid_v=1 idex_v=0 exmem_v=0 memwb_v=1 | idex_rd=0 idex_rs1=0 idex_rs2=0 | exmem_rd=0 exmem_rw=0 | memwb_rd=0 		    memwb_rw=0 | fwdA=0 fwdB=0
WB : rd=0 wdata=00000000 resultsrc=0
====================================
TIME=335
Instruction = 00500093
IDEX_PC      = 00000000
IDEX_RV1     = 00000000
IDEX_RV2     = 00000000
IDEX_IMM     = 00000000
ALU_A        = 00000000
ALU_B        = 00000000
ALU_CTRL     = 0
ALU_RES      = 00000000
========== ID/EX LOAD ==========
IFID_INSTR = 00500093
IMM_EXT    = 00000005
IMM_SRC    = 000
OPCODE     = 13
IDEX_CSR_READ_CAPTURE: instr=00500093 csr_rdata_now=00000000

========== CSR WRITE ==========
TIME=335
csr_we    = 0
csr_cmd   = 0
csr_addr  = 000
csr_raddr = 005
csr_wdata = 00000000
OLD VALUE = 00000000
FWD_DBG: t=335 Rs1E=0 Rs2E=5 RdM=0 RdW=0 RWM=0 RWW=0 MRM=0 -> A=0 B=0
UVM_INFO ../UVM_VIP/rv32i_driver.sv(83) @ 335: uvm_test_top.env.agent.driver [DRV_LOAD] Loading IMEM[6] = 00000073
PIPE_DBG: t=345 ifid_v=0 idex_v=1 exmem_v=0 memwb_v=0 | idex_rd=1 idex_rs1=0 idex_rs2=5 | exmem_rd=0 exmem_rw=0 | memwb_rd=0 		    memwb_rw=0 | fwdA=0 fwdB=0
EXMEM_RD        = 1
EXMEM_RESULTSRC = 0
EXMEM_CSR_READ_CAPTURE: idex_csr_read_now=00000000

========== CSR WRITE ==========
TIME=345
csr_we    = 0
csr_cmd   = 0
csr_addr  = 000
csr_raddr = 005
csr_wdata = 00000000
OLD VALUE = 00000000
FWD_DBG: t=345 Rs1E=0 Rs2E=5 RdM=1 RdW=0 RWM=1 RWW=0 MRM=0 -> A=0 B=0
UVM_INFO ../UVM_VIP/rv32i_driver.sv(83) @ 345: uvm_test_top.env.agent.driver [DRV_LOAD] Loading IMEM[7] = 00000013
PIPE_DBG: t=355 ifid_v=0 idex_v=0 exmem_v=1 memwb_v=0 | idex_rd=1 idex_rs1=0 idex_rs2=5 | exmem_rd=1 exmem_rw=1 | memwb_rd=0 		    memwb_rw=0 | fwdA=0 fwdB=0
EXMEM : rd=1 pc4=00000008 alu=00000005 resultsrc=0
MEMWB_RD        = 1
MEMWB_RESULTSRC = 0
MEMWB_WDATA     = 00000000

========== CSR WRITE ==========
TIME=355
csr_we    = 0
csr_cmd   = 0
csr_addr  = 000
csr_raddr = 005
csr_wdata = 00000000
OLD VALUE = 00000000

========== CSR READ ==========
TIME=355
csr_raddr = 007
csr_rdata = 00000000
FWD_DBG: t=355 Rs1E=0 Rs2E=5 RdM=1 RdW=1 RWM=1 RWW=1 MRM=0 -> A=0 B=0
UVM_INFO ../UVM_VIP/rv32i_driver.sv(83) @ 355: uvm_test_top.env.agent.driver [DRV_LOAD] Loading IMEM[8] = 00000013
PIPE_DBG: t=365 ifid_v=1 idex_v=0 exmem_v=0 memwb_v=1 | idex_rd=1 idex_rs1=0 idex_rs2=5 | exmem_rd=1 exmem_rw=1 | memwb_rd=1 		    memwb_rw=1 | fwdA=0 fwdB=0
WB : rd=1 wdata=00000005 resultsrc=0
====================================
TIME=365
Instruction = 00700113
IDEX_PC      = 00000004
IDEX_RV1     = 00000000
IDEX_RV2     = 00000000
IDEX_IMM     = 00000005
ALU_A        = 00000000
ALU_B        = 00000005
ALU_CTRL     = 0
ALU_RES      = 00000005
========== ID/EX LOAD ==========
IFID_INSTR = 00700113
IMM_EXT    = 00000007
IMM_SRC    = 000
OPCODE     = 13
IDEX_CSR_READ_CAPTURE: instr=00700113 csr_rdata_now=00000000

========== CSR WRITE ==========
TIME=365
csr_we    = 0
csr_cmd   = 0
csr_addr  = 005
csr_raddr = 007
csr_wdata = 00000000
OLD VALUE = 00000000
FWD_DBG: t=365 Rs1E=0 Rs2E=7 RdM=1 RdW=1 RWM=1 RWW=1 MRM=0 -> A=0 B=0
UVM_INFO ../UVM_VIP/rv32i_scoreboard.sv(154) @ 365: uvm_test_top.env.scoreboard [SB_WB] [cyc=37] PASS: x1=0x00000005 (ADDI x1=5)
UVM_INFO ../UVM_VIP/rv32i_driver.sv(83) @ 365: uvm_test_top.env.agent.driver [DRV_LOAD] Loading IMEM[9] = 00000013
PIPE_DBG: t=375 ifid_v=0 idex_v=1 exmem_v=0 memwb_v=0 | idex_rd=2 idex_rs1=0 idex_rs2=7 | exmem_rd=1 exmem_rw=1 | memwb_rd=1 		    memwb_rw=1 | fwdA=0 fwdB=0
EXMEM_RD        = 2
EXMEM_RESULTSRC = 0
EXMEM_CSR_READ_CAPTURE: idex_csr_read_now=00000000

========== CSR WRITE ==========
TIME=375
csr_we    = 0
csr_cmd   = 0
csr_addr  = 005
csr_raddr = 007
csr_wdata = 00000000
OLD VALUE = 00000000
FWD_DBG: t=375 Rs1E=0 Rs2E=7 RdM=2 RdW=1 RWM=1 RWW=1 MRM=0 -> A=0 B=0
UVM_INFO ../UVM_VIP/rv32i_driver.sv(83) @ 375: uvm_test_top.env.agent.driver [DRV_LOAD] Loading IMEM[63] = 00000013
PIPE_DBG: t=385 ifid_v=0 idex_v=0 exmem_v=1 memwb_v=0 | idex_rd=2 idex_rs1=0 idex_rs2=7 | exmem_rd=2 exmem_rw=1 | memwb_rd=1 		    memwb_rw=1 | fwdA=0 fwdB=0
EXMEM : rd=2 pc4=0000000c alu=00000007 resultsrc=0
MEMWB_RD        = 2
MEMWB_RESULTSRC = 0
MEMWB_WDATA     = 00000005

========== CSR WRITE ==========
TIME=385
csr_we    = 0
csr_cmd   = 0
csr_addr  = 005
csr_raddr = 007
csr_wdata = 00000000
OLD VALUE = 00000000

========== CSR READ ==========
TIME=385
csr_raddr = 002
csr_rdata = 00000000
FWD_DBG: t=385 Rs1E=0 Rs2E=7 RdM=2 RdW=2 RWM=1 RWW=1 MRM=0 -> A=0 B=0
UVM_INFO ../UVM_VIP/rv32i_driver.sv(83) @ 385: uvm_test_top.env.agent.driver [DRV_LOAD] Loading IMEM[63] = 00000013
PIPE_DBG: t=395 ifid_v=1 idex_v=0 exmem_v=0 memwb_v=1 | idex_rd=2 idex_rs1=0 idex_rs2=7 | exmem_rd=2 exmem_rw=1 | memwb_rd=2 		    memwb_rw=1 | fwdA=0 fwdB=0
WB : rd=2 wdata=00000007 resultsrc=0
====================================
TIME=395
Instruction = 002081b3
IDEX_PC      = 00000008
IDEX_RV1     = 00000000
IDEX_RV2     = 00000000
IDEX_IMM     = 00000007
ALU_A        = 00000000
ALU_B        = 00000007
ALU_CTRL     = 0
ALU_RES      = 00000007
========== ID/EX LOAD ==========
IFID_INSTR = 002081b3
IMM_EXT    = 00000002
IMM_SRC    = 000
OPCODE     = 33
IDEX_CSR_READ_CAPTURE: instr=002081b3 csr_rdata_now=00000000

========== CSR WRITE ==========
TIME=395
csr_we    = 0
csr_cmd   = 0
csr_addr  = 007
csr_raddr = 002
csr_wdata = 00000000
OLD VALUE = 00000000
FWD_DBG: t=395 Rs1E=1 Rs2E=2 RdM=2 RdW=2 RWM=1 RWW=1 MRM=0 -> A=0 B=2
UVM_INFO ../UVM_VIP/rv32i_scoreboard.sv(154) @ 395: uvm_test_top.env.scoreboard [SB_WB] [cyc=40] PASS: x2=0x00000007 (ADDI x2=7)
UVM_INFO ../UVM_VIP/rv32i_driver.sv(83) @ 395: uvm_test_top.env.agent.driver [DRV_LOAD] Loading IMEM[63] = 00000013
PIPE_DBG: t=405 ifid_v=0 idex_v=1 exmem_v=0 memwb_v=0 | idex_rd=3 idex_rs1=1 idex_rs2=2 | exmem_rd=2 exmem_rw=1 | memwb_rd=2 		    memwb_rw=1 | fwdA=0 fwdB=2
EXMEM_RD        = 3
EXMEM_RESULTSRC = 0
EXMEM_CSR_READ_CAPTURE: idex_csr_read_now=00000000

========== CSR WRITE ==========
TIME=405
csr_we    = 0
csr_cmd   = 0
csr_addr  = 007
csr_raddr = 002
csr_wdata = 00000000
OLD VALUE = 00000000
FWD_DBG: t=405 Rs1E=1 Rs2E=2 RdM=3 RdW=2 RWM=1 RWW=1 MRM=0 -> A=0 B=1
UVM_INFO ../UVM_VIP/rv32i_driver.sv(83) @ 405: uvm_test_top.env.agent.driver [DRV_LOAD] Loading IMEM[63] = 00000013
PIPE_DBG: t=415 ifid_v=0 idex_v=0 exmem_v=1 memwb_v=0 | idex_rd=3 idex_rs1=1 idex_rs2=2 | exmem_rd=3 exmem_rw=1 | memwb_rd=2 		    memwb_rw=1 | fwdA=0 fwdB=1
EXMEM : rd=3 pc4=00000010 alu=0000000c resultsrc=0
MEMWB_RD        = 3
MEMWB_RESULTSRC = 0
MEMWB_WDATA     = 00000007

========== CSR WRITE ==========
TIME=415
csr_we    = 0
csr_cmd   = 0
csr_addr  = 007
csr_raddr = 002
csr_wdata = 00000000
OLD VALUE = 00000000

========== CSR READ ==========
TIME=415
csr_raddr = 003
csr_rdata = 00000000
FWD_DBG: t=415 Rs1E=1 Rs2E=2 RdM=3 RdW=3 RWM=1 RWW=1 MRM=0 -> A=0 B=0
UVM_INFO ../UVM_VIP/rv32i_driver.sv(83) @ 415: uvm_test_top.env.agent.driver [DRV_LOAD] Loading IMEM[63] = 00000013
PIPE_DBG: t=425 ifid_v=1 idex_v=0 exmem_v=0 memwb_v=1 | idex_rd=3 idex_rs1=1 idex_rs2=2 | exmem_rd=3 exmem_rw=1 | memwb_rd=3 		    memwb_rw=1 | fwdA=0 fwdB=0
WB : rd=3 wdata=0000000c resultsrc=0
====================================
TIME=425
Instruction = 00302023
IDEX_PC      = 0000000c
IDEX_RV1     = 00000005
IDEX_RV2     = 00000000
IDEX_IMM     = 00000002
ALU_A        = 00000005
ALU_B        = 00000000
ALU_CTRL     = 0
ALU_RES      = 00000005
========== ID/EX LOAD ==========
IFID_INSTR = 00302023
IMM_EXT    = 00000000
IMM_SRC    = 001
OPCODE     = 23
IDEX_CSR_READ_CAPTURE: instr=00302023 csr_rdata_now=00000000

========== CSR WRITE ==========
TIME=425
csr_we    = 0
csr_cmd   = 0
csr_addr  = 002
csr_raddr = 003
csr_wdata = 00000005
OLD VALUE = 00000000
FWD_DBG: t=425 Rs1E=0 Rs2E=3 RdM=3 RdW=3 RWM=1 RWW=1 MRM=0 -> A=0 B=2
UVM_INFO ../UVM_VIP/rv32i_scoreboard.sv(154) @ 425: uvm_test_top.env.scoreboard [SB_WB] [cyc=43] PASS: x3=0x0000000c (ADD x3=12)
UVM_INFO ../UVM_VIP/rv32i_driver.sv(83) @ 425: uvm_test_top.env.agent.driver [DRV_LOAD] Loading IMEM[63] = 00000013
PIPE_DBG: t=435 ifid_v=0 idex_v=1 exmem_v=0 memwb_v=0 | idex_rd=0 idex_rs1=0 idex_rs2=3 | exmem_rd=3 exmem_rw=1 | memwb_rd=3 		    memwb_rw=1 | fwdA=0 fwdB=2
EXMEM_RD        = 0
EXMEM_RESULTSRC = 0
EXMEM_CSR_READ_CAPTURE: idex_csr_read_now=00000000

========== CSR WRITE ==========
TIME=435
csr_we    = 0
csr_cmd   = 0
csr_addr  = 002
csr_raddr = 003
csr_wdata = 00000005
OLD VALUE = 00000000
FWD_DBG: t=435 Rs1E=0 Rs2E=3 RdM=0 RdW=3 RWM=0 RWW=1 MRM=0 -> A=0 B=1
UVM_INFO ../UVM_VIP/rv32i_driver.sv(83) @ 435: uvm_test_top.env.agent.driver [DRV_LOAD] Loading IMEM[63] = 00000013
PIPE_DBG: t=445 ifid_v=0 idex_v=0 exmem_v=1 memwb_v=0 | idex_rd=0 idex_rs1=0 idex_rs2=3 | exmem_rd=0 exmem_rw=0 | memwb_rd=3 		    memwb_rw=1 | fwdA=0 fwdB=1

========== CSR WRITE ==========
TIME=445
csr_we    = 0
csr_cmd   = 0
csr_addr  = 002
csr_raddr = 003
csr_wdata = 00000005
OLD VALUE = 00000000

========== CSR READ ==========
TIME=445
csr_raddr = 000
csr_rdata = 00000000
UVM_INFO ../UVM_VIP/rv32i_driver.sv(83) @ 445: uvm_test_top.env.agent.driver [DRV_LOAD] Loading IMEM[63] = 00000013
PIPE_DBG: t=455 ifid_v=1 idex_v=0 exmem_v=1 memwb_v=0 | idex_rd=0 idex_rs1=0 idex_rs2=3 | exmem_rd=0 exmem_rw=0 | memwb_rd=3 		    memwb_rw=1 | fwdA=0 fwdB=1

========== CSR WRITE ==========
TIME=455
csr_we    = 0
csr_cmd   = 0
csr_addr  = 002
csr_raddr = 000
csr_wdata = 00000005
OLD VALUE = 00000000
FWD_DBG: t=455 Rs1E=0 Rs2E=3 RdM=0 RdW=0 RWM=0 RWW=0 MRM=0 -> A=0 B=0
UVM_INFO ../UVM_VIP/rv32i_driver.sv(83) @ 455: uvm_test_top.env.agent.driver [DRV_LOAD] Loading IMEM[63] = 00000013
PIPE_DBG: t=465 ifid_v=1 idex_v=0 exmem_v=0 memwb_v=1 | idex_rd=0 idex_rs1=0 idex_rs2=3 | exmem_rd=0 exmem_rw=0 | memwb_rd=0 		    memwb_rw=0 | fwdA=0 fwdB=0
WB : rd=0 wdata=00000000 resultsrc=0
====================================
TIME=465
Instruction = 00002203
IDEX_PC      = 00000010
IDEX_RV1     = 00000000
IDEX_RV2     = 00000000
IDEX_IMM     = 00000000
ALU_A        = 00000000
ALU_B        = 00000000
ALU_CTRL     = 0
ALU_RES      = 00000000
========== ID/EX LOAD ==========
IFID_INSTR = 00002203
IMM_EXT    = 00000000
IMM_SRC    = 000
OPCODE     = 03
IDEX_CSR_READ_CAPTURE: instr=00002203 csr_rdata_now=00000000

========== CSR WRITE ==========
TIME=465
csr_we    = 0
csr_cmd   = 0
csr_addr  = 003
csr_raddr = 000
csr_wdata = 00000000
OLD VALUE = 00000000
FWD_DBG: t=465 Rs1E=0 Rs2E=0 RdM=0 RdW=0 RWM=0 RWW=0 MRM=0 -> A=0 B=0
UVM_INFO ../UVM_VIP/rv32i_driver.sv(83) @ 465: uvm_test_top.env.agent.driver [DRV_LOAD] Loading IMEM[63] = 00000013
PIPE_DBG: t=475 ifid_v=0 idex_v=1 exmem_v=0 memwb_v=0 | idex_rd=4 idex_rs1=0 idex_rs2=0 | exmem_rd=0 exmem_rw=0 | memwb_rd=0 		    memwb_rw=0 | fwdA=0 fwdB=0
EXMEM_RD        = 4
EXMEM_RESULTSRC = 1
EXMEM_CSR_READ_CAPTURE: idex_csr_read_now=00000000

========== CSR WRITE ==========
TIME=475
csr_we    = 0
csr_cmd   = 0
csr_addr  = 003
csr_raddr = 000
csr_wdata = 00000000
OLD VALUE = 00000000
FWD_DBG: t=475 Rs1E=0 Rs2E=0 RdM=4 RdW=0 RWM=1 RWW=0 MRM=1 -> A=0 B=0
UVM_INFO ../UVM_VIP/rv32i_driver.sv(83) @ 475: uvm_test_top.env.agent.driver [DRV_LOAD] Loading IMEM[63] = 00000013
PIPE_DBG: t=485 ifid_v=0 idex_v=0 exmem_v=1 memwb_v=0 | idex_rd=4 idex_rs1=0 idex_rs2=0 | exmem_rd=4 exmem_rw=1 | memwb_rd=0 		    memwb_rw=0 | fwdA=0 fwdB=0

========== CSR WRITE ==========
TIME=485
csr_we    = 0
csr_cmd   = 0
csr_addr  = 003
csr_raddr = 000
csr_wdata = 00000000
OLD VALUE = 00000000
UVM_INFO ../UVM_VIP/rv32i_driver.sv(83) @ 485: uvm_test_top.env.agent.driver [DRV_LOAD] Loading IMEM[63] = 00000013
PIPE_DBG: t=495 ifid_v=1 idex_v=0 exmem_v=1 memwb_v=0 | idex_rd=4 idex_rs1=0 idex_rs2=0 | exmem_rd=4 exmem_rw=1 | memwb_rd=0 		    memwb_rw=0 | fwdA=0 fwdB=0

========== CSR WRITE ==========
TIME=495
csr_we    = 0
csr_cmd   = 0
csr_addr  = 003
csr_raddr = 000
csr_wdata = 00000000
OLD VALUE = 00000000
FWD_DBG: t=495 Rs1E=0 Rs2E=0 RdM=4 RdW=4 RWM=1 RWW=1 MRM=1 -> A=0 B=0
UVM_INFO ../UVM_VIP/rv32i_driver.sv(83) @ 495: uvm_test_top.env.agent.driver [DRV_LOAD] Loading IMEM[63] = 00000013
PIPE_DBG: t=505 ifid_v=1 idex_v=0 exmem_v=0 memwb_v=1 | idex_rd=4 idex_rs1=0 idex_rs2=0 | exmem_rd=4 exmem_rw=1 | memwb_rd=4 		    memwb_rw=1 | fwdA=0 fwdB=0
WB : rd=4 wdata=0000000c resultsrc=1
====================================
TIME=505
Instruction = 00000073
IDEX_PC      = 00000014
IDEX_RV1     = 00000000
IDEX_RV2     = 00000000
IDEX_IMM     = 00000000
ALU_A        = 00000000
ALU_B        = 00000000
ALU_CTRL     = 0
ALU_RES      = 00000000
========== ID/EX LOAD ==========
IFID_INSTR = 00000073
IMM_EXT    = 00000000
IMM_SRC    = 000
OPCODE     = 73
IDEX_CSR_READ_CAPTURE: instr=00000073 csr_rdata_now=00000000

========== CSR WRITE ==========
TIME=505
csr_we    = 0
csr_cmd   = 0
csr_addr  = 000
csr_raddr = 000
csr_wdata = 00000000
OLD VALUE = 00000000
UVM_INFO ../UVM_VIP/rv32i_scoreboard.sv(154) @ 505: uvm_test_top.env.scoreboard [SB_WB] [cyc=51] PASS: x4=0x0000000c (LW x4=12)
UVM_INFO ../UVM_VIP/rv32i_driver.sv(83) @ 505: uvm_test_top.env.agent.driver [DRV_LOAD] Loading IMEM[63] = 00000013
PIPE_DBG: t=515 ifid_v=0 idex_v=1 exmem_v=0 memwb_v=0 | idex_rd=0 idex_rs1=0 idex_rs2=0 | exmem_rd=4 exmem_rw=1 | memwb_rd=4 		    memwb_rw=1 | fwdA=0 fwdB=0
EXMEM_RD        = 0
EXMEM_RESULTSRC = 0
EXMEM_CSR_READ_CAPTURE: idex_csr_read_now=00000000

========== CSR WRITE ==========
TIME=515
csr_we    = 0
csr_cmd   = 0
csr_addr  = 000
csr_raddr = 000
csr_wdata = 00000000
OLD VALUE = 00000000
FWD_DBG: t=515 Rs1E=0 Rs2E=0 RdM=0 RdW=4 RWM=0 RWW=1 MRM=0 -> A=0 B=0

========== CSR READ ==========
TIME=515
csr_raddr = 000
csr_rdata = 00000000
UVM_INFO ../UVM_VIP/rv32i_monitor.sv(183) @ 515: uvm_test_top.env.agent.monitor [MON] [52] TRAP: cause=0x0000000b
UVM_INFO ../UVM_VIP/rv32i_scoreboard.sv(199) @ 515: uvm_test_top.env.scoreboard [SB_TRAP] Trap detected: cause=0x0000000b
UVM_INFO ../UVM_VIP/rv32i_driver.sv(83) @ 515: uvm_test_top.env.agent.driver [DRV_LOAD] Loading IMEM[63] = 00000013
PIPE_DBG: t=525 ifid_v=0 idex_v=0 exmem_v=1 memwb_v=0 | idex_rd=0 idex_rs1=0 idex_rs2=0 | exmem_rd=0 exmem_rw=0 | memwb_rd=4 		    memwb_rw=1 | fwdA=0 fwdB=0
EXMEM : rd=0 pc4=0000001c alu=00000000 resultsrc=0
MEMWB_RD        = 0
MEMWB_RESULTSRC = 0
MEMWB_WDATA     = 0000000c

========== CSR WRITE ==========
TIME=525
csr_we    = 0
csr_cmd   = 0
csr_addr  = 000
csr_raddr = 000
csr_wdata = 00000000
OLD VALUE = 00000000
FWD_DBG: t=525 Rs1E=0 Rs2E=0 RdM=0 RdW=0 RWM=0 RWW=0 MRM=0 -> A=0 B=0
UVM_INFO ../UVM_VIP/rv32i_driver.sv(83) @ 525: uvm_test_top.env.agent.driver [DRV_LOAD] Loading IMEM[63] = 00000013
PIPE_DBG: t=535 ifid_v=0 idex_v=0 exmem_v=0 memwb_v=1 | idex_rd=0 idex_rs1=0 idex_rs2=0 | exmem_rd=0 exmem_rw=0 | memwb_rd=0 		    memwb_rw=0 | fwdA=0 fwdB=0
WB : rd=0 wdata=00000000 resultsrc=0
====================================
TIME=535
Instruction = 00000073
IDEX_PC      = 00000018
IDEX_RV1     = 00000000
IDEX_RV2     = 00000000
IDEX_IMM     = 00000000
ALU_A        = 00000000
ALU_B        = 00000000
ALU_CTRL     = 0
ALU_RES      = 00000000

========== CSR WRITE ==========
TIME=535
csr_we    = 0
csr_cmd   = 0
csr_addr  = 000
csr_raddr = 000
csr_wdata = 00000000
OLD VALUE = 00000000
UVM_INFO ../UVM_VIP/rv32i_driver.sv(83) @ 535: uvm_test_top.env.agent.driver [DRV_LOAD] Loading IMEM[63] = 00000013
PIPE_DBG: t=545 ifid_v=1 idex_v=0 exmem_v=0 memwb_v=0 | idex_rd=0 idex_rs1=0 idex_rs2=0 | exmem_rd=0 exmem_rw=0 | memwb_rd=0 		    memwb_rw=0 | fwdA=0 fwdB=0
========== ID/EX LOAD ==========
IFID_INSTR = 0000000f
IMM_EXT    = 00000000
IMM_SRC    = 000
OPCODE     = 0f
IDEX_CSR_READ_CAPTURE: instr=0000000f csr_rdata_now=00000000

========== CSR WRITE ==========
TIME=545
csr_we    = 0
csr_cmd   = 0
csr_addr  = 000
csr_raddr = 000
csr_wdata = 00000000
OLD VALUE = 00000000
UVM_INFO ../UVM_VIP/rv32i_driver.sv(83) @ 545: uvm_test_top.env.agent.driver [DRV_LOAD] Loading IMEM[63] = 00000013
PIPE_DBG: t=555 ifid_v=0 idex_v=1 exmem_v=0 memwb_v=0 | idex_rd=0 idex_rs1=0 idex_rs2=0 | exmem_rd=0 exmem_rw=0 | memwb_rd=0 		    memwb_rw=0 | fwdA=0 fwdB=0
EXMEM_RD        = 0
EXMEM_RESULTSRC = 0
EXMEM_CSR_READ_CAPTURE: idex_csr_read_now=00000000

========== CSR WRITE ==========
TIME=555
csr_we    = 0
csr_cmd   = 0
csr_addr  = 000
csr_raddr = 000
csr_wdata = 00000000
OLD VALUE = 00000000
UVM_INFO ../UVM_VIP/rv32i_driver.sv(83) @ 555: uvm_test_top.env.agent.driver [DRV_LOAD] Loading IMEM[63] = 00000013
PIPE_DBG: t=565 ifid_v=0 idex_v=0 exmem_v=1 memwb_v=0 | idex_rd=0 idex_rs1=0 idex_rs2=0 | exmem_rd=0 exmem_rw=0 | memwb_rd=0 		    memwb_rw=0 | fwdA=0 fwdB=0
EXMEM : rd=0 pc4=00000004 alu=00000000 resultsrc=0
MEMWB_RD        = 0
MEMWB_RESULTSRC = 0
MEMWB_WDATA     = 00000000

========== CSR WRITE ==========
TIME=565
csr_we    = 0
csr_cmd   = 0
csr_addr  = 000
csr_raddr = 000
csr_wdata = 00000000
OLD VALUE = 00000000

========== CSR READ ==========
TIME=565
csr_raddr = 005
csr_rdata = 00000000
UVM_INFO ../UVM_VIP/rv32i_driver.sv(83) @ 565: uvm_test_top.env.agent.driver [DRV_LOAD] Loading IMEM[63] = 00000013
PIPE_DBG: t=575 ifid_v=1 idex_v=0 exmem_v=0 memwb_v=1 | idex_rd=0 idex_rs1=0 idex_rs2=0 | exmem_rd=0 exmem_rw=0 | memwb_rd=0 		    memwb_rw=0 | fwdA=0 fwdB=0
WB : rd=0 wdata=00000000 resultsrc=0
====================================
TIME=575
Instruction = 00500093
IDEX_PC      = 00000000
IDEX_RV1     = 00000000
IDEX_RV2     = 00000000
IDEX_IMM     = 00000000
ALU_A        = 00000000
ALU_B        = 00000000
ALU_CTRL     = 0
ALU_RES      = 00000000
========== ID/EX LOAD ==========
IFID_INSTR = 00500093
IMM_EXT    = 00000005
IMM_SRC    = 000
OPCODE     = 13
IDEX_CSR_READ_CAPTURE: instr=00500093 csr_rdata_now=00000000

========== CSR WRITE ==========
TIME=575
csr_we    = 0
csr_cmd   = 0
csr_addr  = 000
csr_raddr = 005
csr_wdata = 00000000
OLD VALUE = 00000000
FWD_DBG: t=575 Rs1E=0 Rs2E=5 RdM=0 RdW=0 RWM=0 RWW=0 MRM=0 -> A=0 B=0
UVM_INFO ../UVM_VIP/rv32i_sequence_lib.sv(325) @ 575: uvm_test_top.env.agent.sequencer@@seq [seq] === Smoke Sequence DONE ===
UVM_INFO /synopsys/tools/vcs/vcs/X-2025.06-SP2-1/vcs/X-2025.06-SP2-1/etc/uvm-1.2/base/uvm_objection.svh(1276) @ 575: reporter [TEST_DONE] 'run' phase is ready to proceed to the 'extract' phase
UVM_INFO ../UVM_VIP/rv32i_coverage.sv(314) @ 575: uvm_test_top.env.coverage [COV] ============= COVERAGE SUMMARY =============
UVM_INFO ../UVM_VIP/rv32i_coverage.sv(315) @ 575: uvm_test_top.env.coverage [COV] Opcode        : 54.5%
UVM_INFO ../UVM_VIP/rv32i_coverage.sv(316) @ 575: uvm_test_top.env.coverage [COV] ALU Control   : 9.1%
UVM_INFO ../UVM_VIP/rv32i_coverage.sv(317) @ 575: uvm_test_top.env.coverage [COV] Branch×Taken  : 16.7%
UVM_INFO ../UVM_VIP/rv32i_coverage.sv(318) @ 575: uvm_test_top.env.coverage [COV] Forwarding    : 56.9%
UVM_INFO ../UVM_VIP/rv32i_coverage.sv(319) @ 575: uvm_test_top.env.coverage [COV] WB Source     : 50.0%
UVM_INFO ../UVM_VIP/rv32i_coverage.sv(320) @ 575: uvm_test_top.env.coverage [COV] Trap Cause    : 14.3%
UVM_INFO ../UVM_VIP/rv32i_coverage.sv(321) @ 575: uvm_test_top.env.coverage [COV] Load Width    : 20.0%
UVM_INFO ../UVM_VIP/rv32i_coverage.sv(322) @ 575: uvm_test_top.env.coverage [COV] Store Width   : 33.3%
UVM_INFO ../UVM_VIP/rv32i_coverage.sv(323) @ 575: uvm_test_top.env.coverage [COV] Mem Alignment : 25.0%
UVM_INFO ../UVM_VIP/rv32i_coverage.sv(324) @ 575: uvm_test_top.env.coverage [COV] Reg Addresses : 12.5%
UVM_INFO ../UVM_VIP/rv32i_coverage.sv(325) @ 575: uvm_test_top.env.coverage [COV] R-type f3     : 12.5%
UVM_INFO ../UVM_VIP/rv32i_coverage.sv(326) @ 575: uvm_test_top.env.coverage [COV] I-type f3     : 12.5%
UVM_INFO ../UVM_VIP/rv32i_coverage.sv(327) @ 575: uvm_test_top.env.coverage [COV] Control Flow  : 33.3%
UVM_INFO ../UVM_VIP/rv32i_coverage.sv(328) @ 575: uvm_test_top.env.coverage [COV] ============================================
UVM_INFO ../UVM_VIP/rv32i_scoreboard.sv(277) @ 575: uvm_test_top.env.scoreboard [SB] ============================================
UVM_INFO ../UVM_VIP/rv32i_scoreboard.sv(278) @ 575: uvm_test_top.env.scoreboard [SB] WB  checks: 4
UVM_INFO ../UVM_VIP/rv32i_scoreboard.sv(279) @ 575: uvm_test_top.env.scoreboard [SB] MEM checks: 4
UVM_INFO ../UVM_VIP/rv32i_scoreboard.sv(280) @ 575: uvm_test_top.env.scoreboard [SB] TRP checks: 1
UVM_INFO ../UVM_VIP/rv32i_scoreboard.sv(281) @ 575: uvm_test_top.env.scoreboard [SB] PASS: 7  FAIL: 0
UVM_INFO ../UVM_VIP/rv32i_scoreboard.sv(283) @ 575: uvm_test_top.env.scoreboard [SB] *** ALL CHECKS PASSED ***
UVM_INFO ../UVM_VIP/rv32i_scoreboard.sv(286) @ 575: uvm_test_top.env.scoreboard [SB] ============================================
UVM_INFO /synopsys/tools/vcs/vcs/X-2025.06-SP2-1/vcs/X-2025.06-SP2-1/etc/uvm-1.2/base/uvm_report_catcher.svh(705) @ 575: reporter [UVM/REPORT/CATCHER] 
--- UVM Report catcher Summary ---


Number of demoted UVM_FATAL reports  :    0
Number of demoted UVM_ERROR reports  :    0
Number of demoted UVM_WARNING reports:    0
Number of caught UVM_FATAL reports   :    0
Number of caught UVM_ERROR reports   :    0
Number of caught UVM_WARNING reports :    0

UVM_INFO /synopsys/tools/vcs/vcs/X-2025.06-SP2-1/vcs/X-2025.06-SP2-1/etc/uvm-1.2/base/uvm_report_server.svh(904) @ 575: reporter [UVM/REPORT/SERVER] 
--- UVM Report Summary ---

** Report counts by severity
UVM_INFO :   71
UVM_WARNING :    0
UVM_ERROR :    0
UVM_FATAL :    0
** Report counts by id
[COV]    15
[DRV]     5
[DRV_LOAD]    30
[MON]     1
[RNTST]     1
[SB]     7
[SB_TRAP]     1
[SB_WB]     4
[TEST_DONE]     1
[UVM/RELNOTES]     1
[UVM/REPORT/CATCHER]     1
[UVMTOP]     1
[seq]     3

$finish called from file "/synopsys/tools/vcs/vcs/X-2025.06-SP2-1/vcs/X-2025.06-SP2-1/etc/uvm-1.2/base/uvm_root.svh", line 532.
$finish at simulation time                  575

---------------------------------------------------------------------------
VCS Coverage Metrics: during simulation line, cond, FSM, branch, tgl was monitored
---------------------------------------------------------------------------
           V C S   S i m u l a t i o n   R e p o r t 
Time: 575
CPU Time:      0.380 seconds;       Data structure size:   0.8Mb
Tue Aug  4 08:05:36 2026
